Component: ARM Compiler 5.06 update 7 (build 960) Tool: armlink [4d3601]

==============================================================================

Section Cross References

    bsp_adc.o(i.ADC_Cfg_Init) refers to stm32f4xx_rcc.o(i.RCC_APB2PeriphClockCmd) for RCC_APB2PeriphClockCmd
    bsp_adc.o(i.ADC_Cfg_Init) refers to stm32f4xx_rcc.o(i.RCC_AHB1PeriphClockCmd) for RCC_AHB1PeriphClockCmd
    bsp_adc.o(i.ADC_Cfg_Init) refers to stm32f4xx_gpio.o(i.GPIO_Init) for GPIO_Init
    bsp_adc.o(i.ADC_Cfg_Init) refers to bsp_adc.o(i.ADC_DMA_Cfg_Init) for ADC_DMA_Cfg_Init
    bsp_adc.o(i.ADC_Cfg_Init) refers to stm32f4xx_rcc.o(i.RCC_APB2PeriphResetCmd) for RCC_APB2PeriphResetCmd
    bsp_adc.o(i.ADC_Cfg_Init) refers to stm32f4xx_adc.o(i.ADC_CommonInit) for ADC_CommonInit
    bsp_adc.o(i.ADC_Cfg_Init) refers to stm32f4xx_adc.o(i.ADC_Init) for ADC_Init
    bsp_adc.o(i.ADC_Cfg_Init) refers to stm32f4xx_adc.o(i.ADC_Cmd) for ADC_Cmd
    bsp_adc.o(i.ADC_Cfg_Init) refers to stm32f4xx_adc.o(i.ADC_RegularChannelConfig) for ADC_RegularChannelConfig
    bsp_adc.o(i.ADC_Cfg_Init) refers to stm32f4xx_adc.o(i.ADC_SoftwareStartConv) for ADC_SoftwareStartConv
    bsp_adc.o(i.ADC_Cfg_Init) refers to stm32f4xx_adc.o(i.ADC_DMARequestAfterLastTransferCmd) for ADC_DMARequestAfterLastTransferCmd
    bsp_adc.o(i.ADC_Cfg_Init) refers to stm32f4xx_adc.o(i.ADC_DMACmd) for ADC_DMACmd
    bsp_adc.o(i.ADC_DMA_Cfg_Init) refers to stm32f4xx_rcc.o(i.RCC_AHB1PeriphClockCmd) for RCC_AHB1PeriphClockCmd
    bsp_adc.o(i.ADC_DMA_Cfg_Init) refers to stm32f4xx_dma.o(i.DMA_GetCmdStatus) for DMA_GetCmdStatus
    bsp_adc.o(i.ADC_DMA_Cfg_Init) refers to stm32f4xx_dma.o(i.DMA_Init) for DMA_Init
    bsp_adc.o(i.ADC_DMA_Cfg_Init) refers to stm32f4xx_dma.o(i.DMA_Cmd) for DMA_Cmd
    bsp_adc.o(i.ADC_DMA_Cfg_Init) refers to stm32f4xx_dma.o(i.DMA_ClearFlag) for DMA_ClearFlag
    bsp_adc.o(i.ADC_DMA_Cfg_Init) refers to stm32f4xx_dma.o(i.DMA_ITConfig) for DMA_ITConfig
    bsp_adc.o(i.ADC_DMA_Cfg_Init) refers to bsp_adc.o(.bss) for .bss
    bsp_adc.o(i.DMA2_Stream0_IRQHandler) refers to stm32f4xx_dma.o(i.DMA_GetITStatus) for DMA_GetITStatus
    bsp_adc.o(i.DMA2_Stream0_IRQHandler) refers to stm32f4xx_dma.o(i.DMA_ClearITPendingBit) for DMA_ClearITPendingBit
    bsp_adc.o(i.DMA2_Stream0_IRQHandler) refers to bsp_adc.o(i.filter) for filter
    bsp_adc.o(i.filter) refers to bsp_adc.o(.bss) for .bss
    bsp_adc.o(i.filter) refers to bsp_adc.o(.data) for .data
    bsp_cap.o(i.TIM_ICP_Cfg_Init) refers to stm32f4xx_rcc.o(i.RCC_AHB1PeriphClockCmd) for RCC_AHB1PeriphClockCmd
    bsp_cap.o(i.TIM_ICP_Cfg_Init) refers to stm32f4xx_rcc.o(i.RCC_APB2PeriphClockCmd) for RCC_APB2PeriphClockCmd
    bsp_cap.o(i.TIM_ICP_Cfg_Init) refers to stm32f4xx_gpio.o(i.GPIO_Init) for GPIO_Init
    bsp_cap.o(i.TIM_ICP_Cfg_Init) refers to stm32f4xx_gpio.o(i.GPIO_PinAFConfig) for GPIO_PinAFConfig
    bsp_cap.o(i.TIM_ICP_Cfg_Init) refers to stm32f4xx_tim.o(i.TIM_TimeBaseInit) for TIM_TimeBaseInit
    bsp_cap.o(i.TIM_ICP_Cfg_Init) refers to stm32f4xx_tim.o(i.TIM_ICInit) for TIM_ICInit
    bsp_cap.o(i.TIM_ICP_Cfg_Init) refers to stm32f4xx_tim.o(i.TIM_ITConfig) for TIM_ITConfig
    bsp_cap.o(i.TIM_ICP_Cfg_Init) refers to stm32f4xx_tim.o(i.TIM_Cmd) for TIM_Cmd
    bsp_gpio.o(i.BEEP_GPIO_Cfg_Init) refers to stm32f4xx_rcc.o(i.RCC_AHB1PeriphClockCmd) for RCC_AHB1PeriphClockCmd
    bsp_gpio.o(i.BEEP_GPIO_Cfg_Init) refers to stm32f4xx_gpio.o(i.GPIO_Init) for GPIO_Init
    bsp_gpio.o(i.BEEP_GPIO_Cfg_Init) refers to stm32f4xx_gpio.o(i.GPIO_ResetBits) for GPIO_ResetBits
    bsp_gpio.o(i.Crash_Gpio_Cfg_Init) refers to stm32f4xx_rcc.o(i.RCC_AHB1PeriphClockCmd) for RCC_AHB1PeriphClockCmd
    bsp_gpio.o(i.Crash_Gpio_Cfg_Init) refers to stm32f4xx_gpio.o(i.GPIO_Init) for GPIO_Init
    bsp_gpio.o(i.IR_Decoding_GPIO_Cfg_Init) refers to stm32f4xx_rcc.o(i.RCC_AHB1PeriphClockCmd) for RCC_AHB1PeriphClockCmd
    bsp_gpio.o(i.IR_Decoding_GPIO_Cfg_Init) refers to stm32f4xx_rcc.o(i.RCC_APB2PeriphClockCmd) for RCC_APB2PeriphClockCmd
    bsp_gpio.o(i.IR_Decoding_GPIO_Cfg_Init) refers to stm32f4xx_gpio.o(i.GPIO_Init) for GPIO_Init
    bsp_gpio.o(i.IR_Decoding_GPIO_Cfg_Init) refers to stm32f4xx_syscfg.o(i.SYSCFG_EXTILineConfig) for SYSCFG_EXTILineConfig
    bsp_gpio.o(i.IR_Decoding_GPIO_Cfg_Init) refers to stm32f4xx_exti.o(i.EXTI_Init) for EXTI_Init
    bsp_gpio.o(i.LED_GPIO_Cfg_Init) refers to stm32f4xx_rcc.o(i.RCC_AHB1PeriphClockCmd) for RCC_AHB1PeriphClockCmd
    bsp_gpio.o(i.LED_GPIO_Cfg_Init) refers to stm32f4xx_gpio.o(i.GPIO_Init) for GPIO_Init
    bsp_gpio.o(i.LED_GPIO_Cfg_Init) refers to stm32f4xx_gpio.o(i.GPIO_ResetBits) for GPIO_ResetBits
    bsp_gpio.o(i.Lamp_GPIO_Cfg_Init) refers to stm32f4xx_rcc.o(i.RCC_AHB1PeriphClockCmd) for RCC_AHB1PeriphClockCmd
    bsp_gpio.o(i.Lamp_GPIO_Cfg_Init) refers to stm32f4xx_gpio.o(i.GPIO_Init) for GPIO_Init
    bsp_gpio.o(i.Lamp_GPIO_Cfg_Init) refers to stm32f4xx_gpio.o(i.GPIO_ResetBits) for GPIO_ResetBits
[...]
    prvProcessTimerOrBlockTask               0x08002c2d   Thumb Code    98  timers.o(i.prvProcessTimerOrBlockTask)
    i.prvResetNextTaskUnblockTime            0x08002c98   Section        0  tasks.o(i.prvResetNextTaskUnblockTime)
    prvResetNextTaskUnblockTime              0x08002c99   Thumb Code    26  tasks.o(i.prvResetNextTaskUnblockTime)
    i.prvSampleTimeNow                       0x08002cb8   Section        0  timers.o(i.prvSampleTimeNow)
    prvSampleTimeNow                         0x08002cb9   Thumb Code    36  timers.o(i.prvSampleTimeNow)
    i.prvSwitchTimerLists                    0x08002ce0   Section        0  timers.o(i.prvSwitchTimerLists)
    prvSwitchTimerLists                      0x08002ce1   Thumb Code   100  timers.o(i.prvSwitchTimerLists)
    i.prvTaskExitError                       0x08002d4c   Section        0  port.o(i.prvTaskExitError)
    prvTaskExitError                         0x08002d4d   Thumb Code    36  port.o(i.prvTaskExitError)
    i.prvTimerTask                           0x08002db0   Section        0  timers.o(i.prvTimerTask)
    prvTimerTask                             0x08002db1   Thumb Code    34  timers.o(i.prvTimerTask)
    i.prvUnlockQueue                         0x08002dd8   Section        0  queue.o(i.prvUnlockQueue)
    prvUnlockQueue                           0x08002dd9   Thumb Code   120  queue.o(i.prvUnlockQueue)
    i.pvPortMalloc                           0x08002e50   Section        0  heap_4.o(i.pvPortMalloc)
    i.pvTaskIncrementMutexHeldCount          0x08002f64   Section        0  tasks.o(i.pvTaskIncrementMutexHeldCount)
    i.pxPortInitialiseStack                  0x08002f7c   Section        0  port.o(i.pxPortInitialiseStack)
    i.uxListRemove                           0x08002fa8   Section        0  list.o(i.uxListRemove)
    i.vListInitialise                        0x08002fcc   Section        0  list.o(i.vListInitialise)
    i.vListInitialiseItem                    0x08002fe2   Section        0  list.o(i.vListInitialiseItem)
    i.vListInsert                            0x08002fe8   Section        0  list.o(i.vListInsert)
    i.vListInsertEnd                         0x08003018   Section        0  list.o(i.vListInsertEnd)
    i.vPortEnterCritical                     0x08003030   Section        0  port.o(i.vPortEnterCritical)
    i.vPortExitCritical                      0x080030a8   Section        0  port.o(i.vPortExitCritical)
    i.vPortFree                              0x0800310c   Section        0  heap_4.o(i.vPortFree)
    i.vPortSetupTimerInterrupt               0x080031a8   Section        0  port.o(i.vPortSetupTimerInterrupt)
    i.vPortValidateInterruptPriority         0x080031c8   Section        0  port.o(i.vPortValidateInterruptPriority)
    i.vQueueAddToRegistry                    0x08003254   Section        0  queue.o(i.vQueueAddToRegistry)
    i.vQueueWaitForMessageRestricted         0x08003278   Section        0  queue.o(i.vQueueWaitForMessageRestricted)
    i.vTaskDelay                             0x080032bc   Section        0  tasks.o(i.vTaskDelay)
    i.vTaskDelete                            0x08003328   Section        0  tasks.o(i.vTaskDelete)
    i.vTaskMissedYield                       0x080033f4   Section        0  tasks.o(i.vTaskMissedYield)
    i.vTaskPlaceOnEventList                  0x08003400   Section        0  tasks.o(i.vTaskPlaceOnEventList)
    i.vTaskPlaceOnEventListRestricted        0x08003454   Section        0  tasks.o(i.vTaskPlaceOnEventListRestricted)
    i.vTaskPriorityInherit                   0x080034b0   Section        0  tasks.o(i.vTaskPriorityInherit)
    i.vTaskSetTimeOutState                   0x08003534   Section        0  tasks.o(i.vTaskSetTimeOutState)
    i.vTaskStartScheduler                    0x0800357c   Section        0  tasks.o(i.vTaskStartScheduler)
    i.vTaskSuspendAll                        0x08003610   Section        0  tasks.o(i.vTaskSuspendAll)
    i.vTaskSwitchContext                     0x08003620   Section        0  tasks.o(i.vTaskSwitchContext)
    i.xPortStartScheduler                    0x0800369c   Section        0  port.o(i.xPortStartScheduler)
    i.xPortSysTickHandler                    0x080037b0   Section        0  port.o(i.xPortSysTickHandler)
    i.xQueueGenericCreate                    0x080037dc   Section        0  queue.o(i.xQueueGenericCreate)
    i.xQueueGenericReceive                   0x08003854   Section        0  queue.o(i.xQueueGenericReceive)
    i.xQueueGenericReset                     0x080039d8   Section        0  queue.o(i.xQueueGenericReset)
    i.xQueueGenericSend                      0x08003a80   Section        0  queue.o(i.xQueueGenericSend)
    i.xQueueGenericSendFromISR               0x08003c08   Section        0  queue.o(i.xQueueGenericSendFromISR)
    i.xTaskCheckForTimeOut                   0x08003ce8   Section        0  tasks.o(i.xTaskCheckForTimeOut)
    i.xTaskCreate                            0x08003d70   Section        0  tasks.o(i.xTaskCreate)
    i.xTaskGetSchedulerState                 0x08003dc8   Section        0  tasks.o(i.xTaskGetSchedulerState)
    i.xTaskGetTickCount                      0x08003de4   Section        0  tasks.o(i.xTaskGetTickCount)
    i.xTaskIncrementTick                     0x08003df0   Section        0  tasks.o(i.xTaskIncrementTick)
    i.xTaskPriorityDisinherit                0x08003ed8   Section        0  tasks.o(i.xTaskPriorityDisinherit)
    i.xTaskRemoveFromEventList               0x08003f8c   Section        0  tasks.o(i.xTaskRemoveFromEventList)
    i.xTaskResumeAll                         0x08004024   Section        0  tasks.o(i.xTaskResumeAll)
    i.xTimerCreate                           0x08004108   Section        0  timers.o(i.xTimerCreate)
    i.xTimerCreateTimerTask                  0x0800417c   Section        0  timers.o(i.xTimerCreateTimerTask)
    i.xTimerGenericCommand                   0x080041f0   Section        0  timers.o(i.xTimerGenericCommand)
    x$fpl$fpinit                             0x08004280   Section       10  fpinit.o(x$fpl$fpinit)
    $v0                                      0x08004280   Number         0  fpinit.o(x$fpl$fpinit)
    .constdata                               0x0800428c   Section       36  malloc.o(.constdata)
    .ARM.__AT_0x10000000                     0x10000000   Section    61440  malloc.o(.ARM.__AT_0x10000000)
    .ARM.__AT_0x1000F000                     0x1000f000   Section     3840  malloc.o(.ARM.__AT_0x1000F000)
    .data                                    0x20000000   Section        4  bsp_adc.o(.data)
    sum                                      0x20000000   Data           4  bsp_adc.o(.data)
    .data                                    0x20000004   Section       52  app_task.o(.data)
    .data                                    0x20000038   Section       20  system_stm32f4xx.o(.data)
    .data                                    0x2000004c   Section        4  delay.o(.data)
    fac_us                                   0x2000004c   Data           1  delay.o(.data)
    fac_ms                                   0x2000004e   Data           2  delay.o(.data)
    .data                                    0x20000050   Section        2  usart.o(.data)
    .data                                    0x20000054   Section        4  usart.o(.data)
    .data                                    0x20000058   Section       36  malloc.o(.data)
    .data                                    0x2000007c   Section       16  stm32f4xx_rcc.o(.data)
    APBAHBPrescTable                         0x2000007c   Data          16  stm32f4xx_rcc.o(.data)
    .data                                    0x2000008c   Section       60  tasks.o(.data)
    uxDeletedTasksWaitingCleanUp             0x20000090   Data           4  tasks.o(.data)
    uxCurrentNumberOfTasks                   0x20000094   Data           4  tasks.o(.data)
    xTickCount                               0x20000098   Data           4  tasks.o(.data)
    uxTopReadyPriority                       0x2000009c   Data           4  tasks.o(.data)
    xSchedulerRunning                        0x200000a0   Data           4  tasks.o(.data)
    uxPendedTicks                            0x200000a4   Data           4  tasks.o(.data)
    xYieldPending                            0x200000a8   Data           4  tasks.o(.data)
    xNumOfOverflows                          0x200000ac   Data           4  tasks.o(.data)
    uxTaskNumber                             0x200000b0   Data           4  tasks.o(.data)
    xNextTaskUnblockTime                     0x200000b4   Data           4  tasks.o(.data)
    xIdleTaskHandle                          0x200000b8   Data           4  tasks.o(.data)
    uxSchedulerSuspended                     0x200000bc   Data           4  tasks.o(.data)
    pxDelayedTaskList                        0x200000c0   Data           4  tasks.o(.data)
    pxOverflowDelayedTaskList                0x200000c4   Data           4  tasks.o(.data)
    .data                                    0x200000c8   Section       20  timers.o(.data)
    xTimerQueue                              0x200000c8   Data           4  timers.o(.data)
    xTimerTaskHandle                         0x200000cc   Data           4  timers.o(.data)
    xLastTime                                0x200000d0   Data           4  timers.o(.data)
    pxCurrentTimerList                       0x200000d4   Data           4  timers.o(.data)
    pxOverflowTimerList                      0x200000d8   Data           4  timers.o(.data)
    .data                                    0x200000dc   Section       12  port.o(.data)
    ucMaxSysCallPriority                     0x200000dc   Data           1  port.o(.data)
    uxCriticalNesting                        0x200000e0   Data           4  port.o(.data)
    ulMaxPRIGROUPValue                       0x200000e4   Data           4  port.o(.data)
    .data                                    0x200000e8   Section       24  heap_4.o(.data)
    pxEnd                                    0x200000e8   Data           4  heap_4.o(.data)
    xFreeBytesRemaining                      0x200000ec   Data           4  heap_4.o(.data)
    xMinimumEverFreeBytesRemaining           0x200000f0   Data           4  heap_4.o(.data)
    xBlockAllocatedBit                       0x200000f4   Data           4  heap_4.o(.data)
    xStart                                   0x200000f8   Data           8  heap_4.o(.data)
    .bss                                     0x20000100   Section      204  bsp_adc.o(.bss)
    .bss                                     0x200001cc   Section      200  usart.o(.bss)
    .bss                                     0x200002a0   Section    51200  malloc.o(.bss)
    .bss                                     0x2000caa0   Section     3200  malloc.o(.bss)
    .bss                                     0x2000d720   Section       64  queue.o(.bss)
    .bss                                     0x2000d760   Section      740  tasks.o(.bss)
    pxReadyTasksLists                        0x2000d760   Data         640  tasks.o(.bss)
    xDelayedTaskList1                        0x2000d9e0   Data          20  tasks.o(.bss)
    xDelayedTaskList2                        0x2000d9f4   Data          20  tasks.o(.bss)
    xPendingReadyList                        0x2000da08   Data          20  tasks.o(.bss)
    xTasksWaitingTermination                 0x2000da1c   Data          20  tasks.o(.bss)
    xSuspendedTaskList                       0x2000da30   Data          20  tasks.o(.bss)
    .bss                                     0x2000da44   Section       40  timers.o(.bss)
    xActiveTimerList1                        0x2000da44   Data          20  timers.o(.bss)
    xActiveTimerList2                        0x2000da58   Data          20  timers.o(.bss)
    .bss                                     0x2000da6c   Section    20480  heap_4.o(.bss)
    ucHeap                                   0x2000da6c   Data       20480  heap_4.o(.bss)
    .bss                                     0x20012a6c   Section       96  libspace.o(.bss)
    HEAP                                     0x20012ad0   Section      512  startup_stm32f40_41xxx.o(HEAP)
    Heap_Mem                                 0x20012ad0   Data         512  startup_stm32f40_41xxx.o(HEAP)
    STACK                                    0x20012cd0   Section     1024  startup_stm32f40_41xxx.o(STACK)
    Stack_Mem                                0x20012cd0   Data        1024  startup_stm32f40_41xxx.o(STACK)
    __initial_sp                             0x200130d0   Data           0  startup_stm32f40_41xxx.o(STACK)
    .ARM.__AT_0x68000000                     0x68000000   Section    983040  malloc.o(.ARM.__AT_0x68000000)
    .ARM.__AT_0x680F0000                     0x680f0000   Section    61440  malloc.o(.ARM.__AT_0x680F0000)

    Global Symbols

    Symbol Name                              Value     Ov Type        Size  Object(Section)

    BuildAttributes$$THM_ISAv4$E$P$D$K$B$S$7EM$VFPi3$EXTD16$VFPS$VFMA$PE$A:L22UL41UL21$X:L11$S22US41US21$IEEE1$IW$USESV6$~STKCKD$USESV7$~SHL$OSPACE$ROPI$EBA8$UX$STANDARDLIB$REQ8$PRES8$EABIv2 0x00000000   Number         0  anon$$obj.o ABSOLUTE
    __ARM_use_no_argv                        0x00000000   Number         0  main.o ABSOLUTE
    __ARM_exceptions_init                     - Undefined Weak Reference
    __alloca_initialize                       - Undefined Weak Reference
    __arm_fini_                               - Undefined Weak Reference
    __arm_preinit_                            - Undefined Weak Reference
    __cpp_initialize__aeabi_                  - Undefined Weak Reference
    __cxa_finalize                            - Undefined Weak Reference
    __rt_locale                               - Undefined Weak Reference
    __sigvec_lookup                           - Undefined Weak Reference
    _atexit_init                              - Undefined Weak Reference
    _call_atexit_fns                          - Undefined Weak Reference
    _clock_init                               - Undefined Weak Reference
    _fp_trap_init                             - Undefined Weak Reference
    _fp_trap_shutdown                         - Undefined Weak Reference
    _get_lc_collate                           - Undefined Weak Reference
    _get_lc_ctype                             - Undefined Weak Reference
    _get_lc_monetary                          - Undefined Weak Reference
    _get_lc_numeric                           - Undefined Weak Reference
    _get_lc_time                              - Undefined Weak Reference
    _getenv_init                              - Undefined Weak Reference
    _handle_redirection                       - Undefined Weak Reference
    _init_alloc                               - Undefined Weak Reference
    _init_user_alloc                          - Undefined Weak Reference
    _initio                                   - Undefined Weak Reference
    _mutex_acquire                            - Undefined Weak Reference
    _mutex_release                            - Undefined Weak Reference
    _printf_mbtowc                            - Undefined Weak Reference
    _printf_post_padding                      - Undefined Weak Reference
    _printf_pre_padding                       - Undefined Weak Reference
    _printf_truncate_signed                   - Undefined Weak Reference
    _printf_truncate_unsigned                 - Undefined Weak Reference
    _rand_init                                - Undefined Weak Reference
    _signal_finish                            - Undefined Weak Reference
    _signal_init                              - Undefined Weak Reference
    _terminate_alloc                          - Undefined Weak Reference
    _terminate_user_alloc                     - Undefined Weak Reference
    _terminateio                              - Undefined Weak Reference
    __Vectors_Size                           0x00000188   Number         0  startup_stm32f40_41xxx.o ABSOLUTE
    __Vectors                                0x08000000   Data           4  startup_stm32f40_41xxx.o(RESET)
    __Vectors_End                            0x08000188   Data           0  startup_stm32f40_41xxx.o(RESET)
    __main                                   0x08000189   Thumb Code     8  __main.o(!!!main)
    __scatterload                            0x08000191   Thumb Code     0  __scatter.o(!!!scatter)
    __scatterload_rt2                        0x08000191   Thumb Code    44  __scatter.o(!!!scatter)
    __scatterload_rt2_thumb_only             0x08000191   Thumb Code     0  __scatter.o(!!!scatter)
    __scatterload_null                       0x0800019f   Thumb Code     0  __scatter.o(!!!scatter)
    __scatterload_copy                       0x080001c5   Thumb Code    26  __scatter_copy.o(!!handler_copy)
    __scatterload_zeroinit                   0x080001e1   Thumb Code    28  __scatter_zi.o(!!handler_zi)
    _printf_d                                0x080001fd   Thumb Code     0  _printf_d.o(.ARM.Collect$$_printf_percent$$00000009)
    _printf_percent                          0x080001fd   Thumb Code     0  _printf_percent.o(.ARM.Collect$$_printf_percent$$00000000)
    _printf_s                                0x08000203   Thumb Code     0  _printf_s.o(.ARM.Collect$$_printf_percent$$00000014)
    _printf_percent_end                      0x08000209   Thumb Code     0  _printf_percent_end.o(.ARM.Collect$$_printf_percent$$00000017)
    __rt_lib_init                            0x0800020d   Thumb Code     0  libinit.o(.ARM.Collect$$libinit$$00000000)
    __rt_lib_init_fp_1                       0x0800020f   Thumb Code     0  libinit2.o(.ARM.Collect$$libinit$$00000001)
    __rt_lib_init_alloca_1                   0x08000213   Thumb Code     0  libinit2.o(.ARM.Collect$$libinit$$0000002E)
    __rt_lib_init_argv_1                     0x08000213   Thumb Code     0  libinit2.o(.ARM.Collect$$libinit$$0000002C)
    __rt_lib_init_atexit_1                   0x08000213   Thumb Code     0  libinit2.o(.ARM.Collect$$libinit$$0000001B)
    __rt_lib_init_clock_1                    0x08000213   Thumb Code     0  libinit2.o(.ARM.Collect$$libinit$$00000021)
    __rt_lib_init_cpp_1                      0x08000213   Thumb Code     0  libinit2.o(.ARM.Collect$$libinit$$00000032)
    __rt_lib_init_exceptions_1               0x08000213   Thumb Code     0  libinit2.o(.ARM.Collect$$libinit$$00000030)
    __rt_lib_init_fp_trap_1                  0x08000213   Thumb Code     0  libinit2.o(.ARM.Collect$$libinit$$0000001F)
    __rt_lib_init_getenv_1                   0x08000213   Thumb Code     0  libinit2.o(.ARM.Collect$$libinit$$00000023)
    __rt_lib_init_heap_1                     0x08000213   Thumb Code     0  libinit2.o(.ARM.Collect$$libinit$$0000000A)
    __rt_lib_init_lc_collate_1               0x08000213   Thumb Code     0  libinit2.o(.ARM.Collect$$libinit$$00000011)
    __rt_lib_init_lc_ctype_1                 0x08000213   Thumb Code     0  libinit2.o(.ARM.Collect$$libinit$$00000013)
    __rt_lib_init_lc_monetary_1              0x08000213   Thumb Code     0  libinit2.o(.ARM.Collect$$libinit$$00000015)
    __rt_lib_init_lc_numeric_1               0x08000213   Thumb Code     0  libinit2.o(.ARM.Collect$$libinit$$00000017)
    __rt_lib_init_lc_time_1                  0x08000213   Thumb Code     0  libinit2.o(.ARM.Collect$$libinit$$00000019)
    __rt_lib_init_preinit_1                  0x08000213   Thumb Code     0  libinit2.o(.ARM.Collect$$libinit$$00000004)
    __rt_lib_init_rand_1                     0x08000213   Thumb Code     0  libinit2.o(.ARM.Collect$$libinit$$0000000E)
    __rt_lib_init_return                     0x08000213   Thumb Code     0  libinit2.o(.ARM.Collect$$libinit$$00000033)
    __rt_lib_init_signal_1                   0x08000213   Thumb Code     0  libinit2.o(.ARM.Collect$$libinit$$0000001D)
    __rt_lib_init_stdio_1                    0x08000213   Thumb Code     0  libinit2.o(.ARM.Collect$$libinit$$00000025)
    __rt_lib_init_user_alloc_1               0x08000213   Thumb Code     0  libinit2.o(.ARM.Collect$$libinit$$0000000C)
    __rt_lib_shutdown                        0x08000215   Thumb Code     0  libshutdown.o(.ARM.Collect$$libshutdown$$00000000)
    __rt_lib_shutdown_cpp_1                  0x08000217   Thumb Code     0  libshutdown2.o(.ARM.Collect$$libshutdown$$00000004)
    __rt_lib_shutdown_fini_1                 0x08000217   Thumb Code     0  libshutdown2.o(.ARM.Collect$$libshutdown$$00000002)
    __rt_lib_shutdown_fp_trap_1              0x08000217   Thumb Code     0  libshutdown2.o(.ARM.Collect$$libshutdown$$00000009)
    __rt_lib_shutdown_heap_1                 0x08000217   Thumb Code     0  libshutdown2.o(.ARM.Collect$$libshutdown$$00000011)
    __rt_lib_shutdown_return                 0x08000217   Thumb Code     0  libshutdown2.o(.ARM.Collect$$libshutdown$$00000012)
    __rt_lib_shutdown_signal_1               0x08000217   Thumb Code     0  libshutdown2.o(.ARM.Collect$$libshutdown$$0000000C)
    __rt_lib_shutdown_stdio_1                0x08000217   Thumb Code     0  libshutdown2.o(.ARM.Collect$$libshutdown$$00000006)
    __rt_lib_shutdown_user_alloc_1           0x08000217   Thumb Code     0  libshutdown2.o(.ARM.Collect$$libshutdown$$0000000E)
    __rt_entry                               0x08000219   Thumb Code     0  __rtentry.o(.ARM.Collect$$rtentry$$00000000)
    __rt_entry_presh_1                       0x08000219   Thumb Code     0  __rtentry2.o(.ARM.Collect$$rtentry$$00000002)
    __rt_entry_sh                            0x08000219   Thumb Code     0  __rtentry4.o(.ARM.Collect$$rtentry$$00000004)
    __rt_entry_li                            0x0800021f   Thumb Code     0  __rtentry2.o(.ARM.Collect$$rtentry$$0000000A)
    __rt_entry_postsh_1                      0x0800021f   Thumb Code     0  __rtentry2.o(.ARM.Collect$$rtentry$$00000009)
    __rt_entry_main                          0x08000223   Thumb Code     0  __rtentry2.o(.ARM.Collect$$rtentry$$0000000D)
    __rt_entry_postli_1                      0x08000223   Thumb Code     0  __rtentry2.o(.ARM.Collect$$rtentry$$0000000C)
    __rt_exit                                0x0800022b   Thumb Code     0  rtexit.o(.ARM.Collect$$rtexit$$00000000)
    __rt_exit_ls                             0x0800022d   Thumb Code     0  rtexit2.o(.ARM.Collect$$rtexit$$00000003)
    __rt_exit_prels_1                        0x0800022d   Thumb Code     0  rtexit2.o(.ARM.Collect$$rtexit$$00000002)
    __rt_exit_exit                           0x08000231   Thumb Code     0  rtexit2.o(.ARM.Collect$$rtexit$$00000004)
    SVC_Handler                              0x08000239   Thumb Code    28  port.o(.emb_text)
    __asm___6_port_c_39a90d8d__prvStartFirstTask 0x08000259   Thumb Code    28  port.o(.emb_text)
    __asm___6_port_c_39a90d8d__prvEnableVFP  0x08000279   Thumb Code    16  port.o(.emb_text)
    PendSV_Handler                           0x0800028d   Thumb Code    88  port.o(.emb_text)
    vPortGetIPSR                             0x080002e9   Thumb Code     6  port.o(.emb_text)
    Reset_Handler                            0x080002f1   Thumb Code     8  startup_stm32f40_41xxx.o(.text)
    ADC_IRQHandler                           0x0800030b   Thumb Code     0  startup_stm32f40_41xxx.o(.text)
    CAN1_RX0_IRQHandler                      0x0800030b   Thumb Code     0  startup_stm32f40_41xxx.o(.text)
    CAN1_RX1_IRQHandler                      0x0800030b   Thumb Code     0  startup_stm32f40_41xxx.o(.text)
    CAN1_SCE_IRQHandler                      0x0800030b   Thumb Code     0  startup_stm32f40_41xxx.o(.text)
    CAN1_TX_IRQHandler                       0x0800030b   Thumb Code     0  startup_stm32f40_41xxx.o(.text)
    CAN2_RX0_IRQHandler                      0x0800030b   Thumb Code     0  startup_stm32f40_41xxx.o(.text)
    CAN2_RX1_IRQHandler                      0x0800030b   Thumb Code     0  startup_stm32f40_41xxx.o(.text)
    CAN2_SCE_IRQHandler                      0x0800030b   Thumb Code     0  startup_stm32f40_41xxx.o(.text)
    CAN2_TX_IRQHandler                       0x0800030b   Thumb Code     0  startup_stm32f40_41xxx.o(.text)
    CRYP_IRQHandler                          0x0800030b   Thumb Code     0  startup_stm32f40_41xxx.o(.text)
    DCMI_IRQHandler                          0x0800030b   Thumb Code     0  startup_stm32f40_41xxx.o(.text)
    DMA1_Stream0_IRQHandler                  0x0800030b   Thumb Code     0  startup_stm32f40_41xxx.o(.text)
    DMA1_Stream1_IRQHandler                  0x0800030b   Thumb Code     0  startup_stm32f40_41xxx.o(.text)
    DMA1_Stream2_IRQHandler                  0x0800030b   Thumb Code     0  startup_stm32f40_41xxx.o(.text)
    DMA1_Stream3_IRQHandler                  0x0800030b   Thumb Code     0  startup_stm32f40_41xxx.o(.text)
    DMA1_Stream4_IRQHandler                  0x0800030b   Thumb Code     0  startup_stm32f40_41xxx.o(.text)
    DMA1_Stream5_IRQHandler                  0x0800030b   Thumb Code     0  startup_stm32f40_41xxx.o(.text)
    DMA1_Stream6_IRQHandler                  0x0800030b   Thumb Code     0  startup_stm32f40_41xxx.o(.text)
    DMA1_Stream7_IRQHandler                  0x0800030b   Thumb Code     0  startup_stm32f40_41xxx.o(.text)
    DMA2_Stream1_IRQHandler                  0x0800030b   Thumb Code     0  startup_stm32f40_41xxx.o(.text)
    DMA2_Stream2_IRQHandler                  0x0800030b   Thumb Code     0  startup_stm32f40_41xxx.o(.text)
    DMA2_Stream3_IRQHandler                  0x0800030b   Thumb Code     0  startup_stm32f40_41xxx.o(.text)
    DMA2_Stream4_IRQHandler                  0x0800030b   Thumb Code     0  startup_stm32f40_41xxx.o(.text)
    DMA2_Stream5_IRQHandler                  0x0800030b   Thumb Code     0  startup_stm32f40_41xxx.o(.text)
    DMA2_Stream6_IRQHandler                  0x0800030b   Thumb Code     0  startup_stm32f40_41xxx.o(.text)
    DMA2_Stream7_IRQHandler                  0x0800030b   Thumb Code     0  startup_stm32f40_41xxx.o(.text)
    ETH_IRQHandler                           0x0800030b   Thumb Code     0  startup_stm32f40_41xxx.o(.text)
    ETH_WKUP_IRQHandler                      0x0800030b   Thumb Code     0  startup_stm32f40_41xxx.o(.text)
    EXTI0_IRQHandler                         0x0800030b   Thumb Code     0  startup_stm32f40_41xxx.o(.text)
    EXTI15_10_IRQHandler                     0x0800030b   Thumb Code     0  startup_stm32f40_41xxx.o(.text)
    EXTI1_IRQHandler                         0x0800030b   Thumb Code     0  startup_stm32f40_41xxx.o(.text)
    EXTI2_IRQHandler                         0x0800030b   Thumb Code     0  startup_stm32f40_41xxx.o(.text)
    EXTI3_IRQHandler                         0x0800030b   Thumb Code     0  startup_stm32f40_41xxx.o(.text)
    EXTI4_IRQHandler                         0x0800030b   Thumb Code     0  startup_stm32f40_41xxx.o(.text)
    EXTI9_5_IRQHandler                       0x0800030b   Thumb Code     0  startup_stm32f40_41xxx.o(.text)
    FLASH_IRQHandler                         0x0800030b   Thumb Code     0  startup_stm32f40_41xxx.o(.text)
    FPU_IRQHandler                           0x0800030b   Thumb Code     0  startup_stm32f40_41xxx.o(.text)
    FSMC_IRQHandler                          0x0800030b   Thumb Code     0  startup_stm32f40_41xxx.o(.text)
    HASH_RNG_IRQHandler                      0x0800030b   Thumb Code     0  startup_stm32f40_41xxx.o(.text)
    I2C1_ER_IRQHandler                       0x0800030b   Thumb Code     0  startup_stm32f40_41xxx.o(.text)
    I2C1_EV_IRQHandler                       0x0800030b   Thumb Code     0  startup_stm32f40_41xxx.o(.text)
    I2C2_ER_IRQHandler                       0x0800030b   Thumb Code     0  startup_stm32f40_41xxx.o(.text)
    I2C2_EV_IRQHandler                       0x0800030b   Thumb Code     0  startup_stm32f40_41xxx.o(.text)
    I2C3_ER_IRQHandler                       0x0800030b   Thumb Code     0  startup_stm32f40_41xxx.o(.text)
    I2C3_EV_IRQHandler                       0x0800030b   Thumb Code     0  startup_stm32f40_41xxx.o(.text)
    OTG_FS_IRQHandler                        0x0800030b   Thumb Code     0  startup_stm32f40_41xxx.o(.text)
    OTG_FS_WKUP_IRQHandler                   0x0800030b   Thumb Code     0  startup_stm32f40_41xxx.o(.text)
    OTG_HS_EP1_IN_IRQHandler                 0x0800030b   Thumb Code     0  startup_stm32f40_41xxx.o(.text)
    OTG_HS_EP1_OUT_IRQHandler                0x0800030b   Thumb Code     0  startup_stm32f40_41xxx.o(.text)
    OTG_HS_IRQHandler                        0x0800030b   Thumb Code     0  startup_stm32f40_41xxx.o(.text)
    OTG_HS_WKUP_IRQHandler                   0x0800030b   Thumb Code     0  startup_stm32f40_41xxx.o(.text)
    PVD_IRQHandler                           0x0800030b   Thumb Code     0  startup_stm32f40_41xxx.o(.text)
    RCC_IRQHandler                           0x0800030b   Thumb Code     0  startup_stm32f40_41xxx.o(.text)
    RTC_Alarm_IRQHandler                     0x0800030b   Thumb Code     0  startup_stm32f40_41xxx.o(.text)
    RTC_WKUP_IRQHandler                      0x0800030b   Thumb Code     0  startup_stm32f40_41xxx.o(.text)
    SDIO_IRQHandler                          0x0800030b   Thumb Code     0  startup_stm32f40_41xxx.o(.text)
    SPI1_IRQHandler                          0x0800030b   Thumb Code     0  startup_stm32f40_41xxx.o(.text)
    SPI2_IRQHandler                          0x0800030b   Thumb Code     0  startup_stm32f40_41xxx.o(.text)
    SPI3_IRQHandler                          0x0800030b   Thumb Code     0  startup_stm32f40_41xxx.o(.text)
    TAMP_STAMP_IRQHandler                    0x0800030b   Thumb Code     0  startup_stm32f40_41xxx.o(.text)
    TIM1_BRK_TIM9_IRQHandler                 0x0800030b   Thumb Code     0  startup_stm32f40_41xxx.o(.text)
    TIM1_CC_IRQHandler                       0x0800030b   Thumb Code     0  startup_stm32f40_41xxx.o(.text)
    TIM1_TRG_COM_TIM11_IRQHandler            0x0800030b   Thumb Code     0  startup_stm32f40_41xxx.o(.text)
    TIM1_UP_TIM10_IRQHandler                 0x0800030b   Thumb Code     0  startup_stm32f40_41xxx.o(.text)
    TIM2_IRQHandler                          0x0800030b   Thumb Code     0  startup_stm32f40_41xxx.o(.text)
    TIM3_IRQHandler                          0x0800030b   Thumb Code     0  startup_stm32f40_41xxx.o(.text)
    TIM4_IRQHandler                          0x0800030b   Thumb Code     0  startup_stm32f40_41xxx.o(.text)
    TIM5_IRQHandler                          0x0800030b   Thumb Code     0  startup_stm32f40_41xxx.o(.text)
    TIM6_DAC_IRQHandler                      0x0800030b   Thumb Code     0  startup_stm32f40_41xxx.o(.text)
    TIM7_IRQHandler                          0x0800030b   Thumb Code     0  startup_stm32f40_41xxx.o(.text)
    TIM8_BRK_TIM12_IRQHandler                0x0800030b   Thumb Code     0  startup_stm32f40_41xxx.o(.text)
    TIM8_CC_IRQHandler                       0x0800030b   Thumb Code     0  startup_stm32f40_41xxx.o(.text)
    TIM8_TRG_COM_TIM14_IRQHandler            0x0800030b   Thumb Code     0  startup_stm32f40_41xxx.o(.text)
    TIM8_UP_TIM13_IRQHandler                 0x0800030b   Thumb Code     0  startup_stm32f40_41xxx.o(.text)
    UART4_IRQHandler                         0x0800030b   Thumb Code     0  startup_stm32f40_41xxx.o(.text)
    UART5_IRQHandler                         0x0800030b   Thumb Code     0  startup_stm32f40_41xxx.o(.text)
    USART2_IRQHandler                        0x0800030b   Thumb Code     0  startup_stm32f40_41xxx.o(.text)
    USART3_IRQHandler                        0x0800030b   Thumb Code     0  startup_stm32f40_41xxx.o(.text)
    USART6_IRQHandler                        0x0800030b   Thumb Code     0  startup_stm32f40_41xxx.o(.text)
    WWDG_IRQHandler                          0x0800030b   Thumb Code     0  startup_stm32f40_41xxx.o(.text)
    __user_initial_stackheap                 0x0800030d   Thumb Code     0  startup_stm32f40_41xxx.o(.text)
    __use_no_semihosting                     0x08000331   Thumb Code     2  use_no_semi_2.o(.text)
    __2printf                                0x08000335   Thumb Code    20  noretval__2printf.o(.text)
    __printf                                 0x0800034d   Thumb Code   104  __printf.o(.text)
    _printf_str                              0x080003b5   Thumb Code    82  _printf_str.o(.text)
    _printf_int_dec                          0x08000409   Thumb Code   104  _printf_dec.o(.text)
    __aeabi_memcpy                           0x08000481   Thumb Code     0  rt_memcpy_v6.o(.text)
    __rt_memcpy                              0x08000481   Thumb Code   138  rt_memcpy_v6.o(.text)
    _memcpy_lastbytes                        0x080004e7   Thumb Code     0  rt_memcpy_v6.o(.text)
    __aeabi_memset                           0x0800050b   Thumb Code    16  aeabi_memset.o(.text)
    __use_two_region_memory                  0x0800051b   Thumb Code     2  heapauxi.o(.text)
    __rt_heap_escrow$2region                 0x0800051d   Thumb Code     2  heapauxi.o(.text)
    __rt_heap_expand$2region                 0x0800051f   Thumb Code     2  heapauxi.o(.text)
    __I$use$semihosting                      0x08000521   Thumb Code     0  use_no_semi.o(.text)
    __use_no_semihosting_swi                 0x08000521   Thumb Code     2  use_no_semi.o(.text)
    _printf_int_common                       0x08000523   Thumb Code   178  _printf_intcommon.o(.text)
    _printf_char_common                      0x080005df   Thumb Code    32  _printf_char_common.o(.text)
    _printf_cs_common                        0x08000605   Thumb Code    20  _printf_char.o(.text)
    _printf_char                             0x08000619   Thumb Code    16  _printf_char.o(.text)
    _printf_string                           0x08000629   Thumb Code     8  _printf_char.o(.text)
    _printf_char_file                        0x08000631   Thumb Code    32  _printf_char_file.o(.text)
    __aeabi_memcpy4                          0x08000655   Thumb Code     0  rt_memcpy_w.o(.text)
    __aeabi_memcpy8                          0x08000655   Thumb Code     0  rt_memcpy_w.o(.text)
    __rt_memcpy_w                            0x08000655   Thumb Code   100  rt_memcpy_w.o(.text)
    _memcpy_lastbytes_aligned                0x0800069d   Thumb Code     0  rt_memcpy_w.o(.text)
    __aeabi_memclr                           0x080006b9   Thumb Code     0  rt_memclr.o(.text)
    __rt_memclr                              0x080006b9   Thumb Code    68  rt_memclr.o(.text)
    _memset                                  0x080006bd   Thumb Code     0  rt_memclr.o(.text)
    ferror                                   0x080006fd   Thumb Code     8  ferror.o(.text)
    __aeabi_memclr4                          0x08000705   Thumb Code     0  rt_memclr_w.o(.text)
    __aeabi_memclr8                          0x08000705   Thumb Code     0  rt_memclr_w.o(.text)
    __rt_memclr_w                            0x08000705   Thumb Code    78  rt_memclr_w.o(.text)
    _memset_w                                0x08000709   Thumb Code     0  rt_memclr_w.o(.text)
    __user_setup_stackheap                   0x08000753   Thumb Code    74  sys_stackheap_outer.o(.text)
    exit                                     0x0800079d   Thumb Code    18  exit.o(.text)
    __user_libspace                          0x080007b1   Thumb Code     8  libspace.o(.text)
    __user_perproc_libspace                  0x080007b1   Thumb Code     0  libspace.o(.text)
    __user_perthread_libspace                0x080007b1   Thumb Code     0  libspace.o(.text)
    ADC_Cfg_Init                             0x080007b9   Thumb Code   246  bsp_adc.o(i.ADC_Cfg_Init)
    ADC_Cmd                                  0x080008bd   Thumb Code    20  stm32f4xx_adc.o(i.ADC_Cmd)
    ADC_CommonInit                           0x080008d1   Thumb Code    34  stm32f4xx_adc.o(i.ADC_CommonInit)
    ADC_DMACmd                               0x080008fd   Thumb Code    20  stm32f4xx_adc.o(i.ADC_DMACmd)
    ADC_DMARequestAfterLastTransferCmd       0x08000911   Thumb Code    20  stm32f4xx_adc.o(i.ADC_DMARequestAfterLastTransferCmd)
    ADC_DMA_Cfg_Init                         0x08000925   Thumb Code   110  bsp_adc.o(i.ADC_DMA_Cfg_Init)
    ADC_Init                                 0x080009a1   Thumb Code    66  stm32f4xx_adc.o(i.ADC_Init)
    ADC_RegularChannelConfig                 0x080009ed   Thumb Code   116  stm32f4xx_adc.o(i.ADC_RegularChannelConfig)
    ADC_SoftwareStartConv                    0x08000a61   Thumb Code    10  stm32f4xx_adc.o(i.ADC_SoftwareStartConv)
    AT24CXX_Init                             0x08000a6b   Thumb Code     4  app_24cxx.o(i.AT24CXX_Init)
    AutoCharge_Task                          0x08000a6f   Thumb Code     8  app_task.o(i.AutoCharge_Task)
    BEEP_GPIO_Cfg_Init                       0x08000a79   Thumb Code    58  bsp_gpio.o(i.BEEP_GPIO_Cfg_Init)
    BusFault_Handler                         0x08000ab9   Thumb Code     2  stm32f4xx_it.o(i.BusFault_Handler)
    Cammand_Task                             0x08000abb   Thumb Code     8  app_task.o(i.Cammand_Task)
    Chg_Task                                 0x08000ac3   Thumb Code     8  app_task.o(i.Chg_Task)
    Crash_Gpio_Cfg_Init                      0x08000acd   Thumb Code    78  bsp_gpio.o(i.Crash_Gpio_Cfg_Init)
    DMA2_Stream0_IRQHandler                  0x08000b25   Thumb Code    36  bsp_adc.o(i.DMA2_Stream0_IRQHandler)
    DMA_ClearFlag                            0x08000b51   Thumb Code    32  stm32f4xx_dma.o(i.DMA_ClearFlag)
    DMA_ClearITPendingBit                    0x08000b7d   Thumb Code    32  stm32f4xx_dma.o(i.DMA_ClearITPendingBit)
    DMA_Cmd                                  0x08000ba9   Thumb Code    20  stm32f4xx_dma.o(i.DMA_Cmd)
    DMA_GetCmdStatus                         0x08000bbd   Thumb Code    14  stm32f4xx_dma.o(i.DMA_GetCmdStatus)
    DMA_GetITStatus                          0x08000bcd   Thumb Code    68  stm32f4xx_dma.o(i.DMA_GetITStatus)
    DMA_ITConfig                             0x08000c21   Thumb Code    44  stm32f4xx_dma.o(i.DMA_ITConfig)
    DMA_Init                                 0x08000c4d   Thumb Code    80  stm32f4xx_dma.o(i.DMA_Init)
    DebugMon_Handler                         0x08000ca1   Thumb Code     2  stm32f4xx_it.o(i.DebugMon_Handler)
    EXTI_Init                                0x08000ca5   Thumb Code   108  stm32f4xx_exti.o(i.EXTI_Init)
    Err_Handle_Task                          0x08000d15   Thumb Code    12  app_task.o(i.Err_Handle_Task)
    GPIO_Init                                0x08000d21   Thumb Code   120  stm32f4xx_gpio.o(i.GPIO_Init)
    GPIO_PinAFConfig                         0x08000d99   Thumb Code    32  stm32f4xx_gpio.o(i.GPIO_PinAFConfig)
    GPIO_ResetBits                           0x08000db9   Thumb Code     4  stm32f4xx_gpio.o(i.GPIO_ResetBits)
    GPIO_SetBits                             0x08000dbd   Thumb Code     4  stm32f4xx_gpio.o(i.GPIO_SetBits)
    HardFault_Handler                        0x08000dc1   Thumb Code     2  stm32f4xx_it.o(i.HardFault_Handler)
    Head_Ctrl_Task                           0x08000dc3   Thumb Code     8  app_task.o(i.Head_Ctrl_Task)
    IIC_Init                                 0x08000dcd   Thumb Code    56  bsp_iic.o(i.IIC_Init)
    IR_Decoding_GPIO_Cfg_Init                0x08000e0d   Thumb Code   104  bsp_gpio.o(i.IR_Decoding_GPIO_Cfg_Init)
    IWDG_Feed                                0x08000e79   Thumb Code     4  bsp_iwdg.o(i.IWDG_Feed)
    IWDG_ReloadCounter                       0x08000e7d   Thumb Code    10  stm32f4xx_iwdg.o(i.IWDG_ReloadCounter)
    LED_GPIO_Cfg_Init                        0x08000e8d   Thumb Code   146  bsp_gpio.o(i.LED_GPIO_Cfg_Init)
    LED_Task                                 0x08000f29   Thumb Code    22  app_task.o(i.LED_Task)
    Lamp_GPIO_Cfg_Init                       0x08000f45   Thumb Code    90  bsp_gpio.o(i.Lamp_GPIO_Cfg_Init)
    LiftMoto_Gpio_Cfg_Init                   0x08000fa5   Thumb Code   118  bsp_gpio.o(i.LiftMoto_Gpio_Cfg_Init)
    LiftMoto_Task                            0x08001025   Thumb Code     8  app_task.o(i.LiftMoto_Task)
    LimitSwitch_Gpio_Cfg_Init                0x0800102d   Thumb Code    82  bsp_gpio.o(i.LimitSwitch_Gpio_Cfg_Init)
    Mdrv_Task                                0x08001085   Thumb Code     8  app_task.o(i.Mdrv_Task)
    MemManage_Handler                        0x0800108d   Thumb Code     2  stm32f4xx_it.o(i.MemManage_Handler)
    NMI_Handler                              0x0800108f   Thumb Code     2  stm32f4xx_it.o(i.NMI_Handler)
    NVIC_Configuration                       0x08001091   Thumb Code   368  app_system.o(i.NVIC_Configuration)
    NVIC_Init                                0x08001201   Thumb Code    96  misc.o(i.NVIC_Init)
    NVIC_PriorityGroupConfig                 0x08001265   Thumb Code    10  misc.o(i.NVIC_PriorityGroupConfig)
    PC_Power_Cfg_Init                        0x08001279   Thumb Code    90  bsp_gpio.o(i.PC_Power_Cfg_Init)
    PWM_Head_Cfg_Init                        0x080012d9   Thumb Code   210  bsp_pwm.o(i.PWM_Head_Cfg_Init)
    Pmu_Task                                 0x080013b5   Thumb Code    12  app_task.o(i.Pmu_Task)
    PowerSys_Gpio_Cfg_Init                   0x080013c1   Thumb Code   382  bsp_gpio.o(i.PowerSys_Gpio_Cfg_Init)
    Poweroff_Task                            0x08001549   Thumb Code     8  app_task.o(i.Poweroff_Task)
    RCC_AHB1PeriphClockCmd                   0x08001551   Thumb Code    18  stm32f4xx_rcc.o(i.RCC_AHB1PeriphClockCmd)
    RCC_APB1PeriphClockCmd                   0x08001569   Thumb Code    18  stm32f4xx_rcc.o(i.RCC_APB1PeriphClockCmd)
    RCC_APB2PeriphClockCmd                   0x08001581   Thumb Code    18  stm32f4xx_rcc.o(i.RCC_APB2PeriphClockCmd)
    RCC_APB2PeriphResetCmd                   0x08001599   Thumb Code    18  stm32f4xx_rcc.o(i.RCC_APB2PeriphResetCmd)
    RCC_GetClocksFreq                        0x080015b1   Thumb Code   132  stm32f4xx_rcc.o(i.RCC_GetClocksFreq)
    RS485_Cfg_Init                           0x08001641   Thumb Code   194  bsp_rs485.o(i.RS485_Cfg_Init)
    SYSCFG_EXTILineConfig                    0x08001711   Thumb Code    42  stm32f4xx_syscfg.o(i.SYSCFG_EXTILineConfig)
    Send_Mdrv_Task                           0x08001741   Thumb Code     8  app_task.o(i.Send_Mdrv_Task)
    Start_Task                               0x080017fd   Thumb Code   286  app_task.o(i.Start_Task)
    SysTick_CLKSourceConfig                  0x080019fd   Thumb Code    24  misc.o(i.SysTick_CLKSourceConfig)
    SysTick_Handler                          0x08001a15   Thumb Code    20  delay.o(i.SysTick_Handler)
    SystemInit                               0x08001a29   Thumb Code    74  system_stm32f4xx.o(i.SystemInit)
    System_Board_Init                        0x08001a85   Thumb Code   188  app_system.o(i.System_Board_Init)
    System_StartTips                         0x08001b69   Thumb Code   154  app_system.o(i.System_StartTips)
    TIM_ARRPreloadConfig                     0x08001c0d   Thumb Code    20  stm32f4xx_tim.o(i.TIM_ARRPreloadConfig)
    TIM_ClearFlag                            0x08001c21   Thumb Code     6  stm32f4xx_tim.o(i.TIM_ClearFlag)
    TIM_Cmd                                  0x08001c27   Thumb Code    20  stm32f4xx_tim.o(i.TIM_Cmd)
    TIM_CtrlPWMOutputs                       0x08001c3b   Thumb Code    22  stm32f4xx_tim.o(i.TIM_CtrlPWMOutputs)
    TIM_ITConfig                             0x08001c51   Thumb Code    16  stm32f4xx_tim.o(i.TIM_ITConfig)
    TIM_OC3Init                              0x08001c61   Thumb Code   116  stm32f4xx_tim.o(i.TIM_OC3Init)
    TIM_OC3PreloadConfig                     0x08001cdd   Thumb Code    12  stm32f4xx_tim.o(i.TIM_OC3PreloadConfig)
    TIM_OC4Init                              0x08001ce9   Thumb Code    88  stm32f4xx_tim.o(i.TIM_OC4Init)
    TIM_OC4PreloadConfig                     0x08001d49   Thumb Code    20  stm32f4xx_tim.o(i.TIM_OC4PreloadConfig)
    TIM_TimeBaseInit                         0x08001d5d   Thumb Code    96  stm32f4xx_tim.o(i.TIM_TimeBaseInit)
    TIMx_Cfg_Init                            0x08001dd9   Thumb Code    90  bsp_tim.o(i.TIMx_Cfg_Init)
    Test_Task                                0x08001e3d   Thumb Code     8  app_task.o(i.Test_Task)
    USART1_IRQHandler                        0x08002049   Thumb Code    88  usart.o(i.USART1_IRQHandler)
    USART8_Cfg_Init                          0x080021e1   Thumb Code   144  bsp_usart.o(i.USART8_Cfg_Init)
    USART_ClearFlag                          0x08002279   Thumb Code     6  stm32f4xx_usart.o(i.USART_ClearFlag)
    USART_Cmd                                0x0800227f   Thumb Code    20  stm32f4xx_usart.o(i.USART_Cmd)
    USART_GetITStatus                        0x08002293   Thumb Code    62  stm32f4xx_usart.o(i.USART_GetITStatus)
    USART_ITConfig                           0x080022d1   Thumb Code    48  stm32f4xx_usart.o(i.USART_ITConfig)
    USART_Init                               0x08002301   Thumb Code   164  stm32f4xx_usart.o(i.USART_Init)
    USART_ReceiveData                        0x080023ad   Thumb Code     8  stm32f4xx_usart.o(i.USART_ReceiveData)
    USARTx_Cfg_Init                          0x080023b5   Thumb Code    74  bsp_usart.o(i.USARTx_Cfg_Init)
    UsageFault_Handler                       0x08002419   Thumb Code     2  stm32f4xx_it.o(i.UsageFault_Handler)
    _sys_exit                                0x0800241b   Thumb Code     2  usart.o(i._sys_exit)
    delay_init                               0x0800241d   Thumb Code    50  delay.o(i.delay_init)
    delay_ms                                 0x08002455   Thumb Code    52  delay.o(i.delay_ms)
    delay_us                                 0x0800248d   Thumb Code    48  delay.o(i.delay_us)
    filter                                   0x080024c1   Thumb Code    60  bsp_adc.o(i.filter)
    fputc                                    0x08002505   Thumb Code    14  usart.o(i.fputc)
    main                                     0x08002519   Thumb Code    58  main.o(i.main)
    my_mem_init                              0x0800256d   Thumb Code    52  malloc.o(i.my_mem_init)
    my_mem_perused                           0x080025a9   Thumb Code    48  malloc.o(i.my_mem_perused)
    mymemset                                 0x080025e1   Thumb Code    12  malloc.o(i.mymemset)
    pvPortMalloc                             0x08002e51   Thumb Code   214  heap_4.o(i.pvPortMalloc)
    pvTaskIncrementMutexHeldCount            0x08002f65   Thumb Code    18  tasks.o(i.pvTaskIncrementMutexHeldCount)
    pxPortInitialiseStack                    0x08002f7d   Thumb Code    40  port.o(i.pxPortInitialiseStack)
    uxListRemove                             0x08002fa9   Thumb Code    36  list.o(i.uxListRemove)
    vListInitialise                          0x08002fcd   Thumb Code    22  list.o(i.vListInitialise)
    vListInitialiseItem                      0x08002fe3   Thumb Code     6  list.o(i.vListInitialiseItem)
    vListInsert                              0x08002fe9   Thumb Code    48  list.o(i.vListInsert)
    vListInsertEnd                           0x08003019   Thumb Code    24  list.o(i.vListInsertEnd)
    vPortEnterCritical                       0x08003031   Thumb Code    50  port.o(i.vPortEnterCritical)
    vPortExitCritical                        0x080030a9   Thumb Code    34  port.o(i.vPortExitCritical)
    vPortFree                                0x0800310d   Thumb Code    94  heap_4.o(i.vPortFree)
    vPortSetupTimerInterrupt                 0x080031a9   Thumb Code    26  port.o(i.vPortSetupTimerInterrupt)
    vPortValidateInterruptPriority           0x080031c9   Thumb Code    70  port.o(i.vPortValidateInterruptPriority)
    vQueueAddToRegistry                      0x08003255   Thumb Code    32  queue.o(i.vQueueAddToRegistry)
    vQueueWaitForMessageRestricted           0x08003279   Thumb Code    68  queue.o(i.vQueueWaitForMessageRestricted)
    vTaskDelay                               0x080032bd   Thumb Code    62  tasks.o(i.vTaskDelay)
    vTaskDelete                              0x08003329   Thumb Code   152  tasks.o(i.vTaskDelete)
    vTaskMissedYield                         0x080033f5   Thumb Code     8  tasks.o(i.vTaskMissedYield)
    vTaskPlaceOnEventList                    0x08003401   Thumb Code    44  tasks.o(i.vTaskPlaceOnEventList)
    vTaskPlaceOnEventListRestricted          0x08003455   Thumb Code    52  tasks.o(i.vTaskPlaceOnEventListRestricted)
    vTaskPriorityInherit                     0x080034b1   Thumb Code   124  tasks.o(i.vTaskPriorityInherit)
    vTaskSetTimeOutState                     0x08003535   Thumb Code    30  tasks.o(i.vTaskSetTimeOutState)
    vTaskStartScheduler                      0x0800357d   Thumb Code    96  tasks.o(i.vTaskStartScheduler)
    vTaskSuspendAll                          0x08003611   Thumb Code    10  tasks.o(i.vTaskSuspendAll)
    vTaskSwitchContext                       0x08003621   Thumb Code    80  tasks.o(i.vTaskSwitchContext)
    xPortStartScheduler                      0x0800369d   Thumb Code   196  port.o(i.xPortStartScheduler)
    xPortSysTickHandler                      0x080037b1   Thumb Code    38  port.o(i.xPortSysTickHandler)
    xQueueGenericCreate                      0x080037dd   Thumb Code    82  queue.o(i.xQueueGenericCreate)
    xQueueGenericReceive                     0x08003855   Thumb Code   348  queue.o(i.xQueueGenericReceive)
    xQueueGenericReset                       0x080039d9   Thumb Code   128  queue.o(i.xQueueGenericReset)
    xQueueGenericSend                        0x08003a81   Thumb Code   350  queue.o(i.xQueueGenericSend)
    xQueueGenericSendFromISR                 0x08003c09   Thumb Code   188  queue.o(i.xQueueGenericSendFromISR)
    xTaskCheckForTimeOut                     0x08003ce9   Thumb Code    94  tasks.o(i.xTaskCheckForTimeOut)
    xTaskCreate                              0x08003d71   Thumb Code    86  tasks.o(i.xTaskCreate)
    xTaskGetSchedulerState                   0x08003dc9   Thumb Code    22  tasks.o(i.xTaskGetSchedulerState)
    xTaskGetTickCount                        0x08003de5   Thumb Code     6  tasks.o(i.xTaskGetTickCount)
    xTaskIncrementTick                       0x08003df1   Thumb Code   188  tasks.o(i.xTaskIncrementTick)
    xTaskPriorityDisinherit                  0x08003ed9   Thumb Code   136  tasks.o(i.xTaskPriorityDisinherit)
    xTaskRemoveFromEventList                 0x08003f8d   Thumb Code   102  tasks.o(i.xTaskRemoveFromEventList)
    xTaskResumeAll                           0x08004025   Thumb Code   180  tasks.o(i.xTaskResumeAll)
    xTimerCreate                             0x08004109   Thumb Code    74  timers.o(i.xTimerCreate)
    xTimerCreateTimerTask                    0x0800417d   Thumb Code    58  timers.o(i.xTimerCreateTimerTask)
    xTimerGenericCommand                     0x080041f1   Thumb Code    98  timers.o(i.xTimerGenericCommand)
    _fp_init                                 0x08004281   Thumb Code    10  fpinit.o(x$fpl$fpinit)
    __fplib_config_fpu_vfp                   0x08004289   Thumb Code     0  fpinit.o(x$fpl$fpinit)
    __fplib_config_pureend_doubles           0x08004289   Thumb Code     0  fpinit.o(x$fpl$fpinit)
    memtblsize                               0x0800428c   Data          12  malloc.o(.constdata)
    memblksize                               0x08004298   Data          12  malloc.o(.constdata)
    memsize                                  0x080042a4   Data          12  malloc.o(.constdata)
    Region$$Table$$Base                      0x080042b0   Number         0  anon$$obj.o(Region$$Table)
    Region$$Table$$Limit                     0x080042d0   Number         0  anon$$obj.o(Region$$Table)
    mem3base                                 0x10000000   Data       61440  malloc.o(.ARM.__AT_0x10000000)
    mem3mapbase                              0x1000f000   Data        3840  malloc.o(.ARM.__AT_0x1000F000)
    Start_Task_Handler                       0x20000004   Data           4  app_task.o(.data)
    Pmu_Task_Handler                         0x20000008   Data           4  app_task.o(.data)
    Cammand_Task_Handler                     0x2000000c   Data           4  app_task.o(.data)
    Err_Task_Handler                         0x20000010   Data           4  app_task.o(.data)
    Poweroff_Task_Handler                    0x20000014   Data           4  app_task.o(.data)
    Chg_Task_Handler                         0x20000018   Data           4  app_task.o(.data)
    Test_Task_Handler                        0x2000001c   Data           4  app_task.o(.data)
    Head_Ctrl_Task_Handler                   0x20000020   Data           4  app_task.o(.data)
    AutoCharge_Task_Handler                  0x20000024   Data           4  app_task.o(.data)
    Send_Mdrv_Task_Handler                   0x20000028   Data           4  app_task.o(.data)
    Mdrv_Task_Handler                        0x2000002c   Data           4  app_task.o(.data)
    LiftMoto_Task_Handler                    0x20000030   Data           4  app_task.o(.data)
    LED_Task_Handler                         0x20000034   Data           4  app_task.o(.data)
    SystemCoreClock                          0x20000038   Data           4  system_stm32f4xx.o(.data)
    AHBPrescTable                            0x2000003c   Data          16  system_stm32f4xx.o(.data)
    USART_RX_STA                             0x20000050   Data           2  usart.o(.data)
    __stdout                                 0x20000054   Data           4  usart.o(.data)
    mallco_dev                               0x20000058   Data          36  malloc.o(.data)
    pxCurrentTCB                             0x2000008c   Data           4  tasks.o(.data)
    ADC_Filter_Value                         0x20000100   Data          12  bsp_adc.o(.bss)
    AD_Value                                 0x2000010c   Data         192  bsp_adc.o(.bss)
    USART_RX_BUF                             0x200001cc   Data         200  usart.o(.bss)
    mem1base                                 0x200002a0   Data       51200  malloc.o(.bss)
    mem1mapbase                              0x2000caa0   Data        3200  malloc.o(.bss)
    xQueueRegistry                           0x2000d720   Data          64  queue.o(.bss)
    __libspace_start                         0x20012a6c   Data          96  libspace.o(.bss)
    __temporary_stack_top$libspace           0x20012acc   Data           0  libspace.o(.bss)
    mem2base                                 0x68000000   Data       983040  malloc.o(.ARM.__AT_0x68000000)
    mem2mapbase                              0x680f0000   Data       61440  malloc.o(.ARM.__AT_0x680F0000)



==============================================================================

Memory Map of the image

  Image Entry point : 0x08000189

  Load Region LR_IROM1 (Base: 0x08000000, Size: 0x000043d0, Max: 0x00100000, ABSOLUTE)

    Execution Region ER_IROM1 (Exec base: 0x08000000, Load base: 0x08000000, Size: 0x000042d0, Max: 0x00100000, ABSOLUTE)

    Exec Addr    Load Addr    Size         Type   Attr      Idx    E Section Name        Object

    0x08000000   0x08000000   0x00000188   Data   RO         1297    RESET               startup_stm32f40_41xxx.o
    0x08000188   0x08000188   0x00000008   Code   RO         5120  * !!!main             c_w.l(__main.o)
    0x08000190   0x08000190   0x00000034   Code   RO         5300    !!!scatter          c_w.l(__scatter.o)
    0x080001c4   0x080001c4   0x0000001a   Code   RO         5302    !!handler_copy      c_w.l(__scatter_copy.o)
    0x080001de   0x080001de   0x00000002   PAD
    0x080001e0   0x080001e0   0x0000001c   Code   RO         5304    !!handler_zi        c_w.l(__scatter_zi.o)
    0x080001fc   0x080001fc   0x00000000   Code   RO         5109    .ARM.Collect$$_printf_percent$$00000000  c_w.l(_printf_percent.o)
    0x080001fc   0x080001fc   0x00000006   Code   RO         5107    .ARM.Collect$$_printf_percent$$00000009  c_w.l(_printf_d.o)
    0x08000202   0x08000202   0x00000006   Code   RO         5106    .ARM.Collect$$_printf_percent$$00000014  c_w.l(_printf_s.o)
    0x08000208   0x08000208   0x00000004   Code   RO         5135    .ARM.Collect$$_printf_percent$$00000017  c_w.l(_printf_percent_end.o)
    0x0800020c   0x0800020c   0x00000002   Code   RO         5172    .ARM.Collect$$libinit$$00000000  c_w.l(libinit.o)
    0x0800020e   0x0800020e   0x00000004   Code   RO         5178    .ARM.Collect$$libinit$$00000001  c_w.l(libinit2.o)
    0x08000212   0x08000212   0x00000000   Code   RO         5181    .ARM.Collect$$libinit$$00000004  c_w.l(libinit2.o)
    0x08000212   0x08000212   0x00000000   Code   RO         5184    .ARM.Collect$$libinit$$0000000A  c_w.l(libinit2.o)
    0x08000212   0x08000212   0x00000000   Code   RO         5186    .ARM.Collect$$libinit$$0000000C  c_w.l(libinit2.o)
    0x08000212   0x08000212   0x00000000   Code   RO         5188    .ARM.Collect$$libinit$$0000000E  c_w.l(libinit2.o)
    0x08000212   0x08000212   0x00000000   Code   RO         5191    .ARM.Collect$$libinit$$00000011  c_w.l(libinit2.o)
    0x08000212   0x08000212   0x00000000   Code   RO         5193    .ARM.Collect$$libinit$$00000013  c_w.l(libinit2.o)
    0x08000212   0x08000212   0x00000000   Code   RO         5195    .ARM.Collect$$libinit$$00000015  c_w.l(libinit2.o)
    0x08000212   0x08000212   0x00000000   Code   RO         5197    .ARM.Collect$$libinit$$00000017  c_w.l(libinit2.o)
    0x08000212   0x08000212   0x00000000   Code   RO         5199    .ARM.Collect$$libinit$$00000019  c_w.l(libinit2.o)
    0x08000212   0x08000212   0x00000000   Code   RO         5201    .ARM.Collect$$libinit$$0000001B  c_w.l(libinit2.o)
    0x08000212   0x08000212   0x00000000   Code   RO         5203    .ARM.Collect$$libinit$$0000001D  c_w.l(libinit2.o)
    0x08000212   0x08000212   0x00000000   Code   RO         5205    .ARM.Collect$$libinit$$0000001F  c_w.l(libinit2.o)
    0x08000212   0x08000212   0x00000000   Code   RO         5207    .ARM.Collect$$libinit$$00000021  c_w.l(libinit2.o)
    0x08000212   0x08000212   0x00000000   Code   RO         5209    .ARM.Collect$$libinit$$00000023  c_w.l(libinit2.o)
    0x08000212   0x08000212   0x00000000   Code   RO         5211    .ARM.Collect$$libinit$$00000025  c_w.l(libinit2.o)
    0x08000212   0x08000212   0x00000000   Code   RO         5215    .ARM.Collect$$libinit$$0000002C  c_w.l(libinit2.o)
    0x08000212   0x08000212   0x00000000   Code   RO         5217    .ARM.Collect$$libinit$$0000002E  c_w.l(libinit2.o)
    0x08000212   0x08000212   0x00000000   Code   RO         5219    .ARM.Collect$$libinit$$00000030  c_w.l(libinit2.o)
    0x08000212   0x08000212   0x00000000   Code   RO         5221    .ARM.Collect$$libinit$$00000032  c_w.l(libinit2.o)
    0x08000212   0x08000212   0x00000002   Code   RO         5222    .ARM.Collect$$libinit$$00000033  c_w.l(libinit2.o)
    0x08000214   0x08000214   0x00000002   Code   RO         5240    .ARM.Collect$$libshutdown$$00000000  c_w.l(libshutdown.o)
    0x08000216   0x08000216   0x00000000   Code   RO         5250    .ARM.Collect$$libshutdown$$00000002  c_w.l(libshutdown2.o)
    0x08000216   0x08000216   0x00000000   Code   RO         5252    .ARM.Collect$$libshutdown$$00000004  c_w.l(libshutdown2.o)
    0x08000216   0x08000216   0x00000000   Code   RO         5254    .ARM.Collect$$libshutdown$$00000006  c_w.l(libshutdown2.o)
    0x08000216   0x08000216   0x00000000   Code   RO         5257    .ARM.Collect$$libshutdown$$00000009  c_w.l(libshutdown2.o)
    0x08000216   0x08000216   0x00000000   Code   RO         5260    .ARM.Collect$$libshutdown$$0000000C  c_w.l(libshutdown2.o)
    0x08000216   0x08000216   0x00000000   Code   RO         5262    .ARM.Collect$$libshutdown$$0000000E  c_w.l(libshutdown2.o)
    0x08000216   0x08000216   0x00000000   Code   RO         5265    .ARM.Collect$$libshutdown$$00000011  c_w.l(libshutdown2.o)
    0x08000216   0x08000216   0x00000002   Code   RO         5266    .ARM.Collect$$libshutdown$$00000012  c_w.l(libshutdown2.o)
    0x08000218   0x08000218   0x00000000   Code   RO         5124    .ARM.Collect$$rtentry$$00000000  c_w.l(__rtentry.o)
    0x08000218   0x08000218   0x00000000   Code   RO         5141    .ARM.Collect$$rtentry$$00000002  c_w.l(__rtentry2.o)
    0x08000218   0x08000218   0x00000006   Code   RO         5153    .ARM.Collect$$rtentry$$00000004  c_w.l(__rtentry4.o)
    0x0800021e   0x0800021e   0x00000000   Code   RO         5143    .ARM.Collect$$rtentry$$00000009  c_w.l(__rtentry2.o)
    0x0800021e   0x0800021e   0x00000004   Code   RO         5144    .ARM.Collect$$rtentry$$0000000A  c_w.l(__rtentry2.o)
    0x08000222   0x08000222   0x00000000   Code   RO         5146    .ARM.Collect$$rtentry$$0000000C  c_w.l(__rtentry2.o)
    0x08000222   0x08000222   0x00000008   Code   RO         5147    .ARM.Collect$$rtentry$$0000000D  c_w.l(__rtentry2.o)
    0x0800022a   0x0800022a   0x00000002   Code   RO         5176    .ARM.Collect$$rtexit$$00000000  c_w.l(rtexit.o)
    0x0800022c   0x0800022c   0x00000000   Code   RO         5224    .ARM.Collect$$rtexit$$00000002  c_w.l(rtexit2.o)
    0x0800022c   0x0800022c   0x00000004   Code   RO         5225    .ARM.Collect$$rtexit$$00000003  c_w.l(rtexit2.o)
    0x08000230   0x08000230   0x00000006   Code   RO         5226    .ARM.Collect$$rtexit$$00000004  c_w.l(rtexit2.o)
    0x08000236   0x08000236   0x00000002   PAD
    0x08000238   0x08000238   0x000000b6   Code   RO         4927    .emb_text           port.o
    0x080002ee   0x080002ee   0x00000002   PAD
    0x080002f0   0x080002f0   0x00000040   Code   RO         1298    .text               startup_stm32f40_41xxx.o
    0x08000330   0x08000330   0x00000002   Code   RO         5069    .text               c_w.l(use_no_semi_2.o)
    0x08000332   0x08000332   0x00000002   PAD
    0x08000334   0x08000334   0x00000018   Code   RO         5075    .text               c_w.l(noretval__2printf.o)
    0x0800034c   0x0800034c   0x00000068   Code   RO         5079    .text               c_w.l(__printf.o)
    0x080003b4   0x080003b4   0x00000052   Code   RO         5081    .text               c_w.l(_printf_str.o)
    0x08000406   0x08000406   0x00000002   PAD
    0x08000408   0x08000408   0x00000078   Code   RO         5083    .text               c_w.l(_printf_dec.o)
    0x08000480   0x08000480   0x0000008a   Code   RO         5114    .text               c_w.l(rt_memcpy_v6.o)
    0x0800050a   0x0800050a   0x00000010   Code   RO         5116    .text               c_w.l(aeabi_memset.o)
    0x0800051a   0x0800051a   0x00000006   Code   RO         5118    .text               c_w.l(heapauxi.o)
    0x08000520   0x08000520   0x00000002   Code   RO         5122    .text               c_w.l(use_no_semi.o)
    0x08000522   0x08000522   0x000000b2   Code   RO         5125    .text               c_w.l(_printf_intcommon.o)
    0x080005d4   0x080005d4   0x00000030   Code   RO         5127    .text               c_w.l(_printf_char_common.o)
    0x08000604   0x08000604   0x0000002c   Code   RO         5131    .text               c_w.l(_printf_char.o)
    0x08000630   0x08000630   0x00000024   Code   RO         5133    .text               c_w.l(_printf_char_file.o)
    0x08000654   0x08000654   0x00000064   Code   RO         5136    .text               c_w.l(rt_memcpy_w.o)
    0x080006b8   0x080006b8   0x00000044   Code   RO         5138    .text               c_w.l(rt_memclr.o)
    0x080006fc   0x080006fc   0x00000008   Code   RO         5157    .text               c_w.l(ferror.o)
    0x08000704   0x08000704   0x0000004e   Code   RO         5161    .text               c_w.l(rt_memclr_w.o)
    0x08000752   0x08000752   0x0000004a   Code   RO         5163    .text               c_w.l(sys_stackheap_outer.o)
    0x0800079c   0x0800079c   0x00000012   Code   RO         5165    .text               c_w.l(exit.o)
    0x080007ae   0x080007ae   0x00000002   PAD
    0x080007b0   0x080007b0   0x00000008   Code   RO         5173    .text               c_w.l(libspace.o)
    0x080007b8   0x080007b8   0x00000104   Code   RO            3    i.ADC_Cfg_Init      bsp_adc.o
    0x080008bc   0x080008bc   0x00000014   Code   RO         1310    i.ADC_Cmd           stm32f4xx_adc.o
    0x080008d0   0x080008d0   0x0000002c   Code   RO         1311    i.ADC_CommonInit    stm32f4xx_adc.o
    0x080008fc   0x080008fc   0x00000014   Code   RO         1314    i.ADC_DMACmd        stm32f4xx_adc.o
    0x08000910   0x08000910   0x00000014   Code   RO         1315    i.ADC_DMARequestAfterLastTransferCmd  stm32f4xx_adc.o
    0x08000924   0x08000924   0x0000007c   Code   RO            4    i.ADC_DMA_Cfg_Init  bsp_adc.o
    0x080009a0   0x080009a0   0x0000004c   Code   RO         1330    i.ADC_Init          stm32f4xx_adc.o
    0x080009ec   0x080009ec   0x00000074   Code   RO         1335    i.ADC_RegularChannelConfig  stm32f4xx_adc.o
    0x08000a60   0x08000a60   0x0000000a   Code   RO         1337    i.ADC_SoftwareStartConv  stm32f4xx_adc.o
    0x08000a6a   0x08000a6a   0x00000004   Code   RO          735    i.AT24CXX_Init      app_24cxx.o
    0x08000a6e   0x08000a6e   0x00000008   Code   RO          623    i.AutoCharge_Task   app_task.o
    0x08000a76   0x08000a76   0x00000002   PAD
    0x08000a78   0x08000a78   0x00000040   Code   RO          285    i.BEEP_GPIO_Cfg_Init  bsp_gpio.o
    0x08000ab8   0x08000ab8   0x00000002   Code   RO          972    i.BusFault_Handler  stm32f4xx_it.o
    0x08000aba   0x08000aba   0x00000008   Code   RO          624    i.Cammand_Task      app_task.o
    0x08000ac2   0x08000ac2   0x00000008   Code   RO          625    i.Chg_Task          app_task.o
    0x08000aca   0x08000aca   0x00000002   PAD
    0x08000acc   0x08000acc   0x00000058   Code   RO          286    i.Crash_Gpio_Cfg_Init  bsp_gpio.o
    0x08000b24   0x08000b24   0x0000002c   Code   RO            5    i.DMA2_Stream0_IRQHandler  bsp_adc.o
    0x08000b50   0x08000b50   0x0000002c   Code   RO         1662    i.DMA_ClearFlag     stm32f4xx_dma.o
    0x08000b7c   0x08000b7c   0x0000002c   Code   RO         1663    i.DMA_ClearITPendingBit  stm32f4xx_dma.o
    0x08000ba8   0x08000ba8   0x00000014   Code   RO         1664    i.DMA_Cmd           stm32f4xx_dma.o
    0x08000bbc   0x08000bbc   0x0000000e   Code   RO         1669    i.DMA_GetCmdStatus  stm32f4xx_dma.o
    0x08000bca   0x08000bca   0x00000002   PAD
    0x08000bcc   0x08000bcc   0x00000054   Code   RO         1674    i.DMA_GetITStatus   stm32f4xx_dma.o
    0x08000c20   0x08000c20   0x0000002c   Code   RO         1675    i.DMA_ITConfig      stm32f4xx_dma.o
    0x08000c4c   0x08000c4c   0x00000054   Code   RO         1676    i.DMA_Init          stm32f4xx_dma.o
    0x08000ca0   0x08000ca0   0x00000002   Code   RO          973    i.DebugMon_Handler  stm32f4xx_it.o
    0x08000ca2   0x08000ca2   0x00000002   PAD
    0x08000ca4   0x08000ca4   0x00000070   Code   RO         1796    i.EXTI_Init         stm32f4xx_exti.o
    0x08000d14   0x08000d14   0x0000000c   Code   RO          626    i.Err_Handle_Task   app_task.o
    0x08000d20   0x08000d20   0x00000078   Code   RO         1853    i.GPIO_Init         stm32f4xx_gpio.o
    0x08000d98   0x08000d98   0x00000020   Code   RO         1854    i.GPIO_PinAFConfig  stm32f4xx_gpio.o
    0x08000db8   0x08000db8   0x00000004   Code   RO         1860    i.GPIO_ResetBits    stm32f4xx_gpio.o
    0x08000dbc   0x08000dbc   0x00000004   Code   RO         1861    i.GPIO_SetBits      stm32f4xx_gpio.o
    0x08000dc0   0x08000dc0   0x00000002   Code   RO          974    i.HardFault_Handler  stm32f4xx_it.o
    0x08000dc2   0x08000dc2   0x00000008   Code   RO          627    i.Head_Ctrl_Task    app_task.o
    0x08000dca   0x08000dca   0x00000002   PAD
    0x08000dcc   0x08000dcc   0x00000040   Code   RO          360    i.IIC_Init          bsp_iic.o
    0x08000e0c   0x08000e0c   0x0000006c   Code   RO          287    i.IR_Decoding_GPIO_Cfg_Init  bsp_gpio.o
    0x08000e78   0x08000e78   0x00000004   Code   RO          421    i.IWDG_Feed         bsp_iwdg.o
    0x08000e7c   0x08000e7c   0x00000010   Code   RO         2176    i.IWDG_ReloadCounter  stm32f4xx_iwdg.o
    0x08000e8c   0x08000e8c   0x0000009c   Code   RO          288    i.LED_GPIO_Cfg_Init  bsp_gpio.o
    0x08000f28   0x08000f28   0x0000001c   Code   RO          628    i.LED_Task          app_task.o
    0x08000f44   0x08000f44   0x00000060   Code   RO          289    i.Lamp_GPIO_Cfg_Init  bsp_gpio.o
    0x08000fa4   0x08000fa4   0x00000080   Code   RO          290    i.LiftMoto_Gpio_Cfg_Init  bsp_gpio.o
    0x08001024   0x08001024   0x00000008   Code   RO          629    i.LiftMoto_Task     app_task.o
    0x0800102c   0x0800102c   0x00000058   Code   RO          291    i.LimitSwitch_Gpio_Cfg_Init  bsp_gpio.o
    0x08001084   0x08001084   0x00000008   Code   RO          630    i.Mdrv_Task         app_task.o
    0x0800108c   0x0800108c   0x00000002   Code   RO          975    i.MemManage_Handler  stm32f4xx_it.o
    0x0800108e   0x0800108e   0x00000002   Code   RO          976    i.NMI_Handler       stm32f4xx_it.o
    0x08001090   0x08001090   0x00000170   Code   RO          903    i.NVIC_Configuration  app_system.o
    0x08001200   0x08001200   0x00000064   Code   RO         3123    i.NVIC_Init         misc.o
    0x08001264   0x08001264   0x00000014   Code   RO         3124    i.NVIC_PriorityGroupConfig  misc.o
    0x08001278   0x08001278   0x00000060   Code   RO          292    i.PC_Power_Cfg_Init  bsp_gpio.o
    0x080012d8   0x080012d8   0x000000dc   Code   RO          448    i.PWM_Head_Cfg_Init  bsp_pwm.o
    0x080013b4   0x080013b4   0x0000000c   Code   RO          631    i.Pmu_Task          app_task.o
    0x080013c0   0x080013c0   0x00000188   Code   RO          293    i.PowerSys_Gpio_Cfg_Init  bsp_gpio.o
    0x08001548   0x08001548   0x00000008   Code   RO          632    i.Poweroff_Task     app_task.o
    0x08001550   0x08001550   0x00000018   Code   RO         3223    i.RCC_AHB1PeriphClockCmd  stm32f4xx_rcc.o
    0x08001568   0x08001568   0x00000018   Code   RO         3232    i.RCC_APB1PeriphClockCmd  stm32f4xx_rcc.o
    0x08001580   0x08001580   0x00000018   Code   RO         3235    i.RCC_APB2PeriphClockCmd  stm32f4xx_rcc.o
    0x08001598   0x08001598   0x00000018   Code   RO         3237    i.RCC_APB2PeriphResetCmd  stm32f4xx_rcc.o
    0x080015b0   0x080015b0   0x00000090   Code   RO         3244    i.RCC_GetClocksFreq  stm32f4xx_rcc.o
    0x08001640   0x08001640   0x000000d0   Code   RO          496    i.RS485_Cfg_Init    bsp_rs485.o
    0x08001710   0x08001710   0x00000030   Code   RO         3170    i.SYSCFG_EXTILineConfig  stm32f4xx_syscfg.o
    0x08001740   0x08001740   0x00000008   Code   RO          633    i.Send_Mdrv_Task    app_task.o
    0x08001748   0x08001748   0x000000b4   Code   RO         1051    i.SetSysClock       system_stm32f4xx.o
    0x080017fc   0x080017fc   0x00000200   Code   RO          634    i.Start_Task        app_task.o
    0x080019fc   0x080019fc   0x00000018   Code   RO         3127    i.SysTick_CLKSourceConfig  misc.o
    0x08001a14   0x08001a14   0x00000014   Code   RO         1088    i.SysTick_Handler   delay.o
    0x08001a28   0x08001a28   0x0000005c   Code   RO         1053    i.SystemInit        system_stm32f4xx.o
    0x08001a84   0x08001a84   0x000000e4   Code   RO          904    i.System_Board_Init  app_system.o
    0x08001b68   0x08001b68   0x000000a4   Code   RO          905    i.System_StartTips  app_system.o
    0x08001c0c   0x08001c0c   0x00000014   Code   RO         2390    i.TIM_ARRPreloadConfig  stm32f4xx_tim.o
    0x08001c20   0x08001c20   0x00000006   Code   RO         2396    i.TIM_ClearFlag     stm32f4xx_tim.o
    0x08001c26   0x08001c26   0x00000014   Code   RO         2402    i.TIM_Cmd           stm32f4xx_tim.o
    0x08001c3a   0x08001c3a   0x00000016   Code   RO         2404    i.TIM_CtrlPWMOutputs  stm32f4xx_tim.o
    0x08001c50   0x08001c50   0x00000010   Code   RO         2427    i.TIM_ITConfig      stm32f4xx_tim.o
    0x08001c60   0x08001c60   0x0000007c   Code   RO         2441    i.TIM_OC3Init       stm32f4xx_tim.o
    0x08001cdc   0x08001cdc   0x0000000c   Code   RO         2444    i.TIM_OC3PreloadConfig  stm32f4xx_tim.o
    0x08001ce8   0x08001ce8   0x00000060   Code   RO         2446    i.TIM_OC4Init       stm32f4xx_tim.o
    0x08001d48   0x08001d48   0x00000014   Code   RO         2448    i.TIM_OC4PreloadConfig  stm32f4xx_tim.o
    0x08001d5c   0x08001d5c   0x0000007c   Code   RO         2474    i.TIM_TimeBaseInit  stm32f4xx_tim.o
    0x08001dd8   0x08001dd8   0x00000064   Code   RO          534    i.TIMx_Cfg_Init     bsp_tim.o
    0x08001e3c   0x08001e3c   0x00000008   Code   RO          635    i.Test_Task         app_task.o
    0x08001e44   0x08001e44   0x0000009c   Code   RO          554    i.UART4_Cfg_Init    bsp_usart.o
    0x08001ee0   0x08001ee0   0x000000cc   Code   RO          555    i.UART5_Cfg_Init    bsp_usart.o
    0x08001fac   0x08001fac   0x0000009c   Code   RO          556    i.USART1_Cfg_Init   bsp_usart.o
    0x08002048   0x08002048   0x00000064   Code   RO         1162    i.USART1_IRQHandler  usart.o
    0x080020ac   0x080020ac   0x00000098   Code   RO          557    i.USART2_Cfg_Init   bsp_usart.o
    0x08002144   0x08002144   0x0000009c   Code   RO          558    i.USART3_Cfg_Init   bsp_usart.o
    0x080021e0   0x080021e0   0x00000098   Code   RO          559    i.USART8_Cfg_Init   bsp_usart.o
    0x08002278   0x08002278   0x00000006   Code   RO         2935    i.USART_ClearFlag   stm32f4xx_usart.o
    0x0800227e   0x0800227e   0x00000014   Code   RO         2939    i.USART_Cmd         stm32f4xx_usart.o
    0x08002292   0x08002292   0x0000003e   Code   RO         2943    i.USART_GetITStatus  stm32f4xx_usart.o
    0x080022d0   0x080022d0   0x00000030   Code   RO         2945    i.USART_ITConfig    stm32f4xx_usart.o
    0x08002300   0x08002300   0x000000ac   Code   RO         2946    i.USART_Init        stm32f4xx_usart.o
    0x080023ac   0x080023ac   0x00000008   Code   RO         2953    i.USART_ReceiveData  stm32f4xx_usart.o
    0x080023b4   0x080023b4   0x00000064   Code   RO          560    i.USARTx_Cfg_Init   bsp_usart.o
    0x08002418   0x08002418   0x00000002   Code   RO          977    i.UsageFault_Handler  stm32f4xx_it.o
    0x0800241a   0x0800241a   0x00000002   Code   RO         1163    i._sys_exit         usart.o
    0x0800241c   0x0800241c   0x00000038   Code   RO         1089    i.delay_init        delay.o
    0x08002454   0x08002454   0x00000038   Code   RO         1090    i.delay_ms          delay.o
    0x0800248c   0x0800248c   0x00000034   Code   RO         1091    i.delay_us          delay.o
    0x080024c0   0x080024c0   0x00000044   Code   RO            6    i.filter            bsp_adc.o
    0x08002504   0x08002504   0x00000014   Code   RO         1164    i.fputc             usart.o
    0x08002518   0x08002518   0x00000054   Code   RO          949    i.main              main.o
    0x0800256c   0x0800256c   0x0000003c   Code   RO         1219    i.my_mem_init       malloc.o
    0x080025a8   0x080025a8   0x00000038   Code   RO         1221    i.my_mem_perused    malloc.o
    0x080025e0   0x080025e0   0x0000000c   Code   RO         1225    i.mymemset          malloc.o
    0x080025ec   0x080025ec   0x00000070   Code   RO         4446    i.prvAddCurrentTaskToDelayedList  tasks.o
    0x0800265c   0x0800265c   0x000000d0   Code   RO         4447    i.prvAddNewTaskToReadyList  tasks.o
    0x0800272c   0x0800272c   0x00000050   Code   RO         4799    i.prvCheckForValidListAndQueue  timers.o
    0x0800277c   0x0800277c   0x00000054   Code   RO         4448    i.prvCheckTasksWaitingTermination  tasks.o
    0x080027d0   0x080027d0   0x00000026   Code   RO         4217    i.prvCopyDataFromQueue  queue.o
    0x080027f6   0x080027f6   0x0000006c   Code   RO         4218    i.prvCopyDataToQueue  queue.o
    0x08002862   0x08002862   0x00000014   Code   RO         4449    i.prvDeleteTCB      tasks.o
    0x08002876   0x08002876   0x00000002   PAD
    0x08002878   0x08002878   0x0000004c   Code   RO         5012    i.prvHeapInit       heap_4.o
    0x080028c4   0x080028c4   0x00000028   Code   RO         4450    i.prvIdleTask       tasks.o
    0x080028ec   0x080028ec   0x000000c0   Code   RO         4451    i.prvInitialiseNewTask  tasks.o
    0x080029ac   0x080029ac   0x0000004c   Code   RO         5013    i.prvInsertBlockIntoFreeList  heap_4.o
    0x080029f8   0x080029f8   0x00000038   Code   RO         4800    i.prvInsertTimerInActiveList  timers.o
    0x08002a30   0x08002a30   0x0000001a   Code   RO         4219    i.prvIsQueueEmpty   queue.o
    0x08002a4a   0x08002a4a   0x00000002   PAD
    0x08002a4c   0x08002a4c   0x00000090   Code   RO         4220    i.prvNotifyQueueSetContainer  queue.o
    0x08002adc   0x08002adc   0x00000060   Code   RO         4801    i.prvProcessExpiredTimer  timers.o
    0x08002b3c   0x08002b3c   0x000000f0   Code   RO         4802    i.prvProcessReceivedCommands  timers.o
    0x08002c2c   0x08002c2c   0x0000006c   Code   RO         4803    i.prvProcessTimerOrBlockTask  timers.o
    0x08002c98   0x08002c98   0x00000020   Code   RO         4453    i.prvResetNextTaskUnblockTime  tasks.o
    0x08002cb8   0x08002cb8   0x00000028   Code   RO         4804    i.prvSampleTimeNow  timers.o
    0x08002ce0   0x08002ce0   0x0000006c   Code   RO         4805    i.prvSwitchTimerLists  timers.o
    0x08002d4c   0x08002d4c   0x00000064   Code   RO         4928    i.prvTaskExitError  port.o
    0x08002db0   0x08002db0   0x00000028   Code   RO         4806    i.prvTimerTask      timers.o
    0x08002dd8   0x08002dd8   0x00000078   Code   RO         4221    i.prvUnlockQueue    queue.o
    0x08002e50   0x08002e50   0x00000114   Code   RO         5014    i.pvPortMalloc      heap_4.o
    0x08002f64   0x08002f64   0x00000018   Code   RO         4455    i.pvTaskIncrementMutexHeldCount  tasks.o
    0x08002f7c   0x08002f7c   0x0000002c   Code   RO         4929    i.pxPortInitialiseStack  port.o
    0x08002fa8   0x08002fa8   0x00000024   Code   RO         4172    i.uxListRemove      list.o
    0x08002fcc   0x08002fcc   0x00000016   Code   RO         4173    i.vListInitialise   list.o
    0x08002fe2   0x08002fe2   0x00000006   Code   RO         4174    i.vListInitialiseItem  list.o
    0x08002fe8   0x08002fe8   0x00000030   Code   RO         4175    i.vListInsert       list.o
    0x08003018   0x08003018   0x00000018   Code   RO         4176    i.vListInsertEnd    list.o
    0x08003030   0x08003030   0x00000078   Code   RO         4931    i.vPortEnterCritical  port.o
    0x080030a8   0x080030a8   0x00000064   Code   RO         4932    i.vPortExitCritical  port.o
    0x0800310c   0x0800310c   0x0000009c   Code   RO         5015    i.vPortFree         heap_4.o
    0x080031a8   0x080031a8   0x00000020   Code   RO         4933    i.vPortSetupTimerInterrupt  port.o
    0x080031c8   0x080031c8   0x0000008c   Code   RO         4934    i.vPortValidateInterruptPriority  port.o
    0x08003254   0x08003254   0x00000024   Code   RO         4227    i.vQueueAddToRegistry  queue.o
    0x08003278   0x08003278   0x00000044   Code   RO         4231    i.vQueueWaitForMessageRestricted  queue.o
    0x080032bc   0x080032bc   0x0000006c   Code   RO         4463    i.vTaskDelay        tasks.o
    0x08003328   0x08003328   0x000000cc   Code   RO         4465    i.vTaskDelete       tasks.o
    0x080033f4   0x080033f4   0x0000000c   Code   RO         4469    i.vTaskMissedYield  tasks.o
    0x08003400   0x08003400   0x00000054   Code   RO         4471    i.vTaskPlaceOnEventList  tasks.o
    0x08003454   0x08003454   0x0000005c   Code   RO         4472    i.vTaskPlaceOnEventListRestricted  tasks.o
    0x080034b0   0x080034b0   0x00000084   Code   RO         4474    i.vTaskPriorityInherit  tasks.o
    0x08003534   0x08003534   0x00000048   Code   RO         4478    i.vTaskSetTimeOutState  tasks.o
    0x0800357c   0x0800357c   0x00000094   Code   RO         4479    i.vTaskStartScheduler  tasks.o
    0x08003610   0x08003610   0x00000010   Code   RO         4481    i.vTaskSuspendAll   tasks.o
    0x08003620   0x08003620   0x0000007c   Code   RO         4482    i.vTaskSwitchContext  tasks.o
    0x0800369c   0x0800369c   0x00000114   Code   RO         4935    i.xPortStartScheduler  port.o
    0x080037b0   0x080037b0   0x0000002c   Code   RO         4936    i.xPortSysTickHandler  port.o
    0x080037dc   0x080037dc   0x00000078   Code   RO         4236    i.xQueueGenericCreate  queue.o
    0x08003854   0x08003854   0x00000184   Code   RO         4237    i.xQueueGenericReceive  queue.o
    0x080039d8   0x080039d8   0x000000a8   Code   RO         4238    i.xQueueGenericReset  queue.o
    0x08003a80   0x08003a80   0x00000188   Code   RO         4239    i.xQueueGenericSend  queue.o
    0x08003c08   0x08003c08   0x000000e0   Code   RO         4240    i.xQueueGenericSendFromISR  queue.o
    0x08003ce8   0x08003ce8   0x00000088   Code   RO         4483    i.xTaskCheckForTimeOut  tasks.o
    0x08003d70   0x08003d70   0x00000056   Code   RO         4484    i.xTaskCreate       tasks.o
    0x08003dc6   0x08003dc6   0x00000002   PAD
    0x08003dc8   0x08003dc8   0x0000001c   Code   RO         4488    i.xTaskGetSchedulerState  tasks.o
    0x08003de4   0x08003de4   0x0000000c   Code   RO         4489    i.xTaskGetTickCount  tasks.o
    0x08003df0   0x08003df0   0x000000e8   Code   RO         4491    i.xTaskIncrementTick  tasks.o
    0x08003ed8   0x08003ed8   0x000000b4   Code   RO         4494    i.xTaskPriorityDisinherit  tasks.o
    0x08003f8c   0x08003f8c   0x00000098   Code   RO         4495    i.xTaskRemoveFromEventList  tasks.o
    0x08004024   0x08004024   0x000000e4   Code   RO         4497    i.xTaskResumeAll    tasks.o
    0x08004108   0x08004108   0x00000074   Code   RO         4809    i.xTimerCreate      timers.o
    0x0800417c   0x0800417c   0x00000074   Code   RO         4810    i.xTimerCreateTimerTask  timers.o
    0x080041f0   0x080041f0   0x00000090   Code   RO         4811    i.xTimerGenericCommand  timers.o
    0x08004280   0x08004280   0x0000000a   Code   RO         5232    x$fpl$fpinit        fz_wm.l(fpinit.o)
    0x0800428a   0x0800428a   0x00000002   PAD
    0x0800428c   0x0800428c   0x00000024   Data   RO         1233    .constdata          malloc.o
    0x080042b0   0x080042b0   0x00000020   Data   RO         5298    Region$$Table       anon$$obj.o


    Execution Region RW_IRAM1 (Exec base: 0x20000000, Load base: 0x080042d0, Size: 0x000130d0, Max: 0x00020000, ABSOLUTE)

    Exec Addr    Load Addr    Size         Type   Attr      Idx    E Section Name        Object

    0x20000000   0x080042d0   0x00000004   Data   RW            8    .data               bsp_adc.o
    0x20000004   0x080042d4   0x00000034   Data   RW          649    .data               app_task.o
    0x20000038   0x08004308   0x00000014   Data   RW         1054    .data               system_stm32f4xx.o
    0x2000004c   0x0800431c   0x00000004   Data   RW         1093    .data               delay.o
    0x20000050   0x08004320   0x00000002   Data   RW         1167    .data               usart.o
    0x20000052   0x08004322   0x00000002   PAD
    0x20000054   0x08004324   0x00000004   Data   RW         1168    .data               usart.o
    0x20000058   0x08004328   0x00000024   Data   RW         1234    .data               malloc.o
    0x2000007c   0x0800434c   0x00000010   Data   RW         3276    .data               stm32f4xx_rcc.o
    0x2000008c   0x0800435c   0x0000003c   Data   RW         4500    .data               tasks.o
    0x200000c8   0x08004398   0x00000014   Data   RW         4819    .data               timers.o
    0x200000dc   0x080043ac   0x0000000c   Data   RW         4937    .data               port.o
    0x200000e8   0x080043b8   0x00000018   Data   RW         5020    .data               heap_4.o
    0x20000100        -       0x000000cc   Zero   RW            7    .bss                bsp_adc.o
    0x200001cc        -       0x000000c8   Zero   RW         1166    .bss                usart.o
    0x20000294   0x080043d0   0x0000000c   PAD
    0x200002a0        -       0x0000c800   Zero   RW         1231    .bss                malloc.o
    0x2000caa0        -       0x00000c80   Zero   RW         1232    .bss                malloc.o
    0x2000d720        -       0x00000040   Zero   RW         4251    .bss                queue.o
    0x2000d760        -       0x000002e4   Zero   RW         4499    .bss                tasks.o
    0x2000da44        -       0x00000028   Zero   RW         4818    .bss                timers.o
    0x2000da6c        -       0x00005000   Zero   RW         5019    .bss                heap_4.o
    0x20012a6c        -       0x00000060   Zero   RW         5174    .bss                c_w.l(libspace.o)
    0x20012acc   0x080043d0   0x00000004   PAD
    0x20012ad0        -       0x00000200   Zero   RW         1296    HEAP                startup_stm32f40_41xxx.o
    0x20012cd0        -       0x00000400   Zero   RW         1295    STACK               startup_stm32f40_41xxx.o



  Load Region LR$$.ARM.__AT_0x10000000 (Base: 0x10000000, Size: 0x00000000, Max: 0x0000f000, ABSOLUTE)

    Execution Region ER$$.ARM.__AT_0x10000000 (Exec base: 0x10000000, Load base: 0x10000000, Size: 0x0000f000, Max: 0x0000f000, ABSOLUTE, UNINIT)

    Exec Addr    Load Addr    Size         Type   Attr      Idx    E Section Name        Object

    0x10000000        -       0x0000f000   Zero   RW         1227    .ARM.__AT_0x10000000  malloc.o



  Load Region LR$$.ARM.__AT_0x1000F000 (Base: 0x1000f000, Size: 0x00000000, Max: 0x00000f00, ABSOLUTE)

    Execution Region ER$$.ARM.__AT_0x1000F000 (Exec base: 0x1000f000, Load base: 0x1000f000, Size: 0x00000f00, Max: 0x00000f00, ABSOLUTE, UNINIT)

    Exec Addr    Load Addr    Size         Type   Attr      Idx    E Section Name        Object

    0x1000f000        -       0x00000f00   Zero   RW         1228    .ARM.__AT_0x1000F000  malloc.o



  Load Region LR$$.ARM.__AT_0x68000000 (Base: 0x68000000, Size: 0x00000000, Max: 0x000f0000, ABSOLUTE)

    Execution Region ER$$.ARM.__AT_0x68000000 (Exec base: 0x68000000, Load base: 0x68000000, Size: 0x000f0000, Max: 0x000f0000, ABSOLUTE, UNINIT)

    Exec Addr    Load Addr    Size         Type   Attr      Idx    E Section Name        Object

    0x68000000        -       0x000f0000   Zero   RW         1229    .ARM.__AT_0x68000000  malloc.o



  Load Region LR$$.ARM.__AT_0x680F0000 (Base: 0x680f0000, Size: 0x00000000, Max: 0x0000f000, ABSOLUTE)

    Execution Region ER$$.ARM.__AT_0x680F0000 (Exec base: 0x680f0000, Load base: 0x680f0000, Size: 0x0000f000, Max: 0x0000f000, ABSOLUTE, UNINIT)

    Exec Addr    Load Addr    Size         Type   Attr      Idx    E Section Name        Object

    0x680f0000        -       0x0000f000   Zero   RW         1230    .ARM.__AT_0x680F0000  malloc.o


==============================================================================

Image component sizes


      Code (inc. data)   RO Data    RW Data    ZI Data      Debug   Object Name

         4          0          0          0          0        455   app_24cxx.o
       760         50          0          0          0       2088   app_system.o
       636        232          0         52          0       9092   app_task.o
       496         44          0          4        204     323425   bsp_adc.o
      1216         68          0          0          0       5674   bsp_gpio.o
        64          8          0          0          0        527   bsp_iic.o
         4          0          0          0          0        448   bsp_iwdg.o
       220         10          0          0          0        860   bsp_pwm.o
       208         14          0          0          0        753   bsp_rs485.o
       100         10          0          0          0       1044   bsp_tim.o
      1076         88          0          0          0       5205   bsp_usart.o
       184         14          0          4          0       2561   delay.o
         0          0          0          0          0      11752   event_groups.o
       584        138          0         24      20480       4099   heap_4.o
       136          0          0          0          0       3174   list.o
        84         26          0          0          0        487   main.o
       128         16         36         36    1164160       3712   malloc.o
       144         14          0          0          0       2089   misc.o
      1038        382          0         12          0      10781   port.o
      1832        236          0          0         64      15789   queue.o
        64         26        392          0       1536        840   startup_stm32f40_41xxx.o
       306         20          0          0          0       5555   stm32f4xx_adc.o
       334         44          0          0          0       5729   stm32f4xx_dma.o
       112          4          0          0          0       1024   stm32f4xx_exti.o
       160          0          0          0          0       2847   stm32f4xx_gpio.o
        12          0          0          0          0       2673   stm32f4xx_it.o
        16          6          0          0          0        485   stm32f4xx_iwdg.o
       240         36          0         16          0       5292   stm32f4xx_rcc.o
        48          6          0          0          0        668   stm32f4xx_syscfg.o
       460         44          0          0          0       8017   stm32f4xx_tim.o
       316          8          0          0          0       4968   stm32f4xx_usart.o
       272         36          0         20          0       1741   system_stm32f4xx.o
      2758        670          0         60        740      29691   tasks.o
      1144        260          0         20         40       9938   timers.o
       122         18          0          6        200       3564   usart.o

    ----------------------------------------------------------------------
     15296       2528        460        256    1187436     487047   Object Totals
         0          0         32          0          0          0   (incl. Generated)
        18          0          0          2         12          0   (incl. Padding)

    ----------------------------------------------------------------------

      Code (inc. data)   RO Data    RW Data    ZI Data      Debug   Library Member Name

         8          0          0          0          0         68   __main.o
       104          0          0          0          0         84   __printf.o
         0          0          0          0          0          0   __rtentry.o
        12          0          0          0          0          0   __rtentry2.o
         6          0          0          0          0          0   __rtentry4.o
        52          8          0          0          0          0   __scatter.o
        26          0          0          0          0          0   __scatter_copy.o
        28          0          0          0          0          0   __scatter_zi.o
        44          0          0          0          0        108   _printf_char.o
        48          6          0          0          0         96   _printf_char_common.o
        36          4          0          0          0         80   _printf_char_file.o
         6          0          0          0          0          0   _printf_d.o
       120         16          0          0          0         92   _printf_dec.o
       178          0          0          0          0         88   _printf_intcommon.o
         0          0          0          0          0          0   _printf_percent.o
         4          0          0          0          0          0   _printf_percent_end.o
         6          0          0          0          0          0   _printf_s.o
        82          0          0          0          0         80   _printf_str.o
        16          0          0          0          0         68   aeabi_memset.o
        18          0          0          0          0         80   exit.o
         8          0          0          0          0         68   ferror.o
         6          0          0          0          0        152   heapauxi.o
         2          0          0          0          0          0   libinit.o
         6          0          0          0          0          0   libinit2.o
         2          0          0          0          0          0   libshutdown.o
         2          0          0          0          0          0   libshutdown2.o
         8          4          0          0         96         68   libspace.o
        24          4          0          0          0         84   noretval__2printf.o
        68          0          0          0          0         68   rt_memclr.o
        78          0          0          0          0         80   rt_memclr_w.o
       138          0          0          0          0         68   rt_memcpy_v6.o
       100          0          0          0          0         80   rt_memcpy_w.o
         2          0          0          0          0          0   rtexit.o
        10          0          0          0          0          0   rtexit2.o
        74          0          0          0          0         80   sys_stackheap_outer.o
         2          0          0          0          0         68   use_no_semi.o
         2          0          0          0          0         68   use_no_semi_2.o
        10          0          0          0          0        116   fpinit.o

    ----------------------------------------------------------------------
      1348         42          0          0        100       1844   Library Totals
        12          0          0          0          4          0   (incl. Padding)

    ----------------------------------------------------------------------

      Code (inc. data)   RO Data    RW Data    ZI Data      Debug   Library Name

      1326         42          0          0         96       1728   c_w.l
        10          0          0          0          0        116   fz_wm.l

    ----------------------------------------------------------------------
      1348         42          0          0        100       1844   Library Totals

    ----------------------------------------------------------------------

==============================================================================


      Code (inc. data)   RO Data    RW Data    ZI Data      Debug   

     16644       2570        460        256    1187536     471407   Grand Totals
     16644       2570        460        256    1187536     471407   ELF Image Totals
     16644       2570        460        256          0          0   ROM Totals

==============================================================================

    Total RO  Size (Code + RO Data)                17104 (  16.70kB)
    Total RW  Size (RW Data + ZI Data)           1187792 (1159.95kB)
    Total ROM Size (Code + RO Data + RW Data)      17360 (  16.95kB)

==============================================================================

