Component: ARM Compiler 5.06 update 7 (build 960) Tool: armlink [4d3601]

==============================================================================

Section Cross References

    bsp_adc.o(i.ADC_Cfg_Init) refers to stm32f4xx_rcc.o(i.RCC_APB2PeriphClockCmd) for RCC_APB2PeriphClockCmd
    bsp_adc.o(i.ADC_Cfg_Init) refers to stm32f4xx_rcc.o(i.RCC_AHB1PeriphClockCmd) for RCC_AHB1PeriphClockCmd
    bsp_adc.o(i.ADC_Cfg_Init) refers to stm32f4xx_gpio.o(i.GPIO_Init) for GPIO_Init
    bsp_adc.o(i.ADC_Cfg_Init) refers to bsp_adc.o(i.ADC_DMA_Cfg_Init) for ADC_DMA_Cfg_Init
    bsp_adc.o(i.ADC_Cfg_Init) refers to stm32f4xx_rcc.o(i.RCC_APB2PeriphResetCmd) for RCC_APB2PeriphResetCmd
    bsp_adc.o(i.ADC_Cfg_Init) refers to stm32f4xx_adc.o(i.ADC_CommonInit) for ADC_CommonInit
    bsp_adc.o(i.ADC_Cfg_Init) refers to stm32f4xx_adc.o(i.ADC_Init) for ADC_Init
    bsp_adc.o(i.ADC_Cfg_Init) refers to stm32f4xx_adc.o(i.ADC_Cmd) for ADC_Cmd
    bsp_adc.o(i.ADC_Cfg_Init) refers to stm32f4xx_adc.o(i.ADC_RegularChannelConfig) for ADC_RegularChannelConfig
    bsp_adc.o(i.ADC_Cfg_Init) refers to stm32f4xx_adc.o(i.ADC_SoftwareStartConv) for ADC_SoftwareStartConv
    bsp_adc.o(i.ADC_Cfg_Init) refers to stm32f4xx_adc.o(i.ADC_DMARequestAfterLastTransferCmd) for ADC_DMARequestAfterLastTransferCmd
    bsp_adc.o(i.ADC_Cfg_Init) refers to stm32f4xx_adc.o(i.ADC_DMACmd) for ADC_DMACmd
    bsp_adc.o(i.ADC_DMA_Cfg_Init) refers to stm32f4xx_rcc.o(i.RCC_AHB1PeriphClockCmd) for RCC_AHB1PeriphClockCmd
    bsp_adc.o(i.ADC_DMA_Cfg_Init) refers to stm32f4xx_dma.o(i.DMA_GetCmdStatus) for DMA_GetCmdStatus
    bsp_adc.o(i.ADC_DMA_Cfg_Init) refers to stm32f4xx_dma.o(i.DMA_Init) for DMA_Init
    bsp_adc.o(i.ADC_DMA_Cfg_Init) refers to stm32f4xx_dma.o(i.DMA_Cmd) for DMA_Cmd
    bsp_adc.o(i.ADC_DMA_Cfg_Init) refers to stm32f4xx_dma.o(i.DMA_ClearFlag) for DMA_ClearFlag
    bsp_adc.o(i.ADC_DMA_Cfg_Init) refers to stm32f4xx_dma.o(i.DMA_ITConfig) for DMA_ITConfig
    bsp_adc.o(i.ADC_DMA_Cfg_Init) refers to bsp_adc.o(.bss) for .bss
    bsp_adc.o(i.DMA2_Stream0_IRQHandler) refers to stm32f4xx_dma.o(i.DMA_GetITStatus) for DMA_GetITStatus
    bsp_adc.o(i.DMA2_Stream0_IRQHandler) refers to stm32f4xx_dma.o(i.DMA_ClearITPendingBit) for DMA_ClearITPendingBit
    bsp_adc.o(i.DMA2_Stream0_IRQHandler) refers to bsp_adc.o(i.filter) for filter
    bsp_adc.o(i.filter) refers to bsp_adc.o(.bss) for .bss
    bsp_adc.o(i.filter) refers to bsp_adc.o(.data) for .data
    bsp_cap.o(i.TIM_ICP_Cfg_Init) refers to stm32f4xx_rcc.o(i.RCC_AHB1PeriphClockCmd) for RCC_AHB1PeriphClockCmd
    bsp_cap.o(i.TIM_ICP_Cfg_Init) refers to stm32f4xx_rcc.o(i.RCC_APB2PeriphClockCmd) for RCC_APB2PeriphClockCmd
    bsp_cap.o(i.TIM_ICP_Cfg_Init) refers to stm32f4xx_gpio.o(i.GPIO_Init) for GPIO_Init
    bsp_cap.o(i.TIM_ICP_Cfg_Init) refers to stm32f4xx_gpio.o(i.GPIO_PinAFConfig) for GPIO_PinAFConfig
    bsp_cap.o(i.TIM_ICP_Cfg_Init) refers to stm32f4xx_tim.o(i.TIM_TimeBaseInit) for TIM_TimeBaseInit
    bsp_cap.o(i.TIM_ICP_Cfg_Init) refers to stm32f4xx_tim.o(i.TIM_ICInit) for TIM_ICInit
    bsp_cap.o(i.TIM_ICP_Cfg_Init) refers to stm32f4xx_tim.o(i.TIM_ITConfig) for TIM_ITConfig
    bsp_cap.o(i.TIM_ICP_Cfg_Init) refers to stm32f4xx_tim.o(i.TIM_Cmd) for TIM_Cmd
    bsp_gpio.o(i.BEEP_GPIO_Init) refers to stm32f4xx_rcc.o(i.RCC_AHB1PeriphClockCmd) for RCC_AHB1PeriphClockCmd
    bsp_gpio.o(i.BEEP_GPIO_Init) refers to stm32f4xx_gpio.o(i.GPIO_Init) for GPIO_Init
    bsp_gpio.o(i.Crash_Gpio_Init) refers to stm32f4xx_rcc.o(i.RCC_AHB1PeriphClockCmd) for RCC_AHB1PeriphClockCmd
    bsp_gpio.o(i.Crash_Gpio_Init) refers to stm32f4xx_gpio.o(i.GPIO_Init) for GPIO_Init
    bsp_gpio.o(i.IR_Decoding_GPIO_Init) refers to stm32f4xx_rcc.o(i.RCC_AHB1PeriphClockCmd) for RCC_AHB1PeriphClockCmd
    bsp_gpio.o(i.IR_Decoding_GPIO_Init) refers to stm32f4xx_rcc.o(i.RCC_APB2PeriphClockCmd) for RCC_APB2PeriphClockCmd
    bsp_gpio.o(i.IR_Decoding_GPIO_Init) refers to stm32f4xx_gpio.o(i.GPIO_Init) for GPIO_Init
    bsp_gpio.o(i.IR_Decoding_GPIO_Init) refers to stm32f4xx_syscfg.o(i.SYSCFG_EXTILineConfig) for SYSCFG_EXTILineConfig
    bsp_gpio.o(i.IR_Decoding_GPIO_Init) refers to stm32f4xx_exti.o(i.EXTI_Init) for EXTI_Init
    bsp_gpio.o(i.Key_GPIO_Init) refers to stm32f4xx_rcc.o(i.RCC_AHB1PeriphClockCmd) for RCC_AHB1PeriphClockCmd
    bsp_gpio.o(i.Key_GPIO_Init) refers to stm32f4xx_gpio.o(i.GPIO_Init) for GPIO_Init
    bsp_gpio.o(i.LED_GPIO_Init) refers to stm32f4xx_rcc.o(i.RCC_AHB1PeriphClockCmd) for RCC_AHB1PeriphClockCmd
    bsp_gpio.o(i.LED_GPIO_Init) refers to stm32f4xx_gpio.o(i.GPIO_Init) for GPIO_Init
    bsp_gpio.o(i.Ultrasonic_Exti_Init) refers to stm32f4xx_rcc.o(i.RCC_AHB1PeriphClockCmd) for RCC_AHB1PeriphClockCmd
    bsp_gpio.o(i.Ultrasonic_Exti_Init) refers to stm32f4xx_gpio.o(i.GPIO_Init) for GPIO_Init
    bsp_gpio.o(i.Ultrasonic_Exti_Init) refers to stm32f4xx_rcc.o(i.RCC_APB2PeriphClockCmd) for RCC_APB2PeriphClockCmd
[...]
    __rt_lib_init_user_alloc_1               0x08000253   Thumb Code     0  libinit2.o(.ARM.Collect$$libinit$$0000000C)
    __rt_lib_shutdown                        0x08000255   Thumb Code     0  libshutdown.o(.ARM.Collect$$libshutdown$$00000000)
    __rt_lib_shutdown_cpp_1                  0x08000257   Thumb Code     0  libshutdown2.o(.ARM.Collect$$libshutdown$$00000004)
    __rt_lib_shutdown_fini_1                 0x08000257   Thumb Code     0  libshutdown2.o(.ARM.Collect$$libshutdown$$00000002)
    __rt_lib_shutdown_fp_trap_1              0x08000257   Thumb Code     0  libshutdown2.o(.ARM.Collect$$libshutdown$$00000009)
    __rt_lib_shutdown_heap_1                 0x08000257   Thumb Code     0  libshutdown2.o(.ARM.Collect$$libshutdown$$00000011)
    __rt_lib_shutdown_return                 0x08000257   Thumb Code     0  libshutdown2.o(.ARM.Collect$$libshutdown$$00000012)
    __rt_lib_shutdown_signal_1               0x08000257   Thumb Code     0  libshutdown2.o(.ARM.Collect$$libshutdown$$0000000C)
    __rt_lib_shutdown_stdio_1                0x08000257   Thumb Code     0  libshutdown2.o(.ARM.Collect$$libshutdown$$00000006)
    __rt_lib_shutdown_user_alloc_1           0x08000257   Thumb Code     0  libshutdown2.o(.ARM.Collect$$libshutdown$$0000000E)
    __rt_entry                               0x08000259   Thumb Code     0  __rtentry.o(.ARM.Collect$$rtentry$$00000000)
    __rt_entry_presh_1                       0x08000259   Thumb Code     0  __rtentry2.o(.ARM.Collect$$rtentry$$00000002)
    __rt_entry_sh                            0x08000259   Thumb Code     0  __rtentry4.o(.ARM.Collect$$rtentry$$00000004)
    __rt_entry_li                            0x0800025f   Thumb Code     0  __rtentry2.o(.ARM.Collect$$rtentry$$0000000A)
    __rt_entry_postsh_1                      0x0800025f   Thumb Code     0  __rtentry2.o(.ARM.Collect$$rtentry$$00000009)
    __rt_entry_main                          0x08000263   Thumb Code     0  __rtentry2.o(.ARM.Collect$$rtentry$$0000000D)
    __rt_entry_postli_1                      0x08000263   Thumb Code     0  __rtentry2.o(.ARM.Collect$$rtentry$$0000000C)
    __rt_exit                                0x0800026b   Thumb Code     0  rtexit.o(.ARM.Collect$$rtexit$$00000000)
    __rt_exit_ls                             0x0800026d   Thumb Code     0  rtexit2.o(.ARM.Collect$$rtexit$$00000003)
    __rt_exit_prels_1                        0x0800026d   Thumb Code     0  rtexit2.o(.ARM.Collect$$rtexit$$00000002)
    __rt_exit_exit                           0x08000271   Thumb Code     0  rtexit2.o(.ARM.Collect$$rtexit$$00000004)
    SVC_Handler                              0x08000279   Thumb Code    28  port.o(.emb_text)
    __asm___6_port_c_39a90d8d__prvStartFirstTask 0x08000299   Thumb Code    28  port.o(.emb_text)
    __asm___6_port_c_39a90d8d__prvEnableVFP  0x080002b9   Thumb Code    16  port.o(.emb_text)
    PendSV_Handler                           0x080002cd   Thumb Code    88  port.o(.emb_text)
    vPortGetIPSR                             0x08000329   Thumb Code     6  port.o(.emb_text)
    Reset_Handler                            0x08000331   Thumb Code     8  startup_stm32f40_41xxx.o(.text)
    ADC_IRQHandler                           0x0800034b   Thumb Code     0  startup_stm32f40_41xxx.o(.text)
    CAN1_RX0_IRQHandler                      0x0800034b   Thumb Code     0  startup_stm32f40_41xxx.o(.text)
    CAN1_RX1_IRQHandler                      0x0800034b   Thumb Code     0  startup_stm32f40_41xxx.o(.text)
    CAN1_SCE_IRQHandler                      0x0800034b   Thumb Code     0  startup_stm32f40_41xxx.o(.text)
    CAN1_TX_IRQHandler                       0x0800034b   Thumb Code     0  startup_stm32f40_41xxx.o(.text)
    CAN2_RX0_IRQHandler                      0x0800034b   Thumb Code     0  startup_stm32f40_41xxx.o(.text)
    CAN2_RX1_IRQHandler                      0x0800034b   Thumb Code     0  startup_stm32f40_41xxx.o(.text)
    CAN2_SCE_IRQHandler                      0x0800034b   Thumb Code     0  startup_stm32f40_41xxx.o(.text)
    CAN2_TX_IRQHandler                       0x0800034b   Thumb Code     0  startup_stm32f40_41xxx.o(.text)
    CRYP_IRQHandler                          0x0800034b   Thumb Code     0  startup_stm32f40_41xxx.o(.text)
    DCMI_IRQHandler                          0x0800034b   Thumb Code     0  startup_stm32f40_41xxx.o(.text)
    DMA1_Stream0_IRQHandler                  0x0800034b   Thumb Code     0  startup_stm32f40_41xxx.o(.text)
    DMA1_Stream1_IRQHandler                  0x0800034b   Thumb Code     0  startup_stm32f40_41xxx.o(.text)
    DMA1_Stream2_IRQHandler                  0x0800034b   Thumb Code     0  startup_stm32f40_41xxx.o(.text)
    DMA1_Stream3_IRQHandler                  0x0800034b   Thumb Code     0  startup_stm32f40_41xxx.o(.text)
    DMA1_Stream4_IRQHandler                  0x0800034b   Thumb Code     0  startup_stm32f40_41xxx.o(.text)
    DMA1_Stream5_IRQHandler                  0x0800034b   Thumb Code     0  startup_stm32f40_41xxx.o(.text)
    DMA1_Stream6_IRQHandler                  0x0800034b   Thumb Code     0  startup_stm32f40_41xxx.o(.text)
    DMA1_Stream7_IRQHandler                  0x0800034b   Thumb Code     0  startup_stm32f40_41xxx.o(.text)
    DMA2_Stream1_IRQHandler                  0x0800034b   Thumb Code     0  startup_stm32f40_41xxx.o(.text)
    DMA2_Stream2_IRQHandler                  0x0800034b   Thumb Code     0  startup_stm32f40_41xxx.o(.text)
    DMA2_Stream3_IRQHandler                  0x0800034b   Thumb Code     0  startup_stm32f40_41xxx.o(.text)
    DMA2_Stream4_IRQHandler                  0x0800034b   Thumb Code     0  startup_stm32f40_41xxx.o(.text)
    DMA2_Stream5_IRQHandler                  0x0800034b   Thumb Code     0  startup_stm32f40_41xxx.o(.text)
    DMA2_Stream6_IRQHandler                  0x0800034b   Thumb Code     0  startup_stm32f40_41xxx.o(.text)
    DMA2_Stream7_IRQHandler                  0x0800034b   Thumb Code     0  startup_stm32f40_41xxx.o(.text)
    ETH_IRQHandler                           0x0800034b   Thumb Code     0  startup_stm32f40_41xxx.o(.text)
    ETH_WKUP_IRQHandler                      0x0800034b   Thumb Code     0  startup_stm32f40_41xxx.o(.text)
    EXTI3_IRQHandler                         0x0800034b   Thumb Code     0  startup_stm32f40_41xxx.o(.text)
    FLASH_IRQHandler                         0x0800034b   Thumb Code     0  startup_stm32f40_41xxx.o(.text)
    FPU_IRQHandler                           0x0800034b   Thumb Code     0  startup_stm32f40_41xxx.o(.text)
    FSMC_IRQHandler                          0x0800034b   Thumb Code     0  startup_stm32f40_41xxx.o(.text)
    HASH_RNG_IRQHandler                      0x0800034b   Thumb Code     0  startup_stm32f40_41xxx.o(.text)
    I2C1_ER_IRQHandler                       0x0800034b   Thumb Code     0  startup_stm32f40_41xxx.o(.text)
    I2C1_EV_IRQHandler                       0x0800034b   Thumb Code     0  startup_stm32f40_41xxx.o(.text)
    I2C2_ER_IRQHandler                       0x0800034b   Thumb Code     0  startup_stm32f40_41xxx.o(.text)
    I2C2_EV_IRQHandler                       0x0800034b   Thumb Code     0  startup_stm32f40_41xxx.o(.text)
    I2C3_ER_IRQHandler                       0x0800034b   Thumb Code     0  startup_stm32f40_41xxx.o(.text)
    I2C3_EV_IRQHandler                       0x0800034b   Thumb Code     0  startup_stm32f40_41xxx.o(.text)
    OTG_FS_IRQHandler                        0x0800034b   Thumb Code     0  startup_stm32f40_41xxx.o(.text)
    OTG_FS_WKUP_IRQHandler                   0x0800034b   Thumb Code     0  startup_stm32f40_41xxx.o(.text)
    OTG_HS_EP1_IN_IRQHandler                 0x0800034b   Thumb Code     0  startup_stm32f40_41xxx.o(.text)
    OTG_HS_EP1_OUT_IRQHandler                0x0800034b   Thumb Code     0  startup_stm32f40_41xxx.o(.text)
    OTG_HS_IRQHandler                        0x0800034b   Thumb Code     0  startup_stm32f40_41xxx.o(.text)
    OTG_HS_WKUP_IRQHandler                   0x0800034b   Thumb Code     0  startup_stm32f40_41xxx.o(.text)
    PVD_IRQHandler                           0x0800034b   Thumb Code     0  startup_stm32f40_41xxx.o(.text)
    RCC_IRQHandler                           0x0800034b   Thumb Code     0  startup_stm32f40_41xxx.o(.text)
    RTC_Alarm_IRQHandler                     0x0800034b   Thumb Code     0  startup_stm32f40_41xxx.o(.text)
    RTC_WKUP_IRQHandler                      0x0800034b   Thumb Code     0  startup_stm32f40_41xxx.o(.text)
    SDIO_IRQHandler                          0x0800034b   Thumb Code     0  startup_stm32f40_41xxx.o(.text)
    SPI1_IRQHandler                          0x0800034b   Thumb Code     0  startup_stm32f40_41xxx.o(.text)
    SPI2_IRQHandler                          0x0800034b   Thumb Code     0  startup_stm32f40_41xxx.o(.text)
    SPI3_IRQHandler                          0x0800034b   Thumb Code     0  startup_stm32f40_41xxx.o(.text)
    TAMP_STAMP_IRQHandler                    0x0800034b   Thumb Code     0  startup_stm32f40_41xxx.o(.text)
    TIM1_BRK_TIM9_IRQHandler                 0x0800034b   Thumb Code     0  startup_stm32f40_41xxx.o(.text)
    TIM1_CC_IRQHandler                       0x0800034b   Thumb Code     0  startup_stm32f40_41xxx.o(.text)
    TIM1_TRG_COM_TIM11_IRQHandler            0x0800034b   Thumb Code     0  startup_stm32f40_41xxx.o(.text)
    TIM3_IRQHandler                          0x0800034b   Thumb Code     0  startup_stm32f40_41xxx.o(.text)
    TIM4_IRQHandler                          0x0800034b   Thumb Code     0  startup_stm32f40_41xxx.o(.text)
    TIM5_IRQHandler                          0x0800034b   Thumb Code     0  startup_stm32f40_41xxx.o(.text)
    TIM6_DAC_IRQHandler                      0x0800034b   Thumb Code     0  startup_stm32f40_41xxx.o(.text)
    TIM8_BRK_TIM12_IRQHandler                0x0800034b   Thumb Code     0  startup_stm32f40_41xxx.o(.text)
    TIM8_CC_IRQHandler                       0x0800034b   Thumb Code     0  startup_stm32f40_41xxx.o(.text)
    TIM8_TRG_COM_TIM14_IRQHandler            0x0800034b   Thumb Code     0  startup_stm32f40_41xxx.o(.text)
    TIM8_UP_TIM13_IRQHandler                 0x0800034b   Thumb Code     0  startup_stm32f40_41xxx.o(.text)
    UART5_IRQHandler                         0x0800034b   Thumb Code     0  startup_stm32f40_41xxx.o(.text)
    USART2_IRQHandler                        0x0800034b   Thumb Code     0  startup_stm32f40_41xxx.o(.text)
    USART6_IRQHandler                        0x0800034b   Thumb Code     0  startup_stm32f40_41xxx.o(.text)
    WWDG_IRQHandler                          0x0800034b   Thumb Code     0  startup_stm32f40_41xxx.o(.text)
    __user_initial_stackheap                 0x0800034d   Thumb Code     0  startup_stm32f40_41xxx.o(.text)
    __use_no_semihosting                     0x08000371   Thumb Code     2  use_no_semi_2.o(.text)
    __2printf                                0x08000375   Thumb Code    20  noretval__2printf.o(.text)
    __2sprintf                               0x0800038d   Thumb Code    34  noretval__2sprintf.o(.text)
    _printf_pre_padding                      0x080003b5   Thumb Code    44  _printf_pad.o(.text)
    _printf_post_padding                     0x080003e1   Thumb Code    34  _printf_pad.o(.text)
    _printf_str                              0x08000403   Thumb Code    82  _printf_str.o(.text)
    _printf_int_dec                          0x08000455   Thumb Code   104  _printf_dec.o(.text)
    __printf                                 0x080004cd   Thumb Code   270  __printf_wp.o(.text)
    __aeabi_memcpy                           0x080005db   Thumb Code     0  rt_memcpy_v6.o(.text)
    __rt_memcpy                              0x080005db   Thumb Code   138  rt_memcpy_v6.o(.text)
    _memcpy_lastbytes                        0x08000641   Thumb Code     0  rt_memcpy_v6.o(.text)
    __aeabi_memset                           0x08000665   Thumb Code    16  aeabi_memset.o(.text)
    __use_two_region_memory                  0x08000675   Thumb Code     2  heapauxi.o(.text)
    __rt_heap_escrow$2region                 0x08000677   Thumb Code     2  heapauxi.o(.text)
    __rt_heap_expand$2region                 0x08000679   Thumb Code     2  heapauxi.o(.text)
    __I$use$semihosting                      0x0800067b   Thumb Code     0  use_no_semi.o(.text)
    __use_no_semihosting_swi                 0x0800067b   Thumb Code     2  use_no_semi.o(.text)
    _printf_int_common                       0x0800067d   Thumb Code   178  _printf_intcommon.o(.text)
    _printf_char_common                      0x0800073b   Thumb Code    32  _printf_char_common.o(.text)
    _sputc                                   0x08000761   Thumb Code    10  _sputc.o(.text)
    _printf_cs_common                        0x0800076b   Thumb Code    20  _printf_char.o(.text)
    _printf_char                             0x0800077f   Thumb Code    16  _printf_char.o(.text)
    _printf_string                           0x0800078f   Thumb Code     8  _printf_char.o(.text)
    _printf_char_file                        0x08000799   Thumb Code    32  _printf_char_file.o(.text)
    __aeabi_memcpy4                          0x080007bd   Thumb Code     0  rt_memcpy_w.o(.text)
    __aeabi_memcpy8                          0x080007bd   Thumb Code     0  rt_memcpy_w.o(.text)
    __rt_memcpy_w                            0x080007bd   Thumb Code   100  rt_memcpy_w.o(.text)
    _memcpy_lastbytes_aligned                0x08000805   Thumb Code     0  rt_memcpy_w.o(.text)
    __aeabi_memclr                           0x08000821   Thumb Code     0  rt_memclr.o(.text)
    __rt_memclr                              0x08000821   Thumb Code    68  rt_memclr.o(.text)
    _memset                                  0x08000825   Thumb Code     0  rt_memclr.o(.text)
    ferror                                   0x08000865   Thumb Code     8  ferror.o(.text)
    __aeabi_memclr4                          0x0800086d   Thumb Code     0  rt_memclr_w.o(.text)
    __aeabi_memclr8                          0x0800086d   Thumb Code     0  rt_memclr_w.o(.text)
    __rt_memclr_w                            0x0800086d   Thumb Code    78  rt_memclr_w.o(.text)
    _memset_w                                0x08000871   Thumb Code     0  rt_memclr_w.o(.text)
    __user_setup_stackheap                   0x080008bb   Thumb Code    74  sys_stackheap_outer.o(.text)
    exit                                     0x08000905   Thumb Code    18  exit.o(.text)
    __user_libspace                          0x08000919   Thumb Code     8  libspace.o(.text)
    __user_perproc_libspace                  0x08000919   Thumb Code     0  libspace.o(.text)
    __user_perthread_libspace                0x08000919   Thumb Code     0  libspace.o(.text)
    ADC_Cfg_Init                             0x08000921   Thumb Code   220  bsp_adc.o(i.ADC_Cfg_Init)
    ADC_Cmd                                  0x08000a05   Thumb Code    20  stm32f4xx_adc.o(i.ADC_Cmd)
    ADC_CommonInit                           0x08000a19   Thumb Code    34  stm32f4xx_adc.o(i.ADC_CommonInit)
    ADC_DMACmd                               0x08000a45   Thumb Code    20  stm32f4xx_adc.o(i.ADC_DMACmd)
    ADC_DMARequestAfterLastTransferCmd       0x08000a59   Thumb Code    20  stm32f4xx_adc.o(i.ADC_DMARequestAfterLastTransferCmd)
    ADC_DMA_Cfg_Init                         0x08000a6d   Thumb Code   110  bsp_adc.o(i.ADC_DMA_Cfg_Init)
    ADC_Init                                 0x08000ae9   Thumb Code    66  stm32f4xx_adc.o(i.ADC_Init)
    ADC_RegularChannelConfig                 0x08000b35   Thumb Code   116  stm32f4xx_adc.o(i.ADC_RegularChannelConfig)
    ADC_SoftwareStartConv                    0x08000ba9   Thumb Code    10  stm32f4xx_adc.o(i.ADC_SoftwareStartConv)
    AT24CXX_ReadOneByte                      0x08000bb3   Thumb Code    66  app_24cxx.o(i.AT24CXX_ReadOneByte)
    AT24CXX_WriteOneByte                     0x08000bf5   Thumb Code    62  app_24cxx.o(i.AT24CXX_WriteOneByte)
    AutoCharge_Task                          0x08000c33   Thumb Code     8  app_task.o(i.AutoCharge_Task)
    BEEP_GPIO_Init                           0x08000c3d   Thumb Code    54  bsp_gpio.o(i.BEEP_GPIO_Init)
    BusFault_Handler                         0x08000c79   Thumb Code     2  stm32f4xx_it.o(i.BusFault_Handler)
    Cammand_Task                             0x08000c7b   Thumb Code     8  app_task.o(i.Cammand_Task)
    Charge_Tim1ms                            0x08000c85   Thumb Code    42  app_autocharge.o(i.Charge_Tim1ms)
    Chg_Task                                 0x08000cbd   Thumb Code     8  app_task.o(i.Chg_Task)
    Crash_Gpio_Init                          0x08000cc5   Thumb Code    78  bsp_gpio.o(i.Crash_Gpio_Init)
    DMA2_Stream0_IRQHandler                  0x08000d1d   Thumb Code    36  bsp_adc.o(i.DMA2_Stream0_IRQHandler)
    DMA_ClearFlag                            0x08000d49   Thumb Code    32  stm32f4xx_dma.o(i.DMA_ClearFlag)
    DMA_ClearITPendingBit                    0x08000d75   Thumb Code    32  stm32f4xx_dma.o(i.DMA_ClearITPendingBit)
    DMA_Cmd                                  0x08000da1   Thumb Code    20  stm32f4xx_dma.o(i.DMA_Cmd)
    DMA_GetCmdStatus                         0x08000db5   Thumb Code    14  stm32f4xx_dma.o(i.DMA_GetCmdStatus)
    DMA_GetITStatus                          0x08000dc5   Thumb Code    68  stm32f4xx_dma.o(i.DMA_GetITStatus)
    DMA_ITConfig                             0x08000e19   Thumb Code    44  stm32f4xx_dma.o(i.DMA_ITConfig)
    DMA_Init                                 0x08000e45   Thumb Code    80  stm32f4xx_dma.o(i.DMA_Init)
    DayAdd                                   0x08000e99   Thumb Code     2  app_menu.o(i.DayAdd)
    DebugMon_Handler                         0x08000e9b   Thumb Code     2  stm32f4xx_it.o(i.DebugMon_Handler)
    DisplayRefreash                          0x08000e9d   Thumb Code   114  app_menu.o(i.DisplayRefreash)
    DisplayRefreashData                      0x08000f19   Thumb Code    48  app_menu.o(i.DisplayRefreashData)
    Display_Task                             0x08000f49   Thumb Code    48  app_task.o(i.Display_Task)
    EXTI0_IRQHandler                         0x08000f89   Thumb Code   282  app_exit.o(i.EXTI0_IRQHandler)
    EXTI15_10_IRQHandler                     0x080010b1   Thumb Code    28  app_exit.o(i.EXTI15_10_IRQHandler)
    EXTI1_IRQHandler                         0x080010cd   Thumb Code   274  app_exit.o(i.EXTI1_IRQHandler)
    EXTI2_IRQHandler                         0x080011ed   Thumb Code    24  app_exit.o(i.EXTI2_IRQHandler)
    EXTI4_IRQHandler                         0x08001205   Thumb Code    24  app_exit.o(i.EXTI4_IRQHandler)
    EXTI9_5_IRQHandler                       0x0800121d   Thumb Code    42  app_exit.o(i.EXTI9_5_IRQHandler)
    EXTI_ClearITPendingBit                   0x08001249   Thumb Code     6  stm32f4xx_exti.o(i.EXTI_ClearITPendingBit)
    EXTI_GetITStatus                         0x08001255   Thumb Code    16  stm32f4xx_exti.o(i.EXTI_GetITStatus)
    EXTI_Init                                0x08001269   Thumb Code   108  stm32f4xx_exti.o(i.EXTI_Init)
    Err_Handle_Task                          0x080012d9   Thumb Code    12  app_task.o(i.Err_Handle_Task)
    GPIO_Init                                0x080012e5   Thumb Code   120  stm32f4xx_gpio.o(i.GPIO_Init)
    GPIO_PinAFConfig                         0x0800135d   Thumb Code    32  stm32f4xx_gpio.o(i.GPIO_PinAFConfig)
    GPIO_ReadInputDataBit                    0x0800137d   Thumb Code    14  stm32f4xx_gpio.o(i.GPIO_ReadInputDataBit)
    GPIO_ResetBits                           0x0800138b   Thumb Code     4  stm32f4xx_gpio.o(i.GPIO_ResetBits)
    GPIO_SetBits                             0x0800138f   Thumb Code     4  stm32f4xx_gpio.o(i.GPIO_SetBits)
    Get_odom_pulse                           0x08001395   Thumb Code   164  app_motodrv.o(i.Get_odom_pulse)
    GuiDataDisplayRefresh                    0x08001441   Thumb Code   178  app_menu.o(i.GuiDataDisplayRefresh)
    HardFault_Handler                        0x0800158d   Thumb Code     2  stm32f4xx_it.o(i.HardFault_Handler)
    HourAdd                                  0x0800158f   Thumb Code     2  app_menu.o(i.HourAdd)
    IIC2_Init                                0x08001591   Thumb Code    58  bsp_iic2.o(i.IIC2_Init)
    IIC2_Send_Byte                           0x080015d5   Thumb Code    88  bsp_iic2.o(i.IIC2_Send_Byte)
    IIC2_Start                               0x08001635   Thumb Code    56  bsp_iic2.o(i.IIC2_Start)
    IIC2_Stop                                0x08001675   Thumb Code    56  bsp_iic2.o(i.IIC2_Stop)
    IIC2_Wait_Ack                            0x080016b5   Thumb Code    80  bsp_iic2.o(i.IIC2_Wait_Ack)
    IIC_Ack                                  0x0800171d   Thumb Code    60  bsp_iic.o(i.IIC_Ack)
    IIC_NAck                                 0x08001761   Thumb Code    60  bsp_iic.o(i.IIC_NAck)
    IIC_Read_Byte                            0x080017a5   Thumb Code    94  bsp_iic.o(i.IIC_Read_Byte)
    IIC_Send_Byte                            0x0800180d   Thumb Code    88  bsp_iic.o(i.IIC_Send_Byte)
    IIC_Start                                0x0800186d   Thumb Code    56  bsp_iic.o(i.IIC_Start)
    IIC_Stop                                 0x080018ad   Thumb Code    56  bsp_iic.o(i.IIC_Stop)
    IIC_Wait_Ack                             0x080018ed   Thumb Code    80  bsp_iic.o(i.IIC_Wait_Ack)
    IR_Code_Delay10us                        0x08001955   Thumb Code    24  app_exit.o(i.IR_Code_Delay10us)
    IR_Decoding_GPIO_Init                    0x08001971   Thumb Code   104  bsp_gpio.o(i.IR_Decoding_GPIO_Init)
    IWDG_Enable                              0x080019dd   Thumb Code    10  stm32f4xx_iwdg.o(i.IWDG_Enable)
    IWDG_Feed                                0x080019ed   Thumb Code     4  bsp_iwdg.o(i.IWDG_Feed)
    IWDG_Init                                0x080019f1   Thumb Code    38  bsp_iwdg.o(i.IWDG_Init)
    IWDG_ReloadCounter                       0x08001a19   Thumb Code    10  stm32f4xx_iwdg.o(i.IWDG_ReloadCounter)
    IWDG_SetPrescaler                        0x08001a29   Thumb Code     6  stm32f4xx_iwdg.o(i.IWDG_SetPrescaler)
    IWDG_SetReload                           0x08001a35   Thumb Code     6  stm32f4xx_iwdg.o(i.IWDG_SetReload)
    IWDG_WriteAccessCmd                      0x08001a41   Thumb Code     6  stm32f4xx_iwdg.o(i.IWDG_WriteAccessCmd)
    KEY_Scan                                 0x08001a4d   Thumb Code   154  app_key.o(i.KEY_Scan)
    KdAdd                                    0x08001af5   Thumb Code    10  app_menu.o(i.KdAdd)
    Key_GPIO_Init                            0x08001b05   Thumb Code    58  bsp_gpio.o(i.Key_GPIO_Init)
    Key_Task                                 0x08001b49   Thumb Code    82  app_task.o(i.Key_Task)
    KiAdd                                    0x08001bdd   Thumb Code    10  app_menu.o(i.KiAdd)
    KpAdd                                    0x08001bed   Thumb Code    10  app_menu.o(i.KpAdd)
    KpSub                                    0x08001bfd   Thumb Code    10  app_menu.o(i.KpSub)
    LED_GPIO_Init                            0x08001c0d   Thumb Code   166  bsp_gpio.o(i.LED_GPIO_Init)
    LED_Task                                 0x08001cbd   Thumb Code    22  app_task.o(i.LED_Task)
    MainUiSet                                0x08001cd9   Thumb Code    46  app_menu.o(i.MainUiSet)
    Mdrv_Task                                0x08001d15   Thumb Code    12  app_task.o(i.Mdrv_Task)
    MemManage_Handler                        0x08001d21   Thumb Code     2  stm32f4xx_it.o(i.MemManage_Handler)
    MenuControl                              0x08001d25   Thumb Code   226  app_menu.o(i.MenuControl)
    MinuteAdd                                0x08001e19   Thumb Code     2  app_menu.o(i.MinuteAdd)
    ModBusCRC16                              0x08001e1b   Thumb Code    60  app_motodrv.o(i.ModBusCRC16)
    MonthAdd                                 0x08001e57   Thumb Code     2  app_menu.o(i.MonthAdd)
    Moto_mdrv_analysis                       0x08001e59   Thumb Code   336  app_motodrv.o(i.Moto_mdrv_analysis)
    NMI_Handler                              0x08001fb5   Thumb Code     2  stm32f4xx_it.o(i.NMI_Handler)
    NVIC_Configuration                       0x08001fb7   Thumb Code   368  app_system.o(i.NVIC_Configuration)
    NVIC_Init                                0x08002129   Thumb Code    96  misc.o(i.NVIC_Init)
    NVIC_PriorityGroupConfig                 0x0800218d   Thumb Code    10  misc.o(i.NVIC_PriorityGroupConfig)
    OLED_CLS                                 0x080021a1   Thumb Code    52  bsp_oled.o(i.OLED_CLS)
    OLED_Fill                                0x080021d5   Thumb Code    54  bsp_oled.o(i.OLED_Fill)
    OLED_Init                                0x0800220b   Thumb Code   196  bsp_oled.o(i.OLED_Init)
    OLED_P6x8Str                             0x080022d1   Thumb Code    88  bsp_oled.o(i.OLED_P6x8Str)
    OLED_P8x16Str                            0x0800232d   Thumb Code   122  bsp_oled.o(i.OLED_P8x16Str)
    OLED_Set_Pos                             0x080023ad   Thumb Code    38  bsp_oled.o(i.OLED_Set_Pos)
    OLED_WrCmd                               0x080023d3   Thumb Code    50  bsp_oled.o(i.OLED_WrCmd)
    OLED_WrDat                               0x08002405   Thumb Code    46  bsp_oled.o(i.OLED_WrDat)
    Pmu_Task                                 0x08002433   Thumb Code    12  app_task.o(i.Pmu_Task)
    Poweroff_Task                            0x0800243f   Thumb Code     8  app_task.o(i.Poweroff_Task)
    RCC_AHB1PeriphClockCmd                   0x08002449   Thumb Code    18  stm32f4xx_rcc.o(i.RCC_AHB1PeriphClockCmd)
    RCC_APB1PeriphClockCmd                   0x08002461   Thumb Code    18  stm32f4xx_rcc.o(i.RCC_APB1PeriphClockCmd)
    RCC_APB2PeriphClockCmd                   0x08002479   Thumb Code    18  stm32f4xx_rcc.o(i.RCC_APB2PeriphClockCmd)
    RCC_APB2PeriphResetCmd                   0x08002491   Thumb Code    18  stm32f4xx_rcc.o(i.RCC_APB2PeriphResetCmd)
    RCC_GetClocksFreq                        0x080024a9   Thumb Code   132  stm32f4xx_rcc.o(i.RCC_GetClocksFreq)
    RS485_SendMultibyte                      0x08002539   Thumb Code    78  bsp_rs485.o(i.RS485_SendMultibyte)
    RS485_SendOneByte                        0x0800258d   Thumb Code    34  bsp_rs485.o(i.RS485_SendOneByte)
    SYSCFG_EXTILineConfig                    0x080025b1   Thumb Code    42  stm32f4xx_syscfg.o(i.SYSCFG_EXTILineConfig)
    SecondAdd                                0x080025e1   Thumb Code     2  app_menu.o(i.SecondAdd)
    Send_Mdrv_Task                           0x080025e3   Thumb Code     8  app_task.o(i.Send_Mdrv_Task)
    Send_speed_set                           0x080025ed   Thumb Code    76  app_motodrv.o(i.Send_speed_set)
    Start_Task                               0x080026f1   Thumb Code   286  app_task.o(i.Start_Task)
    SysTick_CLKSourceConfig                  0x080028ed   Thumb Code    24  misc.o(i.SysTick_CLKSourceConfig)
    SysTick_Handler                          0x08002905   Thumb Code    20  delay.o(i.SysTick_Handler)
    SystemInit                               0x08002919   Thumb Code    74  system_stm32f4xx.o(i.SystemInit)
    System_Board_Init                        0x08002975   Thumb Code   120  app_system.o(i.System_Board_Init)
    System_StartTips                         0x08002a09   Thumb Code   128  app_system.o(i.System_StartTips)
    TIM1_UP_TIM10_IRQHandler                 0x08002a95   Thumb Code    34  app_tim.o(i.TIM1_UP_TIM10_IRQHandler)
    TIM2_IRQHandler                          0x08002abd   Thumb Code   244  app_tim.o(i.TIM2_IRQHandler)
    TIM7_IRQHandler                          0x08002bc5   Thumb Code    44  app_tim.o(i.TIM7_IRQHandler)
    TIM_ClearFlag                            0x08002bf9   Thumb Code     6  stm32f4xx_tim.o(i.TIM_ClearFlag)
    TIM_ClearITPendingBit                    0x08002bff   Thumb Code     6  stm32f4xx_tim.o(i.TIM_ClearITPendingBit)
    TIM_Cmd                                  0x08002c05   Thumb Code    20  stm32f4xx_tim.o(i.TIM_Cmd)
    TIM_GetITStatus                          0x08002c19   Thumb Code    24  stm32f4xx_tim.o(i.TIM_GetITStatus)
    TIM_ITConfig                             0x08002c31   Thumb Code    16  stm32f4xx_tim.o(i.TIM_ITConfig)
    TIM_SetCounter                           0x08002c41   Thumb Code     4  stm32f4xx_tim.o(i.TIM_SetCounter)
    TIM_TimeBaseInit                         0x08002c45   Thumb Code    96  stm32f4xx_tim.o(i.TIM_TimeBaseInit)
    TIMx_Cfg_Init                            0x08002cc1   Thumb Code    90  bsp_tim.o(i.TIMx_Cfg_Init)
    Test_Task                                0x08002d25   Thumb Code     8  app_task.o(i.Test_Task)
    TimeOK                                   0x08002d2d   Thumb Code     2  app_menu.o(i.TimeOK)
    TimeSetInit                              0x08002d2f   Thumb Code     2  app_menu.o(i.TimeSetInit)
    UART4_IRQHandler                         0x08002dcd   Thumb Code    84  app_usart.o(i.UART4_IRQHandler)
    USART1_IRQHandler                        0x08002f99   Thumb Code   172  app_usart.o(i.USART1_IRQHandler)
    USART3_IRQHandler                        0x08003181   Thumb Code   176  app_usart.o(i.USART3_IRQHandler)
    USART8_Cfg_Init                          0x0800323d   Thumb Code   144  bsp_usart.o(i.USART8_Cfg_Init)
    USART_ClearFlag                          0x080032d5   Thumb Code     6  stm32f4xx_usart.o(i.USART_ClearFlag)
    USART_ClearITPendingBit                  0x080032db   Thumb Code    12  stm32f4xx_usart.o(i.USART_ClearITPendingBit)
    USART_Cmd                                0x080032e7   Thumb Code    20  stm32f4xx_usart.o(i.USART_Cmd)
    USART_GetFlagStatus                      0x080032fb   Thumb Code    14  stm32f4xx_usart.o(i.USART_GetFlagStatus)
    USART_GetITStatus                        0x08003309   Thumb Code    62  stm32f4xx_usart.o(i.USART_GetITStatus)
    USART_ITConfig                           0x08003347   Thumb Code    48  stm32f4xx_usart.o(i.USART_ITConfig)
    USART_Init                               0x08003379   Thumb Code   164  stm32f4xx_usart.o(i.USART_Init)
    USART_ReceiveData                        0x08003425   Thumb Code     8  stm32f4xx_usart.o(i.USART_ReceiveData)
    USART_SendData                           0x0800342d   Thumb Code     8  stm32f4xx_usart.o(i.USART_SendData)
    USARTx_Cfg_Init                          0x08003435   Thumb Code    74  bsp_usart.o(i.USARTx_Cfg_Init)
    UsageFault_Handler                       0x08003499   Thumb Code     2  stm32f4xx_it.o(i.UsageFault_Handler)
    YearAdd                                  0x0800349b   Thumb Code     2  app_menu.o(i.YearAdd)
    _is_digit                                0x0800349d   Thumb Code    14  __printf_wp.o(i._is_digit)
    _sys_exit                                0x080034ab   Thumb Code     2  usart.o(i._sys_exit)
    delay_init                               0x080034ad   Thumb Code    50  delay.o(i.delay_init)
    delay_ms                                 0x080034e5   Thumb Code    52  delay.o(i.delay_ms)
    delay_us                                 0x0800351d   Thumb Code    48  delay.o(i.delay_us)
    filter                                   0x08003551   Thumb Code    60  bsp_adc.o(i.filter)
    fputc                                    0x08003595   Thumb Code    14  usart.o(i.fputc)
    main                                     0x080035a9   Thumb Code    76  main.o(i.main)
    my_mem_free                              0x08003625   Thumb Code    80  malloc.o(i.my_mem_free)
    my_mem_init                              0x0800367d   Thumb Code    52  malloc.o(i.my_mem_init)
    my_mem_malloc                            0x080036b9   Thumb Code   132  malloc.o(i.my_mem_malloc)
    my_mem_perused                           0x08003745   Thumb Code    48  malloc.o(i.my_mem_perused)
    myfree                                   0x0800377d   Thumb Code    20  malloc.o(i.myfree)
    mymalloc                                 0x08003795   Thumb Code    28  malloc.o(i.mymalloc)
    mymemset                                 0x080037b5   Thumb Code    12  malloc.o(i.mymemset)
    pvPortMalloc                             0x08004025   Thumb Code   214  heap_4.o(i.pvPortMalloc)
    pvTaskIncrementMutexHeldCount            0x08004139   Thumb Code    18  tasks.o(i.pvTaskIncrementMutexHeldCount)
    pxPortInitialiseStack                    0x08004151   Thumb Code    40  port.o(i.pxPortInitialiseStack)
    uxListRemove                             0x0800417d   Thumb Code    36  list.o(i.uxListRemove)
    vListInitialise                          0x080041a1   Thumb Code    22  list.o(i.vListInitialise)
    vListInitialiseItem                      0x080041b7   Thumb Code     6  list.o(i.vListInitialiseItem)
    vListInsert                              0x080041bd   Thumb Code    48  list.o(i.vListInsert)
    vListInsertEnd                           0x080041ed   Thumb Code    24  list.o(i.vListInsertEnd)
    vPortEnterCritical                       0x08004205   Thumb Code    50  port.o(i.vPortEnterCritical)
    vPortExitCritical                        0x0800427d   Thumb Code    34  port.o(i.vPortExitCritical)
    vPortFree                                0x080042e1   Thumb Code    94  heap_4.o(i.vPortFree)
    vPortSetupTimerInterrupt                 0x0800437d   Thumb Code    26  port.o(i.vPortSetupTimerInterrupt)
    vPortValidateInterruptPriority           0x0800439d   Thumb Code    70  port.o(i.vPortValidateInterruptPriority)
    vQueueAddToRegistry                      0x08004429   Thumb Code    32  queue.o(i.vQueueAddToRegistry)
    vQueueWaitForMessageRestricted           0x0800444d   Thumb Code    68  queue.o(i.vQueueWaitForMessageRestricted)
    vTaskDelay                               0x08004491   Thumb Code    62  tasks.o(i.vTaskDelay)
    vTaskDelete                              0x080044fd   Thumb Code   152  tasks.o(i.vTaskDelete)
    vTaskMissedYield                         0x080045c9   Thumb Code     8  tasks.o(i.vTaskMissedYield)
    vTaskPlaceOnEventList                    0x080045d5   Thumb Code    44  tasks.o(i.vTaskPlaceOnEventList)
    vTaskPlaceOnEventListRestricted          0x08004629   Thumb Code    52  tasks.o(i.vTaskPlaceOnEventListRestricted)
    vTaskPriorityInherit                     0x08004685   Thumb Code   124  tasks.o(i.vTaskPriorityInherit)
    vTaskSetTimeOutState                     0x08004709   Thumb Code    30  tasks.o(i.vTaskSetTimeOutState)
    vTaskStartScheduler                      0x08004751   Thumb Code    96  tasks.o(i.vTaskStartScheduler)
    vTaskSuspendAll                          0x080047e5   Thumb Code    10  tasks.o(i.vTaskSuspendAll)
    vTaskSwitchContext                       0x080047f5   Thumb Code    80  tasks.o(i.vTaskSwitchContext)
    xPortStartScheduler                      0x08004871   Thumb Code   196  port.o(i.xPortStartScheduler)
    xPortSysTickHandler                      0x08004985   Thumb Code    38  port.o(i.xPortSysTickHandler)
    xQueueGenericCreate                      0x080049b1   Thumb Code    82  queue.o(i.xQueueGenericCreate)
    xQueueGenericReceive                     0x08004a29   Thumb Code   348  queue.o(i.xQueueGenericReceive)
    xQueueGenericReset                       0x08004bad   Thumb Code   128  queue.o(i.xQueueGenericReset)
    xQueueGenericSend                        0x08004c55   Thumb Code   350  queue.o(i.xQueueGenericSend)
    xQueueGenericSendFromISR                 0x08004ddd   Thumb Code   188  queue.o(i.xQueueGenericSendFromISR)
    xTaskCheckForTimeOut                     0x08004ebd   Thumb Code    94  tasks.o(i.xTaskCheckForTimeOut)
    xTaskCreate                              0x08004f45   Thumb Code    86  tasks.o(i.xTaskCreate)
    xTaskGetSchedulerState                   0x08004f9d   Thumb Code    22  tasks.o(i.xTaskGetSchedulerState)
    xTaskGetTickCount                        0x08004fb9   Thumb Code     6  tasks.o(i.xTaskGetTickCount)
    xTaskIncrementTick                       0x08004fc5   Thumb Code   188  tasks.o(i.xTaskIncrementTick)
    xTaskPriorityDisinherit                  0x080050ad   Thumb Code   136  tasks.o(i.xTaskPriorityDisinherit)
    xTaskRemoveFromEventList                 0x08005161   Thumb Code   102  tasks.o(i.xTaskRemoveFromEventList)
    xTaskResumeAll                           0x080051f9   Thumb Code   180  tasks.o(i.xTaskResumeAll)
    xTimerCreate                             0x080052dd   Thumb Code    74  timers.o(i.xTimerCreate)
    xTimerCreateTimerTask                    0x08005351   Thumb Code    58  timers.o(i.xTimerCreateTimerTask)
    xTimerGenericCommand                     0x080053c5   Thumb Code    98  timers.o(i.xTimerGenericCommand)
    _fp_init                                 0x08005455   Thumb Code    10  fpinit.o(x$fpl$fpinit)
    __fplib_config_fpu_vfp                   0x0800545d   Thumb Code     0  fpinit.o(x$fpl$fpinit)
    __fplib_config_pureend_doubles           0x0800545d   Thumb Code     0  fpinit.o(x$fpl$fpinit)
    F16x16                                   0x0800545e   Data         880  bsp_oled.o(.constdata)
    F6x8                                     0x080057ce   Data         552  bsp_oled.o(.constdata)
    F8X16                                    0x080059f6   Data        1520  bsp_oled.o(.constdata)
    memtblsize                               0x08005fe8   Data          12  malloc.o(.constdata)
    memblksize                               0x08005ff4   Data          12  malloc.o(.constdata)
    memsize                                  0x08006000   Data          12  malloc.o(.constdata)
    Region$$Table$$Base                      0x0800600c   Number         0  anon$$obj.o(Region$$Table)
    Region$$Table$$Limit                     0x0800602c   Number         0  anon$$obj.o(Region$$Table)
    mem3base                                 0x10000000   Data       61440  malloc.o(.ARM.__AT_0x10000000)
    mem3mapbase                              0x1000f000   Data        3840  malloc.o(.ARM.__AT_0x1000F000)
    isKeyUp                                  0x20000004   Data           1  app_task.o(.data)
    isKeyDown                                0x20000005   Data           1  app_task.o(.data)
    isKeyEnter                               0x20000006   Data           1  app_task.o(.data)
    Start_Task_Handler                       0x20000008   Data           4  app_task.o(.data)
    Pmu_Task_Handler                         0x2000000c   Data           4  app_task.o(.data)
    Cammand_Task_Handler                     0x20000010   Data           4  app_task.o(.data)
    Err_Task_Handler                         0x20000014   Data           4  app_task.o(.data)
    Poweroff_Task_Handler                    0x20000018   Data           4  app_task.o(.data)
    Chg_Task_Handler                         0x2000001c   Data           4  app_task.o(.data)
    Test_Task_Handler                        0x20000020   Data           4  app_task.o(.data)
    AutoCharge_Task_Handler                  0x20000024   Data           4  app_task.o(.data)
    Send_Mdrv_Task_Handler                   0x20000028   Data           4  app_task.o(.data)
    Mdrv_Task_Handler                        0x2000002c   Data           4  app_task.o(.data)
    LED_Task_Handler                         0x20000030   Data           4  app_task.o(.data)
    Key_Task_Handler                         0x20000034   Data           4  app_task.o(.data)
    Display_Task_Handler                     0x20000038   Data           4  app_task.o(.data)
    CH1_IrDa_STA                             0x2000003e   Data           1  app_exit.o(.data)
    CH1_IrDa_Data                            0x2000003f   Data           1  app_exit.o(.data)
    CH3_IrDa_STA                             0x20000040   Data           1  app_exit.o(.data)
    CH3_IrDa_Data                            0x20000041   Data           1  app_exit.o(.data)
    CH1_IrDa_VAL1                            0x20000042   Data           2  app_exit.o(.data)
    CH1_IrDa_VAL2                            0x20000044   Data           2  app_exit.o(.data)
    CH3_IrDa_VAL1                            0x20000046   Data           2  app_exit.o(.data)
    CH3_IrDa_VAL2                            0x20000048   Data           2  app_exit.o(.data)
    BaseTimeCount                            0x2000004a   Data           2  app_exit.o(.data)
    selectItem                               0x20000064   Data           1  app_menu.o(.data)
    scrollBar                                0x20000065   Data           1  app_menu.o(.data)
    kp                                       0x20000066   Data           1  app_menu.o(.data)
    ki                                       0x20000067   Data           1  app_menu.o(.data)
    kd                                       0x20000068   Data           1  app_menu.o(.data)
    count1                                   0x2000006a   Data           2  app_menu.o(.data)
    count2                                   0x2000006c   Data           2  app_menu.o(.data)
    count3                                   0x2000006e   Data           2  app_menu.o(.data)
    count4                                   0x20000070   Data           2  app_menu.o(.data)
    count5                                   0x20000072   Data           2  app_menu.o(.data)
    menuPoint                                0x20000074   Data           4  app_menu.o(.data)
    menuLast                                 0x20000078   Data           4  app_menu.o(.data)
    MainUI                                   0x2000007c   Data          36  app_menu.o(.data)
    menuMain                                 0x200000a0   Data         144  app_menu.o(.data)
    setMenu1                                 0x20000130   Data         216  app_menu.o(.data)
    setMenu2                                 0x20000208   Data         180  app_menu.o(.data)
    setMenu3                                 0x200002bc   Data         288  app_menu.o(.data)
    MainUIProperty                           0x200003dc   Data           2  app_menu.o(.data)
    menuMainProperty                         0x200003de   Data           2  app_menu.o(.data)
    setMenu1Property                         0x200003e0   Data           2  app_menu.o(.data)
    setMenu2Property                         0x200003e2   Data           2  app_menu.o(.data)
    setMenu3Property                         0x200003e4   Data           2  app_menu.o(.data)
    SystemCoreClock                          0x200003e8   Data           4  system_stm32f4xx.o(.data)
    AHBPrescTable                            0x200003ec   Data          16  system_stm32f4xx.o(.data)
    __stdout                                 0x20000400   Data           4  usart.o(.data)
    mallco_dev                               0x20000404   Data          36  malloc.o(.data)
    pxCurrentTCB                             0x20000438   Data           4  tasks.o(.data)
    ADC_Filter_Value                         0x200004ac   Data          12  bsp_adc.o(.bss)
    AD_Value                                 0x200004b8   Data         192  bsp_adc.o(.bss)
    UsartToPC                                0x20000578   Data          30  app_usart.o(.bss)
    UsartToTest                              0x20000596   Data          30  app_usart.o(.bss)
    UsartToDrv                               0x200005b4   Data          30  app_usart.o(.bss)
    AutoCharge                               0x200005d4   Data          60  app_autocharge.o(.bss)
    Pms                                      0x20000610   Data          24  app_pms.o(.bss)
    Moto                                     0x20000628   Data          38  app_motodrv.o(.bss)
    Robot_Sys                                0x20000650   Data          52  main.o(.bss)
    Moto_Odom                                0x20000684   Data          10  main.o(.bss)
    mem1base                                 0x200006a0   Data       51200  malloc.o(.bss)
    mem1mapbase                              0x2000cea0   Data        3200  malloc.o(.bss)
    xQueueRegistry                           0x2000db20   Data          64  queue.o(.bss)
    __libspace_start                         0x20012e6c   Data          96  libspace.o(.bss)
    __temporary_stack_top$libspace           0x20012ecc   Data           0  libspace.o(.bss)
    mem2base                                 0x68000000   Data       983040  malloc.o(.ARM.__AT_0x68000000)
    mem2mapbase                              0x680f0000   Data       61440  malloc.o(.ARM.__AT_0x680F0000)



==============================================================================

Memory Map of the image

  Image Entry point : 0x08000189

  Load Region LR_IROM1 (Base: 0x08000000, Size: 0x000064d8, Max: 0x00080000, ABSOLUTE, COMPRESSED[0x00006168])

    Execution Region ER_IROM1 (Exec base: 0x08000000, Load base: 0x08000000, Size: 0x0000602c, Max: 0x00080000, ABSOLUTE)

    Exec Addr    Load Addr    Size         Type   Attr      Idx    E Section Name        Object

    0x08000000   0x08000000   0x00000188   Data   RO         1893    RESET               startup_stm32f40_41xxx.o
    0x08000188   0x08000188   0x00000008   Code   RO         5718  * !!!main             c_w.l(__main.o)
    0x08000190   0x08000190   0x00000034   Code   RO         5921    !!!scatter          c_w.l(__scatter.o)
    0x080001c4   0x080001c4   0x0000005a   Code   RO         5919    !!dczerorl2         c_w.l(__dczerorl2.o)
    0x0800021e   0x0800021e   0x00000002   PAD
    0x08000220   0x08000220   0x0000001c   Code   RO         5923    !!handler_zi        c_w.l(__scatter_zi.o)
    0x0800023c   0x0800023c   0x00000000   Code   RO         5707    .ARM.Collect$$_printf_percent$$00000000  c_w.l(_printf_percent.o)
    0x0800023c   0x0800023c   0x00000006   Code   RO         5705    .ARM.Collect$$_printf_percent$$00000009  c_w.l(_printf_d.o)
    0x08000242   0x08000242   0x00000006   Code   RO         5704    .ARM.Collect$$_printf_percent$$00000014  c_w.l(_printf_s.o)
    0x08000248   0x08000248   0x00000004   Code   RO         5749    .ARM.Collect$$_printf_percent$$00000017  c_w.l(_printf_percent_end.o)
    0x0800024c   0x0800024c   0x00000002   Code   RO         5791    .ARM.Collect$$libinit$$00000000  c_w.l(libinit.o)
    0x0800024e   0x0800024e   0x00000004   Code   RO         5797    .ARM.Collect$$libinit$$00000001  c_w.l(libinit2.o)
    0x08000252   0x08000252   0x00000000   Code   RO         5800    .ARM.Collect$$libinit$$00000004  c_w.l(libinit2.o)
    0x08000252   0x08000252   0x00000000   Code   RO         5803    .ARM.Collect$$libinit$$0000000A  c_w.l(libinit2.o)
    0x08000252   0x08000252   0x00000000   Code   RO         5805    .ARM.Collect$$libinit$$0000000C  c_w.l(libinit2.o)
    0x08000252   0x08000252   0x00000000   Code   RO         5807    .ARM.Collect$$libinit$$0000000E  c_w.l(libinit2.o)
    0x08000252   0x08000252   0x00000000   Code   RO         5810    .ARM.Collect$$libinit$$00000011  c_w.l(libinit2.o)
    0x08000252   0x08000252   0x00000000   Code   RO         5812    .ARM.Collect$$libinit$$00000013  c_w.l(libinit2.o)
    0x08000252   0x08000252   0x00000000   Code   RO         5814    .ARM.Collect$$libinit$$00000015  c_w.l(libinit2.o)
    0x08000252   0x08000252   0x00000000   Code   RO         5816    .ARM.Collect$$libinit$$00000017  c_w.l(libinit2.o)
    0x08000252   0x08000252   0x00000000   Code   RO         5818    .ARM.Collect$$libinit$$00000019  c_w.l(libinit2.o)
    0x08000252   0x08000252   0x00000000   Code   RO         5820    .ARM.Collect$$libinit$$0000001B  c_w.l(libinit2.o)
    0x08000252   0x08000252   0x00000000   Code   RO         5822    .ARM.Collect$$libinit$$0000001D  c_w.l(libinit2.o)
    0x08000252   0x08000252   0x00000000   Code   RO         5824    .ARM.Collect$$libinit$$0000001F  c_w.l(libinit2.o)
    0x08000252   0x08000252   0x00000000   Code   RO         5826    .ARM.Collect$$libinit$$00000021  c_w.l(libinit2.o)
    0x08000252   0x08000252   0x00000000   Code   RO         5828    .ARM.Collect$$libinit$$00000023  c_w.l(libinit2.o)
    0x08000252   0x08000252   0x00000000   Code   RO         5830    .ARM.Collect$$libinit$$00000025  c_w.l(libinit2.o)
    0x08000252   0x08000252   0x00000000   Code   RO         5834    .ARM.Collect$$libinit$$0000002C  c_w.l(libinit2.o)
    0x08000252   0x08000252   0x00000000   Code   RO         5836    .ARM.Collect$$libinit$$0000002E  c_w.l(libinit2.o)
    0x08000252   0x08000252   0x00000000   Code   RO         5838    .ARM.Collect$$libinit$$00000030  c_w.l(libinit2.o)
    0x08000252   0x08000252   0x00000000   Code   RO         5840    .ARM.Collect$$libinit$$00000032  c_w.l(libinit2.o)
    0x08000252   0x08000252   0x00000002   Code   RO         5841    .ARM.Collect$$libinit$$00000033  c_w.l(libinit2.o)
    0x08000254   0x08000254   0x00000002   Code   RO         5859    .ARM.Collect$$libshutdown$$00000000  c_w.l(libshutdown.o)
    0x08000256   0x08000256   0x00000000   Code   RO         5869    .ARM.Collect$$libshutdown$$00000002  c_w.l(libshutdown2.o)
    0x08000256   0x08000256   0x00000000   Code   RO         5871    .ARM.Collect$$libshutdown$$00000004  c_w.l(libshutdown2.o)
    0x08000256   0x08000256   0x00000000   Code   RO         5873    .ARM.Collect$$libshutdown$$00000006  c_w.l(libshutdown2.o)
    0x08000256   0x08000256   0x00000000   Code   RO         5876    .ARM.Collect$$libshutdown$$00000009  c_w.l(libshutdown2.o)
    0x08000256   0x08000256   0x00000000   Code   RO         5879    .ARM.Collect$$libshutdown$$0000000C  c_w.l(libshutdown2.o)
    0x08000256   0x08000256   0x00000000   Code   RO         5881    .ARM.Collect$$libshutdown$$0000000E  c_w.l(libshutdown2.o)
    0x08000256   0x08000256   0x00000000   Code   RO         5884    .ARM.Collect$$libshutdown$$00000011  c_w.l(libshutdown2.o)
    0x08000256   0x08000256   0x00000002   Code   RO         5885    .ARM.Collect$$libshutdown$$00000012  c_w.l(libshutdown2.o)
    0x08000258   0x08000258   0x00000000   Code   RO         5738    .ARM.Collect$$rtentry$$00000000  c_w.l(__rtentry.o)
    0x08000258   0x08000258   0x00000000   Code   RO         5760    .ARM.Collect$$rtentry$$00000002  c_w.l(__rtentry2.o)
    0x08000258   0x08000258   0x00000006   Code   RO         5772    .ARM.Collect$$rtentry$$00000004  c_w.l(__rtentry4.o)
    0x0800025e   0x0800025e   0x00000000   Code   RO         5762    .ARM.Collect$$rtentry$$00000009  c_w.l(__rtentry2.o)
    0x0800025e   0x0800025e   0x00000004   Code   RO         5763    .ARM.Collect$$rtentry$$0000000A  c_w.l(__rtentry2.o)
    0x08000262   0x08000262   0x00000000   Code   RO         5765    .ARM.Collect$$rtentry$$0000000C  c_w.l(__rtentry2.o)
    0x08000262   0x08000262   0x00000008   Code   RO         5766    .ARM.Collect$$rtentry$$0000000D  c_w.l(__rtentry2.o)
    0x0800026a   0x0800026a   0x00000002   Code   RO         5795    .ARM.Collect$$rtexit$$00000000  c_w.l(rtexit.o)
    0x0800026c   0x0800026c   0x00000000   Code   RO         5843    .ARM.Collect$$rtexit$$00000002  c_w.l(rtexit2.o)
    0x0800026c   0x0800026c   0x00000004   Code   RO         5844    .ARM.Collect$$rtexit$$00000003  c_w.l(rtexit2.o)
    0x08000270   0x08000270   0x00000006   Code   RO         5845    .ARM.Collect$$rtexit$$00000004  c_w.l(rtexit2.o)
    0x08000276   0x08000276   0x00000002   PAD
    0x08000278   0x08000278   0x000000b6   Code   RO         5523    .emb_text           port.o
    0x0800032e   0x0800032e   0x00000002   PAD
    0x08000330   0x08000330   0x00000040   Code   RO         1894    .text               startup_stm32f40_41xxx.o
    0x08000370   0x08000370   0x00000002   Code   RO         5665    .text               c_w.l(use_no_semi_2.o)
    0x08000372   0x08000372   0x00000002   PAD
    0x08000374   0x08000374   0x00000018   Code   RO         5671    .text               c_w.l(noretval__2printf.o)
    0x0800038c   0x0800038c   0x00000028   Code   RO         5673    .text               c_w.l(noretval__2sprintf.o)
    0x080003b4   0x080003b4   0x0000004e   Code   RO         5677    .text               c_w.l(_printf_pad.o)
    0x08000402   0x08000402   0x00000052   Code   RO         5679    .text               c_w.l(_printf_str.o)
    0x08000454   0x08000454   0x00000078   Code   RO         5681    .text               c_w.l(_printf_dec.o)
    0x080004cc   0x080004cc   0x0000010e   Code   RO         5691    .text               c_w.l(__printf_wp.o)
    0x080005da   0x080005da   0x0000008a   Code   RO         5712    .text               c_w.l(rt_memcpy_v6.o)
    0x08000664   0x08000664   0x00000010   Code   RO         5714    .text               c_w.l(aeabi_memset.o)
    0x08000674   0x08000674   0x00000006   Code   RO         5716    .text               c_w.l(heapauxi.o)
    0x0800067a   0x0800067a   0x00000002   Code   RO         5736    .text               c_w.l(use_no_semi.o)
    0x0800067c   0x0800067c   0x000000b2   Code   RO         5739    .text               c_w.l(_printf_intcommon.o)
    0x0800072e   0x0800072e   0x00000002   PAD
    0x08000730   0x08000730   0x00000030   Code   RO         5741    .text               c_w.l(_printf_char_common.o)
    0x08000760   0x08000760   0x0000000a   Code   RO         5743    .text               c_w.l(_sputc.o)
    0x0800076a   0x0800076a   0x0000002c   Code   RO         5745    .text               c_w.l(_printf_char.o)
    0x08000796   0x08000796   0x00000002   PAD
    0x08000798   0x08000798   0x00000024   Code   RO         5747    .text               c_w.l(_printf_char_file.o)
    0x080007bc   0x080007bc   0x00000064   Code   RO         5750    .text               c_w.l(rt_memcpy_w.o)
    0x08000820   0x08000820   0x00000044   Code   RO         5752    .text               c_w.l(rt_memclr.o)
    0x08000864   0x08000864   0x00000008   Code   RO         5776    .text               c_w.l(ferror.o)
    0x0800086c   0x0800086c   0x0000004e   Code   RO         5780    .text               c_w.l(rt_memclr_w.o)
    0x080008ba   0x080008ba   0x0000004a   Code   RO         5782    .text               c_w.l(sys_stackheap_outer.o)
    0x08000904   0x08000904   0x00000012   Code   RO         5784    .text               c_w.l(exit.o)
    0x08000916   0x08000916   0x00000002   PAD
    0x08000918   0x08000918   0x00000008   Code   RO         5792    .text               c_w.l(libspace.o)
    0x08000920   0x08000920   0x000000e4   Code   RO            3    i.ADC_Cfg_Init      bsp_adc.o
    0x08000a04   0x08000a04   0x00000014   Code   RO         1906    i.ADC_Cmd           stm32f4xx_adc.o
    0x08000a18   0x08000a18   0x0000002c   Code   RO         1907    i.ADC_CommonInit    stm32f4xx_adc.o
    0x08000a44   0x08000a44   0x00000014   Code   RO         1910    i.ADC_DMACmd        stm32f4xx_adc.o
    0x08000a58   0x08000a58   0x00000014   Code   RO         1911    i.ADC_DMARequestAfterLastTransferCmd  stm32f4xx_adc.o
    0x08000a6c   0x08000a6c   0x0000007c   Code   RO            4    i.ADC_DMA_Cfg_Init  bsp_adc.o
    0x08000ae8   0x08000ae8   0x0000004c   Code   RO         1926    i.ADC_Init          stm32f4xx_adc.o
    0x08000b34   0x08000b34   0x00000074   Code   RO         1931    i.ADC_RegularChannelConfig  stm32f4xx_adc.o
    0x08000ba8   0x08000ba8   0x0000000a   Code   RO         1933    i.ADC_SoftwareStartConv  stm32f4xx_adc.o
    0x08000bb2   0x08000bb2   0x00000042   Code   RO          905    i.AT24CXX_ReadOneByte  app_24cxx.o
    0x08000bf4   0x08000bf4   0x0000003e   Code   RO          908    i.AT24CXX_WriteOneByte  app_24cxx.o
    0x08000c32   0x08000c32   0x00000008   Code   RO          789    i.AutoCharge_Task   app_task.o
    0x08000c3a   0x08000c3a   0x00000002   PAD
    0x08000c3c   0x08000c3c   0x0000003c   Code   RO          324    i.BEEP_GPIO_Init    bsp_gpio.o
    0x08000c78   0x08000c78   0x00000002   Code   RO         1574    i.BusFault_Handler  stm32f4xx_it.o
    0x08000c7a   0x08000c7a   0x00000008   Code   RO          790    i.Cammand_Task      app_task.o
    0x08000c82   0x08000c82   0x00000002   PAD
    0x08000c84   0x08000c84   0x00000038   Code   RO         1003    i.Charge_Tim1ms     app_autocharge.o
    0x08000cbc   0x08000cbc   0x00000008   Code   RO          791    i.Chg_Task          app_task.o
    0x08000cc4   0x08000cc4   0x00000058   Code   RO          325    i.Crash_Gpio_Init   bsp_gpio.o
    0x08000d1c   0x08000d1c   0x0000002c   Code   RO            5    i.DMA2_Stream0_IRQHandler  bsp_adc.o
    0x08000d48   0x08000d48   0x0000002c   Code   RO         2258    i.DMA_ClearFlag     stm32f4xx_dma.o
    0x08000d74   0x08000d74   0x0000002c   Code   RO         2259    i.DMA_ClearITPendingBit  stm32f4xx_dma.o
    0x08000da0   0x08000da0   0x00000014   Code   RO         2260    i.DMA_Cmd           stm32f4xx_dma.o
    0x08000db4   0x08000db4   0x0000000e   Code   RO         2265    i.DMA_GetCmdStatus  stm32f4xx_dma.o
    0x08000dc2   0x08000dc2   0x00000002   PAD
    0x08000dc4   0x08000dc4   0x00000054   Code   RO         2270    i.DMA_GetITStatus   stm32f4xx_dma.o
    0x08000e18   0x08000e18   0x0000002c   Code   RO         2271    i.DMA_ITConfig      stm32f4xx_dma.o
    0x08000e44   0x08000e44   0x00000054   Code   RO         2272    i.DMA_Init          stm32f4xx_dma.o
    0x08000e98   0x08000e98   0x00000002   Code   RO         1396    i.DayAdd            app_menu.o
    0x08000e9a   0x08000e9a   0x00000002   Code   RO         1575    i.DebugMon_Handler  stm32f4xx_it.o
    0x08000e9c   0x08000e9c   0x0000007c   Code   RO         1397    i.DisplayRefreash   app_menu.o
    0x08000f18   0x08000f18   0x00000030   Code   RO         1398    i.DisplayRefreashData  app_menu.o
    0x08000f48   0x08000f48   0x00000040   Code   RO          792    i.Display_Task      app_task.o
    0x08000f88   0x08000f88   0x00000128   Code   RO         1121    i.EXTI0_IRQHandler  app_exit.o
    0x080010b0   0x080010b0   0x0000001c   Code   RO         1122    i.EXTI15_10_IRQHandler  app_exit.o
    0x080010cc   0x080010cc   0x00000120   Code   RO         1123    i.EXTI1_IRQHandler  app_exit.o
    0x080011ec   0x080011ec   0x00000018   Code   RO         1124    i.EXTI2_IRQHandler  app_exit.o
    0x08001204   0x08001204   0x00000018   Code   RO         1125    i.EXTI4_IRQHandler  app_exit.o
    0x0800121c   0x0800121c   0x0000002a   Code   RO         1126    i.EXTI9_5_IRQHandler  app_exit.o
    0x08001246   0x08001246   0x00000002   PAD
    0x08001248   0x08001248   0x0000000c   Code   RO         2387    i.EXTI_ClearITPendingBit  stm32f4xx_exti.o
    0x08001254   0x08001254   0x00000014   Code   RO         2391    i.EXTI_GetITStatus  stm32f4xx_exti.o
    0x08001268   0x08001268   0x00000070   Code   RO         2392    i.EXTI_Init         stm32f4xx_exti.o
    0x080012d8   0x080012d8   0x0000000c   Code   RO          793    i.Err_Handle_Task   app_task.o
    0x080012e4   0x080012e4   0x00000078   Code   RO         2449    i.GPIO_Init         stm32f4xx_gpio.o
    0x0800135c   0x0800135c   0x00000020   Code   RO         2450    i.GPIO_PinAFConfig  stm32f4xx_gpio.o
    0x0800137c   0x0800137c   0x0000000e   Code   RO         2453    i.GPIO_ReadInputDataBit  stm32f4xx_gpio.o
    0x0800138a   0x0800138a   0x00000004   Code   RO         2456    i.GPIO_ResetBits    stm32f4xx_gpio.o
    0x0800138e   0x0800138e   0x00000004   Code   RO         2457    i.GPIO_SetBits      stm32f4xx_gpio.o
    0x08001392   0x08001392   0x00000002   PAD
    0x08001394   0x08001394   0x000000ac   Code   RO         1289    i.Get_odom_pulse    app_motodrv.o
    0x08001440   0x08001440   0x0000014c   Code   RO         1399    i.GuiDataDisplayRefresh  app_menu.o
    0x0800158c   0x0800158c   0x00000002   Code   RO         1576    i.HardFault_Handler  stm32f4xx_it.o
    0x0800158e   0x0800158e   0x00000002   Code   RO         1400    i.HourAdd           app_menu.o
    0x08001590   0x08001590   0x00000044   Code   RO          437    i.IIC2_Init         bsp_iic2.o
    0x080015d4   0x080015d4   0x00000060   Code   RO          440    i.IIC2_Send_Byte    bsp_iic2.o
    0x08001634   0x08001634   0x00000040   Code   RO          441    i.IIC2_Start        bsp_iic2.o
    0x08001674   0x08001674   0x00000040   Code   RO          442    i.IIC2_Stop         bsp_iic2.o
    0x080016b4   0x080016b4   0x00000068   Code   RO          443    i.IIC2_Wait_Ack     bsp_iic2.o
    0x0800171c   0x0800171c   0x00000044   Code   RO          374    i.IIC_Ack           bsp_iic.o
    0x08001760   0x08001760   0x00000044   Code   RO          376    i.IIC_NAck          bsp_iic.o
    0x080017a4   0x080017a4   0x00000068   Code   RO          377    i.IIC_Read_Byte     bsp_iic.o
    0x0800180c   0x0800180c   0x00000060   Code   RO          378    i.IIC_Send_Byte     bsp_iic.o
    0x0800186c   0x0800186c   0x00000040   Code   RO          379    i.IIC_Start         bsp_iic.o
    0x080018ac   0x080018ac   0x00000040   Code   RO          380    i.IIC_Stop          bsp_iic.o
    0x080018ec   0x080018ec   0x00000068   Code   RO          381    i.IIC_Wait_Ack      bsp_iic.o
    0x08001954   0x08001954   0x0000001c   Code   RO         1127    i.IR_Code_Delay10us  app_exit.o
    0x08001970   0x08001970   0x0000006c   Code   RO          326    i.IR_Decoding_GPIO_Init  bsp_gpio.o
    0x080019dc   0x080019dc   0x00000010   Code   RO         2770    i.IWDG_Enable       stm32f4xx_iwdg.o
    0x080019ec   0x080019ec   0x00000004   Code   RO          498    i.IWDG_Feed         bsp_iwdg.o
    0x080019f0   0x080019f0   0x00000026   Code   RO          499    i.IWDG_Init         bsp_iwdg.o
    0x08001a16   0x08001a16   0x00000002   PAD
    0x08001a18   0x08001a18   0x00000010   Code   RO         2772    i.IWDG_ReloadCounter  stm32f4xx_iwdg.o
    0x08001a28   0x08001a28   0x0000000c   Code   RO         2773    i.IWDG_SetPrescaler  stm32f4xx_iwdg.o
    0x08001a34   0x08001a34   0x0000000c   Code   RO         2774    i.IWDG_SetReload    stm32f4xx_iwdg.o
    0x08001a40   0x08001a40   0x0000000c   Code   RO         2775    i.IWDG_WriteAccessCmd  stm32f4xx_iwdg.o
    0x08001a4c   0x08001a4c   0x000000a8   Code   RO         1375    i.KEY_Scan          app_key.o
    0x08001af4   0x08001af4   0x00000010   Code   RO         1401    i.KdAdd             app_menu.o
    0x08001b04   0x08001b04   0x00000044   Code   RO          327    i.Key_GPIO_Init     bsp_gpio.o
    0x08001b48   0x08001b48   0x00000094   Code   RO          794    i.Key_Task          app_task.o
    0x08001bdc   0x08001bdc   0x00000010   Code   RO         1402    i.KiAdd             app_menu.o
    0x08001bec   0x08001bec   0x00000010   Code   RO         1403    i.KpAdd             app_menu.o
    0x08001bfc   0x08001bfc   0x00000010   Code   RO         1404    i.KpSub             app_menu.o
    0x08001c0c   0x08001c0c   0x000000b0   Code   RO          328    i.LED_GPIO_Init     bsp_gpio.o
    0x08001cbc   0x08001cbc   0x0000001c   Code   RO          795    i.LED_Task          app_task.o
    0x08001cd8   0x08001cd8   0x0000003c   Code   RO         1405    i.MainUiSet         app_menu.o
    0x08001d14   0x08001d14   0x0000000c   Code   RO          796    i.Mdrv_Task         app_task.o
    0x08001d20   0x08001d20   0x00000002   Code   RO         1577    i.MemManage_Handler  stm32f4xx_it.o
    0x08001d22   0x08001d22   0x00000002   PAD
    0x08001d24   0x08001d24   0x000000f4   Code   RO         1406    i.MenuControl       app_menu.o
    0x08001e18   0x08001e18   0x00000002   Code   RO         1408    i.MinuteAdd         app_menu.o
    0x08001e1a   0x08001e1a   0x0000003c   Code   RO         1290    i.ModBusCRC16       app_motodrv.o
    0x08001e56   0x08001e56   0x00000002   Code   RO         1409    i.MonthAdd          app_menu.o
    0x08001e58   0x08001e58   0x0000015c   Code   RO         1291    i.Moto_mdrv_analysis  app_motodrv.o
    0x08001fb4   0x08001fb4   0x00000002   Code   RO         1578    i.NMI_Handler       stm32f4xx_it.o
    0x08001fb6   0x08001fb6   0x00000170   Code   RO         1223    i.NVIC_Configuration  app_system.o
    0x08002126   0x08002126   0x00000002   PAD
    0x08002128   0x08002128   0x00000064   Code   RO         3719    i.NVIC_Init         misc.o
    0x0800218c   0x0800218c   0x00000014   Code   RO         3720    i.NVIC_PriorityGroupConfig  misc.o
    0x080021a0   0x080021a0   0x00000034   Code   RO          701    i.OLED_CLS          bsp_oled.o
    0x080021d4   0x080021d4   0x00000036   Code   RO          702    i.OLED_Fill         bsp_oled.o
    0x0800220a   0x0800220a   0x000000c4   Code   RO          703    i.OLED_Init         bsp_oled.o
    0x080022ce   0x080022ce   0x00000002   PAD
    0x080022d0   0x080022d0   0x0000005c   Code   RO          705    i.OLED_P6x8Str      bsp_oled.o
    0x0800232c   0x0800232c   0x00000080   Code   RO          706    i.OLED_P8x16Str     bsp_oled.o
    0x080023ac   0x080023ac   0x00000026   Code   RO          707    i.OLED_Set_Pos      bsp_oled.o
    0x080023d2   0x080023d2   0x00000032   Code   RO          708    i.OLED_WrCmd        bsp_oled.o
    0x08002404   0x08002404   0x0000002e   Code   RO          709    i.OLED_WrDat        bsp_oled.o
    0x08002432   0x08002432   0x0000000c   Code   RO          797    i.Pmu_Task          app_task.o
    0x0800243e   0x0800243e   0x00000008   Code   RO          798    i.Poweroff_Task     app_task.o
    0x08002446   0x08002446   0x00000002   PAD
    0x08002448   0x08002448   0x00000018   Code   RO         3819    i.RCC_AHB1PeriphClockCmd  stm32f4xx_rcc.o
    0x08002460   0x08002460   0x00000018   Code   RO         3828    i.RCC_APB1PeriphClockCmd  stm32f4xx_rcc.o
    0x08002478   0x08002478   0x00000018   Code   RO         3831    i.RCC_APB2PeriphClockCmd  stm32f4xx_rcc.o
    0x08002490   0x08002490   0x00000018   Code   RO         3833    i.RCC_APB2PeriphResetCmd  stm32f4xx_rcc.o
    0x080024a8   0x080024a8   0x00000090   Code   RO         3840    i.RCC_GetClocksFreq  stm32f4xx_rcc.o
    0x08002538   0x08002538   0x00000054   Code   RO          574    i.RS485_SendMultibyte  bsp_rs485.o
    0x0800258c   0x0800258c   0x00000022   Code   RO          575    i.RS485_SendOneByte  bsp_rs485.o
    0x080025ae   0x080025ae   0x00000002   PAD
    0x080025b0   0x080025b0   0x00000030   Code   RO         3766    i.SYSCFG_EXTILineConfig  stm32f4xx_syscfg.o
    0x080025e0   0x080025e0   0x00000002   Code   RO         1410    i.SecondAdd         app_menu.o
    0x080025e2   0x080025e2   0x00000008   Code   RO          799    i.Send_Mdrv_Task    app_task.o
    0x080025ea   0x080025ea   0x00000002   PAD
    0x080025ec   0x080025ec   0x00000050   Code   RO         1296    i.Send_speed_set    app_motodrv.o
    0x0800263c   0x0800263c   0x000000b4   Code   RO         1653    i.SetSysClock       system_stm32f4xx.o
    0x080026f0   0x080026f0   0x000001fc   Code   RO          800    i.Start_Task        app_task.o
    0x080028ec   0x080028ec   0x00000018   Code   RO         3723    i.SysTick_CLKSourceConfig  misc.o
    0x08002904   0x08002904   0x00000014   Code   RO         1690    i.SysTick_Handler   delay.o
    0x08002918   0x08002918   0x0000005c   Code   RO         1655    i.SystemInit        system_stm32f4xx.o
    0x08002974   0x08002974   0x00000094   Code   RO         1224    i.System_Board_Init  app_system.o
    0x08002a08   0x08002a08   0x0000008c   Code   RO         1225    i.System_StartTips  app_system.o
    0x08002a94   0x08002a94   0x00000028   Code   RO         1255    i.TIM1_UP_TIM10_IRQHandler  app_tim.o
    0x08002abc   0x08002abc   0x00000108   Code   RO         1256    i.TIM2_IRQHandler   app_tim.o
    0x08002bc4   0x08002bc4   0x00000034   Code   RO         1257    i.TIM7_IRQHandler   app_tim.o
    0x08002bf8   0x08002bf8   0x00000006   Code   RO         2992    i.TIM_ClearFlag     stm32f4xx_tim.o
    0x08002bfe   0x08002bfe   0x00000006   Code   RO         2993    i.TIM_ClearITPendingBit  stm32f4xx_tim.o
    0x08002c04   0x08002c04   0x00000014   Code   RO         2998    i.TIM_Cmd           stm32f4xx_tim.o
    0x08002c18   0x08002c18   0x00000018   Code   RO         3019    i.TIM_GetITStatus   stm32f4xx_tim.o
    0x08002c30   0x08002c30   0x00000010   Code   RO         3023    i.TIM_ITConfig      stm32f4xx_tim.o
    0x08002c40   0x08002c40   0x00000004   Code   RO         3064    i.TIM_SetCounter    stm32f4xx_tim.o
    0x08002c44   0x08002c44   0x0000007c   Code   RO         3070    i.TIM_TimeBaseInit  stm32f4xx_tim.o
    0x08002cc0   0x08002cc0   0x00000064   Code   RO          611    i.TIMx_Cfg_Init     bsp_tim.o
    0x08002d24   0x08002d24   0x00000008   Code   RO          801    i.Test_Task         app_task.o
    0x08002d2c   0x08002d2c   0x00000002   Code   RO         1411    i.TimeOK            app_menu.o
    0x08002d2e   0x08002d2e   0x00000002   Code   RO         1412    i.TimeSetInit       app_menu.o
    0x08002d30   0x08002d30   0x0000009c   Code   RO          631    i.UART4_Cfg_Init    bsp_usart.o
    0x08002dcc   0x08002dcc   0x00000064   Code   RO          958    i.UART4_IRQHandler  app_usart.o
    0x08002e30   0x08002e30   0x000000cc   Code   RO          632    i.UART5_Cfg_Init    bsp_usart.o
    0x08002efc   0x08002efc   0x0000009c   Code   RO          633    i.USART1_Cfg_Init   bsp_usart.o
    0x08002f98   0x08002f98   0x000000b4   Code   RO          959    i.USART1_IRQHandler  app_usart.o
    0x0800304c   0x0800304c   0x00000098   Code   RO          634    i.USART2_Cfg_Init   bsp_usart.o
    0x080030e4   0x080030e4   0x0000009c   Code   RO          635    i.USART3_Cfg_Init   bsp_usart.o
    0x08003180   0x08003180   0x000000bc   Code   RO          960    i.USART3_IRQHandler  app_usart.o
    0x0800323c   0x0800323c   0x00000098   Code   RO          636    i.USART8_Cfg_Init   bsp_usart.o
    0x080032d4   0x080032d4   0x00000006   Code   RO         3531    i.USART_ClearFlag   stm32f4xx_usart.o
    0x080032da   0x080032da   0x0000000c   Code   RO         3532    i.USART_ClearITPendingBit  stm32f4xx_usart.o
    0x080032e6   0x080032e6   0x00000014   Code   RO         3535    i.USART_Cmd         stm32f4xx_usart.o
    0x080032fa   0x080032fa   0x0000000e   Code   RO         3538    i.USART_GetFlagStatus  stm32f4xx_usart.o
    0x08003308   0x08003308   0x0000003e   Code   RO         3539    i.USART_GetITStatus  stm32f4xx_usart.o
    0x08003346   0x08003346   0x00000030   Code   RO         3541    i.USART_ITConfig    stm32f4xx_usart.o
    0x08003376   0x08003376   0x00000002   PAD
    0x08003378   0x08003378   0x000000ac   Code   RO         3542    i.USART_Init        stm32f4xx_usart.o
    0x08003424   0x08003424   0x00000008   Code   RO         3549    i.USART_ReceiveData  stm32f4xx_usart.o
    0x0800342c   0x0800342c   0x00000008   Code   RO         3552    i.USART_SendData    stm32f4xx_usart.o
    0x08003434   0x08003434   0x00000064   Code   RO          637    i.USARTx_Cfg_Init   bsp_usart.o
    0x08003498   0x08003498   0x00000002   Code   RO         1579    i.UsageFault_Handler  stm32f4xx_it.o
    0x0800349a   0x0800349a   0x00000002   Code   RO         1413    i.YearAdd           app_menu.o
    0x0800349c   0x0800349c   0x0000000e   Code   RO         5693    i._is_digit         c_w.l(__printf_wp.o)
    0x080034aa   0x080034aa   0x00000002   Code   RO         1764    i._sys_exit         usart.o
    0x080034ac   0x080034ac   0x00000038   Code   RO         1691    i.delay_init        delay.o
    0x080034e4   0x080034e4   0x00000038   Code   RO         1692    i.delay_ms          delay.o
    0x0800351c   0x0800351c   0x00000034   Code   RO         1693    i.delay_us          delay.o
    0x08003550   0x08003550   0x00000044   Code   RO            6    i.filter            bsp_adc.o
    0x08003594   0x08003594   0x00000014   Code   RO         1765    i.fputc             usart.o
    0x080035a8   0x080035a8   0x0000007c   Code   RO         1544    i.main              main.o
    0x08003624   0x08003624   0x00000058   Code   RO         1814    i.my_mem_free       malloc.o
    0x0800367c   0x0800367c   0x0000003c   Code   RO         1815    i.my_mem_init       malloc.o
    0x080036b8   0x080036b8   0x0000008c   Code   RO         1816    i.my_mem_malloc     malloc.o
    0x08003744   0x08003744   0x00000038   Code   RO         1817    i.my_mem_perused    malloc.o
    0x0800377c   0x0800377c   0x00000018   Code   RO         1818    i.myfree            malloc.o
    0x08003794   0x08003794   0x00000020   Code   RO         1819    i.mymalloc          malloc.o
    0x080037b4   0x080037b4   0x0000000c   Code   RO         1821    i.mymemset          malloc.o
    0x080037c0   0x080037c0   0x00000070   Code   RO         5042    i.prvAddCurrentTaskToDelayedList  tasks.o
    0x08003830   0x08003830   0x000000d0   Code   RO         5043    i.prvAddNewTaskToReadyList  tasks.o
    0x08003900   0x08003900   0x00000050   Code   RO         5395    i.prvCheckForValidListAndQueue  timers.o
    0x08003950   0x08003950   0x00000054   Code   RO         5044    i.prvCheckTasksWaitingTermination  tasks.o
    0x080039a4   0x080039a4   0x00000026   Code   RO         4813    i.prvCopyDataFromQueue  queue.o
    0x080039ca   0x080039ca   0x0000006c   Code   RO         4814    i.prvCopyDataToQueue  queue.o
    0x08003a36   0x08003a36   0x00000014   Code   RO         5045    i.prvDeleteTCB      tasks.o
    0x08003a4a   0x08003a4a   0x00000002   PAD
    0x08003a4c   0x08003a4c   0x0000004c   Code   RO         5608    i.prvHeapInit       heap_4.o
    0x08003a98   0x08003a98   0x00000028   Code   RO         5046    i.prvIdleTask       tasks.o
    0x08003ac0   0x08003ac0   0x000000c0   Code   RO         5047    i.prvInitialiseNewTask  tasks.o
    0x08003b80   0x08003b80   0x0000004c   Code   RO         5609    i.prvInsertBlockIntoFreeList  heap_4.o
    0x08003bcc   0x08003bcc   0x00000038   Code   RO         5396    i.prvInsertTimerInActiveList  timers.o
    0x08003c04   0x08003c04   0x0000001a   Code   RO         4815    i.prvIsQueueEmpty   queue.o
    0x08003c1e   0x08003c1e   0x00000002   PAD
    0x08003c20   0x08003c20   0x00000090   Code   RO         4816    i.prvNotifyQueueSetContainer  queue.o
    0x08003cb0   0x08003cb0   0x00000060   Code   RO         5397    i.prvProcessExpiredTimer  timers.o
    0x08003d10   0x08003d10   0x000000f0   Code   RO         5398    i.prvProcessReceivedCommands  timers.o
    0x08003e00   0x08003e00   0x0000006c   Code   RO         5399    i.prvProcessTimerOrBlockTask  timers.o
    0x08003e6c   0x08003e6c   0x00000020   Code   RO         5049    i.prvResetNextTaskUnblockTime  tasks.o
    0x08003e8c   0x08003e8c   0x00000028   Code   RO         5400    i.prvSampleTimeNow  timers.o
    0x08003eb4   0x08003eb4   0x0000006c   Code   RO         5401    i.prvSwitchTimerLists  timers.o
    0x08003f20   0x08003f20   0x00000064   Code   RO         5524    i.prvTaskExitError  port.o
    0x08003f84   0x08003f84   0x00000028   Code   RO         5402    i.prvTimerTask      timers.o
    0x08003fac   0x08003fac   0x00000078   Code   RO         4817    i.prvUnlockQueue    queue.o
    0x08004024   0x08004024   0x00000114   Code   RO         5610    i.pvPortMalloc      heap_4.o
    0x08004138   0x08004138   0x00000018   Code   RO         5051    i.pvTaskIncrementMutexHeldCount  tasks.o
    0x08004150   0x08004150   0x0000002c   Code   RO         5525    i.pxPortInitialiseStack  port.o
    0x0800417c   0x0800417c   0x00000024   Code   RO         4768    i.uxListRemove      list.o
    0x080041a0   0x080041a0   0x00000016   Code   RO         4769    i.vListInitialise   list.o
    0x080041b6   0x080041b6   0x00000006   Code   RO         4770    i.vListInitialiseItem  list.o
    0x080041bc   0x080041bc   0x00000030   Code   RO         4771    i.vListInsert       list.o
    0x080041ec   0x080041ec   0x00000018   Code   RO         4772    i.vListInsertEnd    list.o
    0x08004204   0x08004204   0x00000078   Code   RO         5527    i.vPortEnterCritical  port.o
    0x0800427c   0x0800427c   0x00000064   Code   RO         5528    i.vPortExitCritical  port.o
    0x080042e0   0x080042e0   0x0000009c   Code   RO         5611    i.vPortFree         heap_4.o
    0x0800437c   0x0800437c   0x00000020   Code   RO         5529    i.vPortSetupTimerInterrupt  port.o
    0x0800439c   0x0800439c   0x0000008c   Code   RO         5530    i.vPortValidateInterruptPriority  port.o
    0x08004428   0x08004428   0x00000024   Code   RO         4823    i.vQueueAddToRegistry  queue.o
    0x0800444c   0x0800444c   0x00000044   Code   RO         4827    i.vQueueWaitForMessageRestricted  queue.o
    0x08004490   0x08004490   0x0000006c   Code   RO         5059    i.vTaskDelay        tasks.o
    0x080044fc   0x080044fc   0x000000cc   Code   RO         5061    i.vTaskDelete       tasks.o
    0x080045c8   0x080045c8   0x0000000c   Code   RO         5065    i.vTaskMissedYield  tasks.o
    0x080045d4   0x080045d4   0x00000054   Code   RO         5067    i.vTaskPlaceOnEventList  tasks.o
    0x08004628   0x08004628   0x0000005c   Code   RO         5068    i.vTaskPlaceOnEventListRestricted  tasks.o
    0x08004684   0x08004684   0x00000084   Code   RO         5070    i.vTaskPriorityInherit  tasks.o
    0x08004708   0x08004708   0x00000048   Code   RO         5074    i.vTaskSetTimeOutState  tasks.o
    0x08004750   0x08004750   0x00000094   Code   RO         5075    i.vTaskStartScheduler  tasks.o
    0x080047e4   0x080047e4   0x00000010   Code   RO         5077    i.vTaskSuspendAll   tasks.o
    0x080047f4   0x080047f4   0x0000007c   Code   RO         5078    i.vTaskSwitchContext  tasks.o
    0x08004870   0x08004870   0x00000114   Code   RO         5531    i.xPortStartScheduler  port.o
    0x08004984   0x08004984   0x0000002c   Code   RO         5532    i.xPortSysTickHandler  port.o
    0x080049b0   0x080049b0   0x00000078   Code   RO         4832    i.xQueueGenericCreate  queue.o
    0x08004a28   0x08004a28   0x00000184   Code   RO         4833    i.xQueueGenericReceive  queue.o
    0x08004bac   0x08004bac   0x000000a8   Code   RO         4834    i.xQueueGenericReset  queue.o
    0x08004c54   0x08004c54   0x00000188   Code   RO         4835    i.xQueueGenericSend  queue.o
    0x08004ddc   0x08004ddc   0x000000e0   Code   RO         4836    i.xQueueGenericSendFromISR  queue.o
    0x08004ebc   0x08004ebc   0x00000088   Code   RO         5079    i.xTaskCheckForTimeOut  tasks.o
    0x08004f44   0x08004f44   0x00000056   Code   RO         5080    i.xTaskCreate       tasks.o
    0x08004f9a   0x08004f9a   0x00000002   PAD
    0x08004f9c   0x08004f9c   0x0000001c   Code   RO         5084    i.xTaskGetSchedulerState  tasks.o
    0x08004fb8   0x08004fb8   0x0000000c   Code   RO         5085    i.xTaskGetTickCount  tasks.o
    0x08004fc4   0x08004fc4   0x000000e8   Code   RO         5087    i.xTaskIncrementTick  tasks.o
    0x080050ac   0x080050ac   0x000000b4   Code   RO         5090    i.xTaskPriorityDisinherit  tasks.o
    0x08005160   0x08005160   0x00000098   Code   RO         5091    i.xTaskRemoveFromEventList  tasks.o
    0x080051f8   0x080051f8   0x000000e4   Code   RO         5093    i.xTaskResumeAll    tasks.o
    0x080052dc   0x080052dc   0x00000074   Code   RO         5405    i.xTimerCreate      timers.o
    0x08005350   0x08005350   0x00000074   Code   RO         5406    i.xTimerCreateTimerTask  timers.o
    0x080053c4   0x080053c4   0x00000090   Code   RO         5407    i.xTimerGenericCommand  timers.o
    0x08005454   0x08005454   0x0000000a   Code   RO         5851    x$fpl$fpinit        fz_wm.l(fpinit.o)
    0x0800545e   0x0800545e   0x00000b88   Data   RO          714    .constdata          bsp_oled.o
    0x08005fe6   0x08005fe6   0x00000002   PAD
    0x08005fe8   0x08005fe8   0x00000024   Data   RO         1829    .constdata          malloc.o
    0x0800600c   0x0800600c   0x00000020   Data   RO         5917    Region$$Table       anon$$obj.o


    Execution Region RW_IRAM1 (Exec base: 0x20000000, Load base: 0x0800602c, Size: 0x000134d0, Max: 0x00020000, ABSOLUTE, COMPRESSED[0x0000013c])

    Exec Addr    Load Addr    Size         Type   Attr      Idx    E Section Name        Object

    0x20000000   COMPRESSED   0x00000004   Data   RW            8    .data               bsp_adc.o
    0x20000004   COMPRESSED   0x00000038   Data   RW          815    .data               app_task.o
    0x2000003c   COMPRESSED   0x00000002   Data   RW          962    .data               app_usart.o
    0x2000003e   COMPRESSED   0x0000000e   Data   RW         1128    .data               app_exit.o
    0x2000004c   COMPRESSED   0x00000006   Data   RW         1258    .data               app_tim.o
    0x20000052   COMPRESSED   0x00000010   Data   RW         1300    .data               app_motodrv.o
    0x20000062   COMPRESSED   0x00000001   Data   RW         1376    .data               app_key.o
    0x20000063   COMPRESSED   0x00000001   PAD
    0x20000064   COMPRESSED   0x00000378   Data   RW         1414    .data               app_menu.o
    0x200003dc   COMPRESSED   0x00000002   Data   RW         1416    .data               app_menu.o
    0x200003de   COMPRESSED   0x00000002   Data   RW         1417    .data               app_menu.o
    0x200003e0   COMPRESSED   0x00000002   Data   RW         1418    .data               app_menu.o
    0x200003e2   COMPRESSED   0x00000002   Data   RW         1419    .data               app_menu.o
    0x200003e4   COMPRESSED   0x00000002   Data   RW         1420    .data               app_menu.o
    0x200003e6   COMPRESSED   0x00000002   PAD
    0x200003e8   COMPRESSED   0x00000014   Data   RW         1656    .data               system_stm32f4xx.o
    0x200003fc   COMPRESSED   0x00000004   Data   RW         1695    .data               delay.o
    0x20000400   COMPRESSED   0x00000004   Data   RW         1769    .data               usart.o
    0x20000404   COMPRESSED   0x00000024   Data   RW         1830    .data               malloc.o
    0x20000428   COMPRESSED   0x00000010   Data   RW         3872    .data               stm32f4xx_rcc.o
    0x20000438   COMPRESSED   0x0000003c   Data   RW         5096    .data               tasks.o
    0x20000474   COMPRESSED   0x00000014   Data   RW         5415    .data               timers.o
    0x20000488   COMPRESSED   0x0000000c   Data   RW         5533    .data               port.o
    0x20000494   COMPRESSED   0x00000018   Data   RW         5616    .data               heap_4.o
    0x200004ac        -       0x000000cc   Zero   RW            7    .bss                bsp_adc.o
    0x20000578        -       0x0000005a   Zero   RW          961    .bss                app_usart.o
    0x200005d2   COMPRESSED   0x00000002   PAD
    0x200005d4        -       0x0000003c   Zero   RW         1012    .bss                app_autocharge.o
    0x20000610        -       0x00000018   Zero   RW         1187    .bss                app_pms.o
    0x20000628        -       0x00000026   Zero   RW         1299    .bss                app_motodrv.o
    0x2000064e   COMPRESSED   0x00000002   PAD
    0x20000650        -       0x00000034   Zero   RW         1545    .bss                main.o
    0x20000684        -       0x0000000a   Zero   RW         1546    .bss                main.o
    0x2000068e   COMPRESSED   0x00000012   PAD
    0x200006a0        -       0x0000c800   Zero   RW         1827    .bss                malloc.o
    0x2000cea0        -       0x00000c80   Zero   RW         1828    .bss                malloc.o
    0x2000db20        -       0x00000040   Zero   RW         4847    .bss                queue.o
    0x2000db60        -       0x000002e4   Zero   RW         5095    .bss                tasks.o
    0x2000de44        -       0x00000028   Zero   RW         5414    .bss                timers.o
    0x2000de6c        -       0x00005000   Zero   RW         5615    .bss                heap_4.o
    0x20012e6c        -       0x00000060   Zero   RW         5793    .bss                c_w.l(libspace.o)
    0x20012ecc   COMPRESSED   0x00000004   PAD
    0x20012ed0        -       0x00000200   Zero   RW         1892    HEAP                startup_stm32f40_41xxx.o
    0x200130d0        -       0x00000400   Zero   RW         1891    STACK               startup_stm32f40_41xxx.o



  Load Region LR$$.ARM.__AT_0x10000000 (Base: 0x10000000, Size: 0x00000000, Max: 0x0000f000, ABSOLUTE)

    Execution Region ER$$.ARM.__AT_0x10000000 (Exec base: 0x10000000, Load base: 0x10000000, Size: 0x0000f000, Max: 0x0000f000, ABSOLUTE, UNINIT)

    Exec Addr    Load Addr    Size         Type   Attr      Idx    E Section Name        Object

    0x10000000        -       0x0000f000   Zero   RW         1823    .ARM.__AT_0x10000000  malloc.o



  Load Region LR$$.ARM.__AT_0x1000F000 (Base: 0x1000f000, Size: 0x00000000, Max: 0x00000f00, ABSOLUTE)

    Execution Region ER$$.ARM.__AT_0x1000F000 (Exec base: 0x1000f000, Load base: 0x1000f000, Size: 0x00000f00, Max: 0x00000f00, ABSOLUTE, UNINIT)

    Exec Addr    Load Addr    Size         Type   Attr      Idx    E Section Name        Object

    0x1000f000        -       0x00000f00   Zero   RW         1824    .ARM.__AT_0x1000F000  malloc.o



  Load Region LR$$.ARM.__AT_0x68000000 (Base: 0x68000000, Size: 0x00000000, Max: 0x000f0000, ABSOLUTE)

    Execution Region ER$$.ARM.__AT_0x68000000 (Exec base: 0x68000000, Load base: 0x68000000, Size: 0x000f0000, Max: 0x000f0000, ABSOLUTE, UNINIT)

    Exec Addr    Load Addr    Size         Type   Attr      Idx    E Section Name        Object

    0x68000000        -       0x000f0000   Zero   RW         1825    .ARM.__AT_0x68000000  malloc.o



  Load Region LR$$.ARM.__AT_0x680F0000 (Base: 0x680f0000, Size: 0x00000000, Max: 0x0000f000, ABSOLUTE)

    Execution Region ER$$.ARM.__AT_0x680F0000 (Exec base: 0x680f0000, Load base: 0x680f0000, Size: 0x0000f000, Max: 0x0000f000, ABSOLUTE, UNINIT)

    Exec Addr    Load Addr    Size         Type   Attr      Idx    E Section Name        Object

    0x680f0000        -       0x0000f000   Zero   RW         1826    .ARM.__AT_0x680F0000  malloc.o


==============================================================================

Image component sizes


      Code (inc. data)   RO Data    RW Data    ZI Data      Debug   Object Name

       128          0          0          0          0       1305   app_24cxx.o
        56         14          0          0         60       1921   app_autocharge.o
       730         32          0         14          0       5166   app_exit.o
       168         14          0          1          0        739   app_key.o
       888        220          0        898          0      10536   app_menu.o
       660         24          0         16         38       5607   app_motodrv.o
         0          0          0          0         24        862   app_pms.o
       656         40          0          0          0       2024   app_system.o
       832        310          0         56          0       9406   app_task.o
       356         34          0          6          0       1923   app_tim.o
       468         36          0          2         90       2850   app_usart.o
       464         38          0          4        204     323405   bsp_adc.o
       500         40          0          0          0       2943   bsp_gpio.o
       568         74          0          0          0       4039   bsp_iic.o
       396         58          0          0          0       2842   bsp_iic2.o
        42          0          0          0          0       1048   bsp_iwdg.o
       656         10       2952          0          0       6221   bsp_oled.o
       118          6          0          0          0       1646   bsp_rs485.o
       100         10          0          0          0       1044   bsp_tim.o
      1076         88          0          0          0       5205   bsp_usart.o
       184         14          0          4          0       2561   delay.o
         0          0          0          0          0      11752   event_groups.o
       584        138          0         24      20480       4099   heap_4.o
       136          0          0          0          0       3174   list.o
       124         48          0          0         62       2101   main.o
       412         40         36         36    1164160       6693   malloc.o
       144         14          0          0          0       2089   misc.o
      1038        382          0         12          0      10781   port.o
      1832        236          0          0         64      15789   queue.o
        64         26        392          0       1536        840   startup_stm32f40_41xxx.o
       306         20          0          0          0       5555   stm32f4xx_adc.o
       334         44          0          0          0       5729   stm32f4xx_dma.o
       144         14          0          0          0       2180   stm32f4xx_exti.o
       174          0          0          0          0       3507   stm32f4xx_gpio.o
        12          0          0          0          0       2673   stm32f4xx_it.o
        68         30          0          0          0       2530   stm32f4xx_iwdg.o
       240         36          0         16          0       5292   stm32f4xx_rcc.o
        48          6          0          0          0        668   stm32f4xx_syscfg.o
       200         28          0          0          0       5826   stm32f4xx_tim.o
       350          8          0          0          0       6785   stm32f4xx_usart.o
       272         36          0         20          0       1741   system_stm32f4xx.o
      2758        670          0         60        740      29691   tasks.o
      1144        260          0         20         40       9938   timers.o
        22          6          0          4          0       2928   usart.o

    ----------------------------------------------------------------------
     19486       3104       3414       1196    1187520     535654   Object Totals
         0          0         32          0          0          0   (incl. Generated)
        34          0          2          3         22          0   (incl. Padding)

    ----------------------------------------------------------------------

      Code (inc. data)   RO Data    RW Data    ZI Data      Debug   Library Member Name

        90          0          0          0          0          0   __dczerorl2.o
         8          0          0          0          0         68   __main.o
       284          0          0          0          0        156   __printf_wp.o
         0          0          0          0          0          0   __rtentry.o
        12          0          0          0          0          0   __rtentry2.o
         6          0          0          0          0          0   __rtentry4.o
        52          8          0          0          0          0   __scatter.o
        28          0          0          0          0          0   __scatter_zi.o
        44          0          0          0          0        108   _printf_char.o
        48          6          0          0          0         96   _printf_char_common.o
        36          4          0          0          0         80   _printf_char_file.o
         6          0          0          0          0          0   _printf_d.o
       120         16          0          0          0         92   _printf_dec.o
       178          0          0          0          0         88   _printf_intcommon.o
        78          0          0          0          0        108   _printf_pad.o
         0          0          0          0          0          0   _printf_percent.o
         4          0          0          0          0          0   _printf_percent_end.o
         6          0          0          0          0          0   _printf_s.o
        82          0          0          0          0         80   _printf_str.o
        10          0          0          0          0         68   _sputc.o
        16          0          0          0          0         68   aeabi_memset.o
        18          0          0          0          0         80   exit.o
         8          0          0          0          0         68   ferror.o
         6          0          0          0          0        152   heapauxi.o
         2          0          0          0          0          0   libinit.o
         6          0          0          0          0          0   libinit2.o
         2          0          0          0          0          0   libshutdown.o
         2          0          0          0          0          0   libshutdown2.o
         8          4          0          0         96         68   libspace.o
        24          4          0          0          0         84   noretval__2printf.o
        40          6          0          0          0         84   noretval__2sprintf.o
        68          0          0          0          0         68   rt_memclr.o
        78          0          0          0          0         80   rt_memclr_w.o
       138          0          0          0          0         68   rt_memcpy_v6.o
       100          0          0          0          0         80   rt_memcpy_w.o
         2          0          0          0          0          0   rtexit.o
        10          0          0          0          0          0   rtexit2.o
        74          0          0          0          0         80   sys_stackheap_outer.o
         2          0          0          0          0         68   use_no_semi.o
         2          0          0          0          0         68   use_no_semi_2.o
        10          0          0          0          0        116   fpinit.o

    ----------------------------------------------------------------------
      1720         48          0          0        100       2176   Library Totals
        12          0          0          0          4          0   (incl. Padding)

    ----------------------------------------------------------------------

      Code (inc. data)   RO Data    RW Data    ZI Data      Debug   Library Name

      1698         48          0          0         96       2060   c_w.l
        10          0          0          0          0        116   fz_wm.l

    ----------------------------------------------------------------------
      1720         48          0          0        100       2176   Library Totals

    ----------------------------------------------------------------------

==============================================================================


      Code (inc. data)   RO Data    RW Data    ZI Data      Debug   

     21206       3152       3414       1196    1187620     513838   Grand Totals
     21206       3152       3414        316    1187620     513838   ELF Image Totals (compressed)
     21206       3152       3414        316          0          0   ROM Totals

==============================================================================

    Total RO  Size (Code + RO Data)                24620 (  24.04kB)
    Total RW  Size (RW Data + ZI Data)           1188816 (1160.95kB)
    Total ROM Size (Code + RO Data + RW Data)      24936 (  24.35kB)

==============================================================================

