<html>
<body>
<pre>
<h1>µVision Build Log</h1>
<h2>Tool Versions:</h2>
IDE-Version: ¦ÌVision V5.38.0.0
Copyright (C) 2022 ARM Ltd and ARM Germany GmbH. All rights reserved.
License Information: 1 1, 1, LIC=21E4T-RYZB2-8TC3P-MAIDK-HCEL6-VWJQH
 
Tool Versions:
Toolchain:       MDK-ARM Plus  Version: 5.36.0.0
Toolchain Path:  D:\Keil_v5\ARM\ARMCC\Bin
C Compiler:      Armcc.exe V5.06 update 7 (build 960)
Assembler:       Armasm.exe V5.06 update 7 (build 960)
Linker/Locator:  ArmLink.exe V5.06 update 7 (build 960)
Library Manager: ArmAr.exe V5.06 update 7 (build 960)
Hex Converter:   FromElf.exe V5.06 update 7 (build 960)
CPU DLL:         SARMCM3.DLL V5.36.0.0
Dialog DLL:      DCM.DLL V1.17.3.0
Target DLL:      STLink\ST-LINKIII-KEIL_SWO.dll V3.0.9.0
Dialog DLL:      TCM.DLL V1.53.0.0
 
<h2>Project:</h2>
D:\Desktop\Project\RobotController_Stm32\USER\FreeRTOS.uvprojx
Project File Date:  05/22/2023

<h2>Output:</h2>
*** Using Compiler 'V5.06 update 7 (build 960)', folder: 'D:\Keil_v5\ARM\ARMCC\Bin'
Build target 'FreeRTOS'
compiling app_analysisCMD.c...
..\BSP\Inc\bsp_adc.h(38): warning:  #1-D: last line of file ends without a newline
  #endif
..\BSP\Inc\bsp_cap.h(28): warning:  #1-D: last line of file ends without a newline
  #endif
..\BSP\Inc\bsp_gpio.h(319): warning:  #1-D: last line of file ends without a newline
  #endif
..\BSP\Inc\bsp_iic.h(24): warning:  #1-D: last line of file ends without a newline
  #endif
..\BSP\Inc\bsp_pwm.h(38): warning:  #1-D: last line of file ends without a newline
  #endif 
..\BSP\Inc\bsp_rs485.h(19): warning:  #1-D: last line of file ends without a newline
  #endif 
..\BSP\Inc\bsp_usart.h(10): warning:  #1-D: last line of file ends without a newline
  #endif
..\APP\Inc\app_task.h(106): warning:  #1-D: last line of file ends without a newline
  #endif
..\APP\Inc\app_24cxx.h(30): warning:  #1-D: last line of file ends without a newline
  #endif
..\APP\Inc\app_usart.h(28): warning:  #1-D: last line of file ends without a newline
  #endif 
..\APP\Inc\app_analysisCMD.h(12): warning:  #1-D: last line of file ends without a newline
  #endif 
..\APP\Inc\app_autoCharge.h(6): warning:  #1-D: last line of file ends without a newline
  #endif 
..\APP\Inc\app_cap.h(6): warning:  #1-D: last line of file ends without a newline
  #endif 
..\APP\Inc\app_exit.h(6): warning:  #1-D: last line of file ends without a newline
  #endif 
..\APP\Inc\app_headDone.h(6): warning:  #1-D: last line of file ends without a newline
  #endif 
..\APP\Inc\app_liftMoto.h(6): warning:  #1-D: last line of file ends without a newline
  #endif 
..\APP\Inc\app_pms.h(6): warning:  #1-D: last line of file ends without a newline
  #endif 
..\APP\Inc\app_system.h(75): warning:  #1-D: last line of file ends without a newline
  #endif
..\APP\Inc\app_tim.h(6): warning:  #1-D: last line of file ends without a newline
  #endif
..\APP\Src\app_analysisCMD.c: 19 warnings, 0 errors
compiling bsp_tim.c...
..\BSP\Inc\bsp_adc.h(38): warning:  #1-D: last line of file ends without a newline
  #endif
..\BSP\Inc\bsp_cap.h(28): warning:  #1-D: last line of file ends without a newline
  #endif
..\BSP\Inc\bsp_gpio.h(319): warning:  #1-D: last line of file ends without a newline
  #endif
..\BSP\Inc\bsp_iic.h(24): warning:  #1-D: last line of file ends without a newline
  #endif
..\BSP\Inc\bsp_pwm.h(38): warning:  #1-D: last line of file ends without a newline
  #endif 
..\BSP\Inc\bsp_rs485.h(19): warning:  #1-D: last line of file ends without a newline
  #endif 
..\BSP\Inc\bsp_usart.h(10): warning:  #1-D: last line of file ends without a newline
  #endif
..\APP\Inc\app_task.h(106): warning:  #1-D: last line of file ends without a newline
  #endif
..\APP\Inc\app_24cxx.h(30): warning:  #1-D: last line of file ends without a newline
  #endif
..\APP\Inc\app_usart.h(28): warning:  #1-D: last line of file ends without a newline
  #endif 
..\APP\Inc\app_analysisCMD.h(12): warning:  #1-D: last line of file ends without a newline
  #endif 
..\APP\Inc\app_autoCharge.h(6): warning:  #1-D: last line of file ends without a newline
  #endif 
..\APP\Inc\app_cap.h(6): warning:  #1-D: last line of file ends without a newline
  #endif 
..\APP\Inc\app_exit.h(6): warning:  #1-D: last line of file ends without a newline
  #endif 
..\APP\Inc\app_headDone.h(6): warning:  #1-D: last line of file ends without a newline
  #endif 
..\APP\Inc\app_liftMoto.h(6): warning:  #1-D: last line of file ends without a newline
  #endif 
..\APP\Inc\app_pms.h(6): warning:  #1-D: last line of file ends without a newline
  #endif 
..\APP\Inc\app_system.h(75): warning:  #1-D: last line of file ends without a newline
  #endif
..\APP\Inc\app_tim.h(6): warning:  #1-D: last line of file ends without a newline
  #endif
..\BSP\Src\bsp_tim.c: 19 warnings, 0 errors
compiling bsp_rs485.c...
..\BSP\Inc\bsp_adc.h(38): warning:  #1-D: last line of file ends without a newline
  #endif
..\BSP\Inc\bsp_cap.h(28): warning:  #1-D: last line of file ends without a newline
  #endif
..\BSP\Inc\bsp_gpio.h(319): warning:  #1-D: last line of file ends without a newline
  #endif
..\BSP\Inc\bsp_iic.h(24): warning:  #1-D: last line of file ends without a newline
  #endif
..\BSP\Inc\bsp_pwm.h(38): warning:  #1-D: last line of file ends without a newline
  #endif 
..\BSP\Inc\bsp_rs485.h(19): warning:  #1-D: last line of file ends without a newline
  #endif 
..\BSP\Inc\bsp_usart.h(10): warning:  #1-D: last line of file ends without a newline
  #endif
..\APP\Inc\app_task.h(106): warning:  #1-D: last line of file ends without a newline
  #endif
..\APP\Inc\app_24cxx.h(30): warning:  #1-D: last line of file ends without a newline
  #endif
..\APP\Inc\app_usart.h(28): warning:  #1-D: last line of file ends without a newline
  #endif 
..\APP\Inc\app_analysisCMD.h(12): warning:  #1-D: last line of file ends without a newline
  #endif 
..\APP\Inc\app_autoCharge.h(6): warning:  #1-D: last line of file ends without a newline
  #endif 
..\APP\Inc\app_cap.h(6): warning:  #1-D: last line of file ends without a newline
  #endif 
..\APP\Inc\app_exit.h(6): warning:  #1-D: last line of file ends without a newline
  #endif 
..\APP\Inc\app_headDone.h(6): warning:  #1-D: last line of file ends without a newline
  #endif 
..\APP\Inc\app_liftMoto.h(6): warning:  #1-D: last line of file ends without a newline
  #endif 
..\APP\Inc\app_pms.h(6): warning:  #1-D: last line of file ends without a newline
  #endif 
..\APP\Inc\app_system.h(75): warning:  #1-D: last line of file ends without a newline
  #endif
..\APP\Inc\app_tim.h(6): warning:  #1-D: last line of file ends without a newline
  #endif
..\BSP\Src\bsp_rs485.c: 19 warnings, 0 errors
compiling app_task.c...
..\BSP\Inc\bsp_adc.h(38): warning:  #1-D: last line of file ends without a newline
  #endif
..\BSP\Inc\bsp_cap.h(28): warning:  #1-D: last line of file ends without a newline
  #endif
..\BSP\Inc\bsp_gpio.h(319): warning:  #1-D: last line of file ends without a newline
  #endif
..\BSP\Inc\bsp_iic.h(24): warning:  #1-D: last line of file ends without a newline
  #endif
..\BSP\Inc\bsp_pwm.h(38): warning:  #1-D: last line of file ends without a newline
  #endif 
..\BSP\Inc\bsp_rs485.h(19): warning:  #1-D: last line of file ends without a newline
  #endif 
..\BSP\Inc\bsp_usart.h(10): warning:  #1-D: last line of file ends without a newline
  #endif
..\APP\Inc\app_task.h(106): warning:  #1-D: last line of file ends without a newline
  #endif
..\APP\Inc\app_24cxx.h(30): warning:  #1-D: last line of file ends without a newline
  #endif
..\APP\Inc\app_usart.h(28): warning:  #1-D: last line of file ends without a newline
  #endif 
..\APP\Inc\app_analysisCMD.h(12): warning:  #1-D: last line of file ends without a newline
  #endif 
..\APP\Inc\app_autoCharge.h(6): warning:  #1-D: last line of file ends without a newline
  #endif 
..\APP\Inc\app_cap.h(6): warning:  #1-D: last line of file ends without a newline
  #endif 
..\APP\Inc\app_exit.h(6): warning:  #1-D: last line of file ends without a newline
  #endif 
..\APP\Inc\app_headDone.h(6): warning:  #1-D: last line of file ends without a newline
  #endif 
..\APP\Inc\app_liftMoto.h(6): warning:  #1-D: last line of file ends without a newline
  #endif 
..\APP\Inc\app_pms.h(6): warning:  #1-D: last line of file ends without a newline
  #endif 
..\APP\Inc\app_system.h(75): warning:  #1-D: last line of file ends without a newline
  #endif
..\APP\Inc\app_tim.h(6): warning:  #1-D: last line of file ends without a newline
  #endif
..\APP\Src\app_task.c: 19 warnings, 0 errors
compiling app_24cxx.c...
..\BSP\Inc\bsp_adc.h(38): warning:  #1-D: last line of file ends without a newline
  #endif
..\BSP\Inc\bsp_cap.h(28): warning:  #1-D: last line of file ends without a newline
  #endif
..\BSP\Inc\bsp_gpio.h(319): warning:  #1-D: last line of file ends without a newline
  #endif
..\BSP\Inc\bsp_iic.h(24): warning:  #1-D: last line of file ends without a newline
  #endif
..\BSP\Inc\bsp_pwm.h(38): warning:  #1-D: last line of file ends without a newline
  #endif 
..\BSP\Inc\bsp_rs485.h(19): warning:  #1-D: last line of file ends without a newline
  #endif 
..\BSP\Inc\bsp_usart.h(10): warning:  #1-D: last line of file ends without a newline
  #endif
..\APP\Inc\app_task.h(106): warning:  #1-D: last line of file ends without a newline
  #endif
..\APP\Inc\app_24cxx.h(30): warning:  #1-D: last line of file ends without a newline
  #endif
..\APP\Inc\app_usart.h(28): warning:  #1-D: last line of file ends without a newline
  #endif 
..\APP\Inc\app_analysisCMD.h(12): warning:  #1-D: last line of file ends without a newline
  #endif 
..\APP\Inc\app_autoCharge.h(6): warning:  #1-D: last line of file ends without a newline
  #endif 
..\APP\Inc\app_cap.h(6): warning:  #1-D: last line of file ends without a newline
  #endif 
..\APP\Inc\app_exit.h(6): warning:  #1-D: last line of file ends without a newline
  #endif 
..\APP\Inc\app_headDone.h(6): warning:  #1-D: last line of file ends without a newline
  #endif 
..\APP\Inc\app_liftMoto.h(6): warning:  #1-D: last line of file ends without a newline
  #endif 
..\APP\Inc\app_pms.h(6): warning:  #1-D: last line of file ends without a newline
  #endif 
..\APP\Inc\app_system.h(75): warning:  #1-D: last line of file ends without a newline
  #endif
..\APP\Inc\app_tim.h(6): warning:  #1-D: last line of file ends without a newline
  #endif
..\APP\Src\app_24cxx.c(115): warning:  #1-D: last line of file ends without a newline
  }
..\APP\Src\app_24cxx.c: 20 warnings, 0 errors
compiling app_autoCharge.c...
..\BSP\Inc\bsp_adc.h(38): warning:  #1-D: last line of file ends without a newline
  #endif
..\BSP\Inc\bsp_cap.h(28): warning:  #1-D: last line of file ends without a newline
  #endif
..\BSP\Inc\bsp_gpio.h(319): warning:  #1-D: last line of file ends without a newline
  #endif
..\BSP\Inc\bsp_iic.h(24): warning:  #1-D: last line of file ends without a newline
  #endif
..\BSP\Inc\bsp_pwm.h(38): warning:  #1-D: last line of file ends without a newline
  #endif 
..\BSP\Inc\bsp_rs485.h(19): warning:  #1-D: last line of file ends without a newline
  #endif 
..\BSP\Inc\bsp_usart.h(10): warning:  #1-D: last line of file ends without a newline
  #endif
..\APP\Inc\app_task.h(106): warning:  #1-D: last line of file ends without a newline
  #endif
..\APP\Inc\app_24cxx.h(30): warning:  #1-D: last line of file ends without a newline
  #endif
..\APP\Inc\app_usart.h(28): warning:  #1-D: last line of file ends without a newline
  #endif 
..\APP\Inc\app_analysisCMD.h(12): warning:  #1-D: last line of file ends without a newline
  #endif 
..\APP\Inc\app_autoCharge.h(6): warning:  #1-D: last line of file ends without a newline
  #endif 
..\APP\Inc\app_cap.h(6): warning:  #1-D: last line of file ends without a newline
  #endif 
..\APP\Inc\app_exit.h(6): warning:  #1-D: last line of file ends without a newline
  #endif 
..\APP\Inc\app_headDone.h(6): warning:  #1-D: last line of file ends without a newline
  #endif 
..\APP\Inc\app_liftMoto.h(6): warning:  #1-D: last line of file ends without a newline
  #endif 
..\APP\Inc\app_pms.h(6): warning:  #1-D: last line of file ends without a newline
  #endif 
..\APP\Inc\app_system.h(75): warning:  #1-D: last line of file ends without a newline
  #endif
..\APP\Inc\app_tim.h(6): warning:  #1-D: last line of file ends without a newline
  #endif
..\APP\Src\app_autoCharge.c: 19 warnings, 0 errors
compiling app_usart.c...
..\BSP\Inc\bsp_adc.h(38): warning:  #1-D: last line of file ends without a newline
  #endif
..\BSP\Inc\bsp_cap.h(28): warning:  #1-D: last line of file ends without a newline
  #endif
..\BSP\Inc\bsp_gpio.h(319): warning:  #1-D: last line of file ends without a newline
  #endif
..\BSP\Inc\bsp_iic.h(24): warning:  #1-D: last line of file ends without a newline
  #endif
..\BSP\Inc\bsp_pwm.h(38): warning:  #1-D: last line of file ends without a newline
  #endif 
..\BSP\Inc\bsp_rs485.h(19): warning:  #1-D: last line of file ends without a newline
  #endif 
..\BSP\Inc\bsp_usart.h(10): warning:  #1-D: last line of file ends without a newline
  #endif
..\APP\Inc\app_task.h(106): warning:  #1-D: last line of file ends without a newline
  #endif
..\APP\Inc\app_24cxx.h(30): warning:  #1-D: last line of file ends without a newline
  #endif
..\APP\Inc\app_usart.h(28): warning:  #1-D: last line of file ends without a newline
  #endif 
..\APP\Inc\app_analysisCMD.h(12): warning:  #1-D: last line of file ends without a newline
  #endif 
..\APP\Inc\app_autoCharge.h(6): warning:  #1-D: last line of file ends without a newline
  #endif 
..\APP\Inc\app_cap.h(6): warning:  #1-D: last line of file ends without a newline
  #endif 
..\APP\Inc\app_exit.h(6): warning:  #1-D: last line of file ends without a newline
  #endif 
..\APP\Inc\app_headDone.h(6): warning:  #1-D: last line of file ends without a newline
  #endif 
..\APP\Inc\app_liftMoto.h(6): warning:  #1-D: last line of file ends without a newline
  #endif 
..\APP\Inc\app_pms.h(6): warning:  #1-D: last line of file ends without a newline
  #endif 
..\APP\Inc\app_system.h(75): warning:  #1-D: last line of file ends without a newline
  #endif
..\APP\Inc\app_tim.h(6): warning:  #1-D: last line of file ends without a newline
  #endif
..\APP\Src\app_usart.c(96): warning:  #177-D: variable "bTemp"  was declared but never referenced
  	static unsigned char bTemp;
..\APP\Src\app_usart.c(98): warning:  #177-D: variable "res"  was declared but never referenced
  	static unsigned char res;
..\APP\Src\app_usart.c(99): warning:  #177-D: variable "rfid_flag"  was declared but never referenced
  	static unsigned char rfid_flag = 0;
..\APP\Src\app_usart.c(100): warning:  #177-D: variable "checksum"  was declared but never referenced
  	uint8_t checksum = 0;
..\APP\Src\app_usart.c(101): warning:  #177-D: variable "distance"  was declared but never referenced
  	static uint16_t distance = 0;
..\APP\Src\app_usart.c(199): warning:  #1-D: last line of file ends without a newline
  }
..\APP\Src\app_usart.c: 25 warnings, 0 errors
compiling bsp_iic.c...
..\BSP\Inc\bsp_adc.h(38): warning:  #1-D: last line of file ends without a newline
  #endif
..\BSP\Inc\bsp_cap.h(28): warning:  #1-D: last line of file ends without a newline
  #endif
..\BSP\Inc\bsp_gpio.h(319): warning:  #1-D: last line of file ends without a newline
  #endif
..\BSP\Inc\bsp_iic.h(24): warning:  #1-D: last line of file ends without a newline
  #endif
..\BSP\Inc\bsp_pwm.h(38): warning:  #1-D: last line of file ends without a newline
  #endif 
..\BSP\Inc\bsp_rs485.h(19): warning:  #1-D: last line of file ends without a newline
  #endif 
..\BSP\Inc\bsp_usart.h(10): warning:  #1-D: last line of file ends without a newline
  #endif
..\APP\Inc\app_task.h(106): warning:  #1-D: last line of file ends without a newline
  #endif
..\APP\Inc\app_24cxx.h(30): warning:  #1-D: last line of file ends without a newline
  #endif
..\APP\Inc\app_usart.h(28): warning:  #1-D: last line of file ends without a newline
  #endif 
..\APP\Inc\app_analysisCMD.h(12): warning:  #1-D: last line of file ends without a newline
  #endif 
..\APP\Inc\app_autoCharge.h(6): warning:  #1-D: last line of file ends without a newline
  #endif 
..\APP\Inc\app_cap.h(6): warning:  #1-D: last line of file ends without a newline
  #endif 
..\APP\Inc\app_exit.h(6): warning:  #1-D: last line of file ends without a newline
  #endif 
..\APP\Inc\app_headDone.h(6): warning:  #1-D: last line of file ends without a newline
  #endif 
..\APP\Inc\app_liftMoto.h(6): warning:  #1-D: last line of file ends without a newline
  #endif 
..\APP\Inc\app_pms.h(6): warning:  #1-D: last line of file ends without a newline
  #endif 
..\APP\Inc\app_system.h(75): warning:  #1-D: last line of file ends without a newline
  #endif
..\APP\Inc\app_tim.h(6): warning:  #1-D: last line of file ends without a newline
  #endif
..\BSP\Src\bsp_iic.c: 19 warnings, 0 errors
compiling bsp_iwdg.c...
..\BSP\Inc\bsp_adc.h(38): warning:  #1-D: last line of file ends without a newline
  #endif
..\BSP\Inc\bsp_cap.h(28): warning:  #1-D: last line of file ends without a newline
  #endif
..\BSP\Inc\bsp_gpio.h(319): warning:  #1-D: last line of file ends without a newline
  #endif
..\BSP\Inc\bsp_iic.h(24): warning:  #1-D: last line of file ends without a newline
  #endif
..\BSP\Inc\bsp_pwm.h(38): warning:  #1-D: last line of file ends without a newline
  #endif 
..\BSP\Inc\bsp_rs485.h(19): warning:  #1-D: last line of file ends without a newline
  #endif 
..\BSP\Inc\bsp_usart.h(10): warning:  #1-D: last line of file ends without a newline
  #endif
..\APP\Inc\app_task.h(106): warning:  #1-D: last line of file ends without a newline
  #endif
..\APP\Inc\app_24cxx.h(30): warning:  #1-D: last line of file ends without a newline
  #endif
..\APP\Inc\app_usart.h(28): warning:  #1-D: last line of file ends without a newline
  #endif 
..\APP\Inc\app_analysisCMD.h(12): warning:  #1-D: last line of file ends without a newline
  #endif 
..\APP\Inc\app_autoCharge.h(6): warning:  #1-D: last line of file ends without a newline
  #endif 
..\APP\Inc\app_cap.h(6): warning:  #1-D: last line of file ends without a newline
  #endif 
..\APP\Inc\app_exit.h(6): warning:  #1-D: last line of file ends without a newline
  #endif 
..\APP\Inc\app_headDone.h(6): warning:  #1-D: last line of file ends without a newline
  #endif 
..\APP\Inc\app_liftMoto.h(6): warning:  #1-D: last line of file ends without a newline
  #endif 
..\APP\Inc\app_pms.h(6): warning:  #1-D: last line of file ends without a newline
  #endif 
..\APP\Inc\app_system.h(75): warning:  #1-D: last line of file ends without a newline
  #endif
..\APP\Inc\app_tim.h(6): warning:  #1-D: last line of file ends without a newline
  #endif
..\BSP\Src\bsp_iwdg.c: 19 warnings, 0 errors
compiling bsp_cap.c...
..\BSP\Inc\bsp_adc.h(38): warning:  #1-D: last line of file ends without a newline
  #endif
..\BSP\Inc\bsp_cap.h(28): warning:  #1-D: last line of file ends without a newline
  #endif
..\BSP\Inc\bsp_gpio.h(319): warning:  #1-D: last line of file ends without a newline
  #endif
..\BSP\Inc\bsp_iic.h(24): warning:  #1-D: last line of file ends without a newline
  #endif
..\BSP\Inc\bsp_pwm.h(38): warning:  #1-D: last line of file ends without a newline
  #endif 
..\BSP\Inc\bsp_rs485.h(19): warning:  #1-D: last line of file ends without a newline
  #endif 
..\BSP\Inc\bsp_usart.h(10): warning:  #1-D: last line of file ends without a newline
  #endif
..\APP\Inc\app_task.h(106): warning:  #1-D: last line of file ends without a newline
  #endif
..\APP\Inc\app_24cxx.h(30): warning:  #1-D: last line of file ends without a newline
  #endif
..\APP\Inc\app_usart.h(28): warning:  #1-D: last line of file ends without a newline
  #endif 
..\APP\Inc\app_analysisCMD.h(12): warning:  #1-D: last line of file ends without a newline
  #endif 
..\APP\Inc\app_autoCharge.h(6): warning:  #1-D: last line of file ends without a newline
  #endif 
..\APP\Inc\app_cap.h(6): warning:  #1-D: last line of file ends without a newline
  #endif 
..\APP\Inc\app_exit.h(6): warning:  #1-D: last line of file ends without a newline
  #endif 
..\APP\Inc\app_headDone.h(6): warning:  #1-D: last line of file ends without a newline
  #endif 
..\APP\Inc\app_liftMoto.h(6): warning:  #1-D: last line of file ends without a newline
  #endif 
..\APP\Inc\app_pms.h(6): warning:  #1-D: last line of file ends without a newline
  #endif 
..\APP\Inc\app_system.h(75): warning:  #1-D: last line of file ends without a newline
  #endif
..\APP\Inc\app_tim.h(6): warning:  #1-D: last line of file ends without a newline
  #endif
..\BSP\Src\bsp_cap.c: 19 warnings, 0 errors
compiling app_cap.c...
..\BSP\Inc\bsp_adc.h(38): warning:  #1-D: last line of file ends without a newline
  #endif
..\BSP\Inc\bsp_cap.h(28): warning:  #1-D: last line of file ends without a newline
  #endif
..\BSP\Inc\bsp_gpio.h(319): warning:  #1-D: last line of file ends without a newline
  #endif
..\BSP\Inc\bsp_iic.h(24): warning:  #1-D: last line of file ends without a newline
  #endif
..\BSP\Inc\bsp_pwm.h(38): warning:  #1-D: last line of file ends without a newline
  #endif 
..\BSP\Inc\bsp_rs485.h(19): warning:  #1-D: last line of file ends without a newline
  #endif 
..\BSP\Inc\bsp_usart.h(10): warning:  #1-D: last line of file ends without a newline
  #endif
..\APP\Inc\app_task.h(106): warning:  #1-D: last line of file ends without a newline
  #endif
..\APP\Inc\app_24cxx.h(30): warning:  #1-D: last line of file ends without a newline
  #endif
..\APP\Inc\app_usart.h(28): warning:  #1-D: last line of file ends without a newline
  #endif 
..\APP\Inc\app_analysisCMD.h(12): warning:  #1-D: last line of file ends without a newline
  #endif 
..\APP\Inc\app_autoCharge.h(6): warning:  #1-D: last line of file ends without a newline
  #endif 
..\APP\Inc\app_cap.h(6): warning:  #1-D: last line of file ends without a newline
  #endif 
..\APP\Inc\app_exit.h(6): warning:  #1-D: last line of file ends without a newline
  #endif 
..\APP\Inc\app_headDone.h(6): warning:  #1-D: last line of file ends without a newline
  #endif 
..\APP\Inc\app_liftMoto.h(6): warning:  #1-D: last line of file ends without a newline
  #endif 
..\APP\Inc\app_pms.h(6): warning:  #1-D: last line of file ends without a newline
  #endif 
..\APP\Inc\app_system.h(75): warning:  #1-D: last line of file ends without a newline
  #endif
..\APP\Inc\app_tim.h(6): warning:  #1-D: last line of file ends without a newline
  #endif
..\APP\Src\app_cap.c: 19 warnings, 0 errors
compiling bsp_gpio.c...
..\BSP\Inc\bsp_adc.h(38): warning:  #1-D: last line of file ends without a newline
  #endif
..\BSP\Inc\bsp_cap.h(28): warning:  #1-D: last line of file ends without a newline
  #endif
..\BSP\Inc\bsp_gpio.h(319): warning:  #1-D: last line of file ends without a newline
  #endif
..\BSP\Inc\bsp_iic.h(24): warning:  #1-D: last line of file ends without a newline
  #endif
..\BSP\Inc\bsp_pwm.h(38): warning:  #1-D: last line of file ends without a newline
  #endif 
..\BSP\Inc\bsp_rs485.h(19): warning:  #1-D: last line of file ends without a newline
  #endif 
..\BSP\Inc\bsp_usart.h(10): warning:  #1-D: last line of file ends without a newline
  #endif
..\APP\Inc\app_task.h(106): warning:  #1-D: last line of file ends without a newline
  #endif
..\APP\Inc\app_24cxx.h(30): warning:  #1-D: last line of file ends without a newline
  #endif
..\APP\Inc\app_usart.h(28): warning:  #1-D: last line of file ends without a newline
  #endif 
..\APP\Inc\app_analysisCMD.h(12): warning:  #1-D: last line of file ends without a newline
  #endif 
..\APP\Inc\app_autoCharge.h(6): warning:  #1-D: last line of file ends without a newline
  #endif 
..\APP\Inc\app_cap.h(6): warning:  #1-D: last line of file ends without a newline
  #endif 
..\APP\Inc\app_exit.h(6): warning:  #1-D: last line of file ends without a newline
  #endif 
..\APP\Inc\app_headDone.h(6): warning:  #1-D: last line of file ends without a newline
  #endif 
..\APP\Inc\app_liftMoto.h(6): warning:  #1-D: last line of file ends without a newline
  #endif 
..\APP\Inc\app_pms.h(6): warning:  #1-D: last line of file ends without a newline
  #endif 
..\APP\Inc\app_system.h(75): warning:  #1-D: last line of file ends without a newline
  #endif
..\APP\Inc\app_tim.h(6): warning:  #1-D: last line of file ends without a newline
  #endif
..\BSP\Src\bsp_gpio.c(475): warning:  #1-D: last line of file ends without a newline
  }
..\BSP\Src\bsp_gpio.c: 20 warnings, 0 errors
compiling bsp_adc.c...
..\BSP\Inc\bsp_adc.h(38): warning:  #1-D: last line of file ends without a newline
  #endif
..\BSP\Inc\bsp_cap.h(28): warning:  #1-D: last line of file ends without a newline
  #endif
..\BSP\Inc\bsp_gpio.h(319): warning:  #1-D: last line of file ends without a newline
  #endif
..\BSP\Inc\bsp_iic.h(24): warning:  #1-D: last line of file ends without a newline
  #endif
..\BSP\Inc\bsp_pwm.h(38): warning:  #1-D: last line of file ends without a newline
  #endif 
..\BSP\Inc\bsp_rs485.h(19): warning:  #1-D: last line of file ends without a newline
  #endif 
..\BSP\Inc\bsp_usart.h(10): warning:  #1-D: last line of file ends without a newline
  #endif
..\APP\Inc\app_task.h(106): warning:  #1-D: last line of file ends without a newline
  #endif
..\APP\Inc\app_24cxx.h(30): warning:  #1-D: last line of file ends without a newline
  #endif
..\APP\Inc\app_usart.h(28): warning:  #1-D: last line of file ends without a newline
  #endif 
..\APP\Inc\app_analysisCMD.h(12): warning:  #1-D: last line of file ends without a newline
  #endif 
..\APP\Inc\app_autoCharge.h(6): warning:  #1-D: last line of file ends without a newline
  #endif 
..\APP\Inc\app_cap.h(6): warning:  #1-D: last line of file ends without a newline
  #endif 
..\APP\Inc\app_exit.h(6): warning:  #1-D: last line of file ends without a newline
  #endif 
..\APP\Inc\app_headDone.h(6): warning:  #1-D: last line of file ends without a newline
  #endif 
..\APP\Inc\app_liftMoto.h(6): warning:  #1-D: last line of file ends without a newline
  #endif 
..\APP\Inc\app_pms.h(6): warning:  #1-D: last line of file ends without a newline
  #endif 
..\APP\Inc\app_system.h(75): warning:  #1-D: last line of file ends without a newline
  #endif
..\APP\Inc\app_tim.h(6): warning:  #1-D: last line of file ends without a newline
  #endif
..\BSP\Src\bsp_adc.c: 19 warnings, 0 errors
compiling bsp_usart.c...
..\BSP\Inc\bsp_adc.h(38): warning:  #1-D: last line of file ends without a newline
  #endif
..\BSP\Inc\bsp_cap.h(28): warning:  #1-D: last line of file ends without a newline
  #endif
..\BSP\Inc\bsp_gpio.h(319): warning:  #1-D: last line of file ends without a newline
  #endif
..\BSP\Inc\bsp_iic.h(24): warning:  #1-D: last line of file ends without a newline
  #endif
..\BSP\Inc\bsp_pwm.h(38): warning:  #1-D: last line of file ends without a newline
  #endif 
..\BSP\Inc\bsp_rs485.h(19): warning:  #1-D: last line of file ends without a newline
  #endif 
..\BSP\Inc\bsp_usart.h(10): warning:  #1-D: last line of file ends without a newline
  #endif
..\APP\Inc\app_task.h(106): warning:  #1-D: last line of file ends without a newline
  #endif
..\APP\Inc\app_24cxx.h(30): warning:  #1-D: last line of file ends without a newline
  #endif
..\APP\Inc\app_usart.h(28): warning:  #1-D: last line of file ends without a newline
  #endif 
..\APP\Inc\app_analysisCMD.h(12): warning:  #1-D: last line of file ends without a newline
  #endif 
..\APP\Inc\app_autoCharge.h(6): warning:  #1-D: last line of file ends without a newline
  #endif 
..\APP\Inc\app_cap.h(6): warning:  #1-D: last line of file ends without a newline
  #endif 
..\APP\Inc\app_exit.h(6): warning:  #1-D: last line of file ends without a newline
  #endif 
..\APP\Inc\app_headDone.h(6): warning:  #1-D: last line of file ends without a newline
  #endif 
..\APP\Inc\app_liftMoto.h(6): warning:  #1-D: last line of file ends without a newline
  #endif 
..\APP\Inc\app_pms.h(6): warning:  #1-D: last line of file ends without a newline
  #endif 
..\APP\Inc\app_system.h(75): warning:  #1-D: last line of file ends without a newline
  #endif
..\APP\Inc\app_tim.h(6): warning:  #1-D: last line of file ends without a newline
  #endif
..\BSP\Src\bsp_usart.c: 19 warnings, 0 errors
compiling bsp_pwm.c...
..\BSP\Inc\bsp_adc.h(38): warning:  #1-D: last line of file ends without a newline
  #endif
..\BSP\Inc\bsp_cap.h(28): warning:  #1-D: last line of file ends without a newline
  #endif
..\BSP\Inc\bsp_gpio.h(319): warning:  #1-D: last line of file ends without a newline
  #endif
..\BSP\Inc\bsp_iic.h(24): warning:  #1-D: last line of file ends without a newline
  #endif
..\BSP\Inc\bsp_pwm.h(38): warning:  #1-D: last line of file ends without a newline
  #endif 
..\BSP\Inc\bsp_rs485.h(19): warning:  #1-D: last line of file ends without a newline
  #endif 
..\BSP\Inc\bsp_usart.h(10): warning:  #1-D: last line of file ends without a newline
  #endif
..\APP\Inc\app_task.h(106): warning:  #1-D: last line of file ends without a newline
  #endif
..\APP\Inc\app_24cxx.h(30): warning:  #1-D: last line of file ends without a newline
  #endif
..\APP\Inc\app_usart.h(28): warning:  #1-D: last line of file ends without a newline
  #endif 
..\APP\Inc\app_analysisCMD.h(12): warning:  #1-D: last line of file ends without a newline
  #endif 
..\APP\Inc\app_autoCharge.h(6): warning:  #1-D: last line of file ends without a newline
  #endif 
..\APP\Inc\app_cap.h(6): warning:  #1-D: last line of file ends without a newline
  #endif 
..\APP\Inc\app_exit.h(6): warning:  #1-D: last line of file ends without a newline
  #endif 
..\APP\Inc\app_headDone.h(6): warning:  #1-D: last line of file ends without a newline
  #endif 
..\APP\Inc\app_liftMoto.h(6): warning:  #1-D: last line of file ends without a newline
  #endif 
..\APP\Inc\app_pms.h(6): warning:  #1-D: last line of file ends without a newline
  #endif 
..\APP\Inc\app_system.h(75): warning:  #1-D: last line of file ends without a newline
  #endif
..\APP\Inc\app_tim.h(6): warning:  #1-D: last line of file ends without a newline
  #endif
..\BSP\Src\bsp_pwm.c(171): warning:  #177-D: variable "tmp"  was declared but never referenced
  	uint16_t tmp ;
..\BSP\Src\bsp_pwm.c(179): warning:  #177-D: variable "tmp"  was declared but never referenced
  	uint16_t tmp ;
..\BSP\Src\bsp_pwm.c: 21 warnings, 0 errors
compiling app_exit.c...
..\BSP\Inc\bsp_adc.h(38): warning:  #1-D: last line of file ends without a newline
  #endif
..\BSP\Inc\bsp_cap.h(28): warning:  #1-D: last line of file ends without a newline
  #endif
..\BSP\Inc\bsp_gpio.h(319): warning:  #1-D: last line of file ends without a newline
  #endif
..\BSP\Inc\bsp_iic.h(24): warning:  #1-D: last line of file ends without a newline
  #endif
..\BSP\Inc\bsp_pwm.h(38): warning:  #1-D: last line of file ends without a newline
  #endif 
..\BSP\Inc\bsp_rs485.h(19): warning:  #1-D: last line of file ends without a newline
  #endif 
..\BSP\Inc\bsp_usart.h(10): warning:  #1-D: last line of file ends without a newline
  #endif
..\APP\Inc\app_task.h(106): warning:  #1-D: last line of file ends without a newline
  #endif
..\APP\Inc\app_24cxx.h(30): warning:  #1-D: last line of file ends without a newline
  #endif
..\APP\Inc\app_usart.h(28): warning:  #1-D: last line of file ends without a newline
  #endif 
..\APP\Inc\app_analysisCMD.h(12): warning:  #1-D: last line of file ends without a newline
  #endif 
..\APP\Inc\app_autoCharge.h(6): warning:  #1-D: last line of file ends without a newline
  #endif 
..\APP\Inc\app_cap.h(6): warning:  #1-D: last line of file ends without a newline
  #endif 
..\APP\Inc\app_exit.h(6): warning:  #1-D: last line of file ends without a newline
  #endif 
..\APP\Inc\app_headDone.h(6): warning:  #1-D: last line of file ends without a newline
  #endif 
..\APP\Inc\app_liftMoto.h(6): warning:  #1-D: last line of file ends without a newline
  #endif 
..\APP\Inc\app_pms.h(6): warning:  #1-D: last line of file ends without a newline
  #endif 
..\APP\Inc\app_system.h(75): warning:  #1-D: last line of file ends without a newline
  #endif
..\APP\Inc\app_tim.h(6): warning:  #1-D: last line of file ends without a newline
  #endif
..\APP\Src\app_exit.c: 19 warnings, 0 errors
compiling app_headDone.c...
..\BSP\Inc\bsp_adc.h(38): warning:  #1-D: last line of file ends without a newline
  #endif
..\BSP\Inc\bsp_cap.h(28): warning:  #1-D: last line of file ends without a newline
  #endif
..\BSP\Inc\bsp_gpio.h(319): warning:  #1-D: last line of file ends without a newline
  #endif
..\BSP\Inc\bsp_iic.h(24): warning:  #1-D: last line of file ends without a newline
  #endif
..\BSP\Inc\bsp_pwm.h(38): warning:  #1-D: last line of file ends without a newline
  #endif 
..\BSP\Inc\bsp_rs485.h(19): warning:  #1-D: last line of file ends without a newline
  #endif 
..\BSP\Inc\bsp_usart.h(10): warning:  #1-D: last line of file ends without a newline
  #endif
..\APP\Inc\app_task.h(106): warning:  #1-D: last line of file ends without a newline
  #endif
..\APP\Inc\app_24cxx.h(30): warning:  #1-D: last line of file ends without a newline
  #endif
..\APP\Inc\app_usart.h(28): warning:  #1-D: last line of file ends without a newline
  #endif 
..\APP\Inc\app_analysisCMD.h(12): warning:  #1-D: last line of file ends without a newline
  #endif 
..\APP\Inc\app_autoCharge.h(6): warning:  #1-D: last line of file ends without a newline
  #endif 
..\APP\Inc\app_cap.h(6): warning:  #1-D: last line of file ends without a newline
  #endif 
..\APP\Inc\app_exit.h(6): warning:  #1-D: last line of file ends without a newline
  #endif 
..\APP\Inc\app_headDone.h(6): warning:  #1-D: last line of file ends without a newline
  #endif 
..\APP\Inc\app_liftMoto.h(6): warning:  #1-D: last line of file ends without a newline
  #endif 
..\APP\Inc\app_pms.h(6): warning:  #1-D: last line of file ends without a newline
  #endif 
..\APP\Inc\app_system.h(75): warning:  #1-D: last line of file ends without a newline
  #endif
..\APP\Inc\app_tim.h(6): warning:  #1-D: last line of file ends without a newline
  #endif
..\APP\Src\app_headDone.c: 19 warnings, 0 errors
compiling app_liftMoto.c...
..\BSP\Inc\bsp_adc.h(38): warning:  #1-D: last line of file ends without a newline
  #endif
..\BSP\Inc\bsp_cap.h(28): warning:  #1-D: last line of file ends without a newline
  #endif
..\BSP\Inc\bsp_gpio.h(319): warning:  #1-D: last line of file ends without a newline
  #endif
..\BSP\Inc\bsp_iic.h(24): warning:  #1-D: last line of file ends without a newline
  #endif
..\BSP\Inc\bsp_pwm.h(38): warning:  #1-D: last line of file ends without a newline
  #endif 
..\BSP\Inc\bsp_rs485.h(19): warning:  #1-D: last line of file ends without a newline
  #endif 
..\BSP\Inc\bsp_usart.h(10): warning:  #1-D: last line of file ends without a newline
  #endif
..\APP\Inc\app_task.h(106): warning:  #1-D: last line of file ends without a newline
  #endif
..\APP\Inc\app_24cxx.h(30): warning:  #1-D: last line of file ends without a newline
  #endif
..\APP\Inc\app_usart.h(28): warning:  #1-D: last line of file ends without a newline
  #endif 
..\APP\Inc\app_analysisCMD.h(12): warning:  #1-D: last line of file ends without a newline
  #endif 
..\APP\Inc\app_autoCharge.h(6): warning:  #1-D: last line of file ends without a newline
  #endif 
..\APP\Inc\app_cap.h(6): warning:  #1-D: last line of file ends without a newline
  #endif 
..\APP\Inc\app_exit.h(6): warning:  #1-D: last line of file ends without a newline
  #endif 
..\APP\Inc\app_headDone.h(6): warning:  #1-D: last line of file ends without a newline
  #endif 
..\APP\Inc\app_liftMoto.h(6): warning:  #1-D: last line of file ends without a newline
  #endif 
..\APP\Inc\app_pms.h(6): warning:  #1-D: last line of file ends without a newline
  #endif 
..\APP\Inc\app_system.h(75): warning:  #1-D: last line of file ends without a newline
  #endif
..\APP\Inc\app_tim.h(6): warning:  #1-D: last line of file ends without a newline
  #endif
..\APP\Src\app_liftMoto.c: 19 warnings, 0 errors
compiling app_pms.c...
..\BSP\Inc\bsp_adc.h(38): warning:  #1-D: last line of file ends without a newline
  #endif
..\BSP\Inc\bsp_cap.h(28): warning:  #1-D: last line of file ends without a newline
  #endif
..\BSP\Inc\bsp_gpio.h(319): warning:  #1-D: last line of file ends without a newline
  #endif
..\BSP\Inc\bsp_iic.h(24): warning:  #1-D: last line of file ends without a newline
  #endif
..\BSP\Inc\bsp_pwm.h(38): warning:  #1-D: last line of file ends without a newline
  #endif 
..\BSP\Inc\bsp_rs485.h(19): warning:  #1-D: last line of file ends without a newline
  #endif 
..\BSP\Inc\bsp_usart.h(10): warning:  #1-D: last line of file ends without a newline
  #endif
..\APP\Inc\app_task.h(106): warning:  #1-D: last line of file ends without a newline
  #endif
..\APP\Inc\app_24cxx.h(30): warning:  #1-D: last line of file ends without a newline
  #endif
..\APP\Inc\app_usart.h(28): warning:  #1-D: last line of file ends without a newline
  #endif 
..\APP\Inc\app_analysisCMD.h(12): warning:  #1-D: last line of file ends without a newline
  #endif 
..\APP\Inc\app_autoCharge.h(6): warning:  #1-D: last line of file ends without a newline
  #endif 
..\APP\Inc\app_cap.h(6): warning:  #1-D: last line of file ends without a newline
  #endif 
..\APP\Inc\app_exit.h(6): warning:  #1-D: last line of file ends without a newline
  #endif 
..\APP\Inc\app_headDone.h(6): warning:  #1-D: last line of file ends without a newline
  #endif 
..\APP\Inc\app_liftMoto.h(6): warning:  #1-D: last line of file ends without a newline
  #endif 
..\APP\Inc\app_pms.h(6): warning:  #1-D: last line of file ends without a newline
  #endif 
..\APP\Inc\app_system.h(75): warning:  #1-D: last line of file ends without a newline
  #endif
..\APP\Inc\app_tim.h(6): warning:  #1-D: last line of file ends without a newline
  #endif
..\APP\Src\app_pms.c: 19 warnings, 0 errors
compiling app_system.c...
..\BSP\Inc\bsp_adc.h(38): warning:  #1-D: last line of file ends without a newline
  #endif
..\BSP\Inc\bsp_cap.h(28): warning:  #1-D: last line of file ends without a newline
  #endif
..\BSP\Inc\bsp_gpio.h(319): warning:  #1-D: last line of file ends without a newline
  #endif
..\BSP\Inc\bsp_iic.h(24): warning:  #1-D: last line of file ends without a newline
  #endif
..\BSP\Inc\bsp_pwm.h(38): warning:  #1-D: last line of file ends without a newline
  #endif 
..\BSP\Inc\bsp_rs485.h(19): warning:  #1-D: last line of file ends without a newline
  #endif 
..\BSP\Inc\bsp_usart.h(10): warning:  #1-D: last line of file ends without a newline
  #endif
..\APP\Inc\app_task.h(106): warning:  #1-D: last line of file ends without a newline
  #endif
..\APP\Inc\app_24cxx.h(30): warning:  #1-D: last line of file ends without a newline
  #endif
..\APP\Inc\app_usart.h(28): warning:  #1-D: last line of file ends without a newline
  #endif 
..\APP\Inc\app_analysisCMD.h(12): warning:  #1-D: last line of file ends without a newline
  #endif 
..\APP\Inc\app_autoCharge.h(6): warning:  #1-D: last line of file ends without a newline
  #endif 
..\APP\Inc\app_cap.h(6): warning:  #1-D: last line of file ends without a newline
  #endif 
..\APP\Inc\app_exit.h(6): warning:  #1-D: last line of file ends without a newline
  #endif 
..\APP\Inc\app_headDone.h(6): warning:  #1-D: last line of file ends without a newline
  #endif 
..\APP\Inc\app_liftMoto.h(6): warning:  #1-D: last line of file ends without a newline
  #endif 
..\APP\Inc\app_pms.h(6): warning:  #1-D: last line of file ends without a newline
  #endif 
..\APP\Inc\app_system.h(75): warning:  #1-D: last line of file ends without a newline
  #endif
..\APP\Inc\app_tim.h(6): warning:  #1-D: last line of file ends without a newline
  #endif
..\APP\Src\app_system.c: 19 warnings, 0 errors
compiling app_tim.c...
..\BSP\Inc\bsp_adc.h(38): warning:  #1-D: last line of file ends without a newline
  #endif
..\BSP\Inc\bsp_cap.h(28): warning:  #1-D: last line of file ends without a newline
  #endif
..\BSP\Inc\bsp_gpio.h(319): warning:  #1-D: last line of file ends without a newline
  #endif
..\BSP\Inc\bsp_iic.h(24): warning:  #1-D: last line of file ends without a newline
  #endif
..\BSP\Inc\bsp_pwm.h(38): warning:  #1-D: last line of file ends without a newline
  #endif 
..\BSP\Inc\bsp_rs485.h(19): warning:  #1-D: last line of file ends without a newline
  #endif 
..\BSP\Inc\bsp_usart.h(10): warning:  #1-D: last line of file ends without a newline
  #endif
..\APP\Inc\app_task.h(106): warning:  #1-D: last line of file ends without a newline
  #endif
..\APP\Inc\app_24cxx.h(30): warning:  #1-D: last line of file ends without a newline
  #endif
..\APP\Inc\app_usart.h(28): warning:  #1-D: last line of file ends without a newline
  #endif 
..\APP\Inc\app_analysisCMD.h(12): warning:  #1-D: last line of file ends without a newline
  #endif 
..\APP\Inc\app_autoCharge.h(6): warning:  #1-D: last line of file ends without a newline
  #endif 
..\APP\Inc\app_cap.h(6): warning:  #1-D: last line of file ends without a newline
  #endif 
..\APP\Inc\app_exit.h(6): warning:  #1-D: last line of file ends without a newline
  #endif 
..\APP\Inc\app_headDone.h(6): warning:  #1-D: last line of file ends without a newline
  #endif 
..\APP\Inc\app_liftMoto.h(6): warning:  #1-D: last line of file ends without a newline
  #endif 
..\APP\Inc\app_pms.h(6): warning:  #1-D: last line of file ends without a newline
  #endif 
..\APP\Inc\app_system.h(75): warning:  #1-D: last line of file ends without a newline
  #endif
..\APP\Inc\app_tim.h(6): warning:  #1-D: last line of file ends without a newline
  #endif
..\APP\Src\app_tim.c(29): warning:  #1-D: last line of file ends without a newline
  }
..\APP\Src\app_tim.c: 20 warnings, 0 errors
compiling stm32f4xx_it.c...
compiling main.c...
..\BSP\Inc\bsp_adc.h(38): warning:  #1-D: last line of file ends without a newline
  #endif
..\BSP\Inc\bsp_cap.h(28): warning:  #1-D: last line of file ends without a newline
  #endif
..\BSP\Inc\bsp_gpio.h(319): warning:  #1-D: last line of file ends without a newline
  #endif
..\BSP\Inc\bsp_iic.h(24): warning:  #1-D: last line of file ends without a newline
  #endif
..\BSP\Inc\bsp_pwm.h(38): warning:  #1-D: last line of file ends without a newline
  #endif 
..\BSP\Inc\bsp_rs485.h(19): warning:  #1-D: last line of file ends without a newline
  #endif 
..\BSP\Inc\bsp_usart.h(10): warning:  #1-D: last line of file ends without a newline
  #endif
..\APP\Inc\app_task.h(106): warning:  #1-D: last line of file ends without a newline
  #endif
..\APP\Inc\app_24cxx.h(30): warning:  #1-D: last line of file ends without a newline
  #endif
..\APP\Inc\app_usart.h(28): warning:  #1-D: last line of file ends without a newline
  #endif 
..\APP\Inc\app_analysisCMD.h(12): warning:  #1-D: last line of file ends without a newline
  #endif 
..\APP\Inc\app_autoCharge.h(6): warning:  #1-D: last line of file ends without a newline
  #endif 
..\APP\Inc\app_cap.h(6): warning:  #1-D: last line of file ends without a newline
  #endif 
..\APP\Inc\app_exit.h(6): warning:  #1-D: last line of file ends without a newline
  #endif 
..\APP\Inc\app_headDone.h(6): warning:  #1-D: last line of file ends without a newline
  #endif 
..\APP\Inc\app_liftMoto.h(6): warning:  #1-D: last line of file ends without a newline
  #endif 
..\APP\Inc\app_pms.h(6): warning:  #1-D: last line of file ends without a newline
  #endif 
..\APP\Inc\app_system.h(75): warning:  #1-D: last line of file ends without a newline
  #endif
..\APP\Inc\app_tim.h(6): warning:  #1-D: last line of file ends without a newline
  #endif
main.c: 19 warnings, 0 errors
compiling system_stm32f4xx.c...
assembling startup_stm32f40_41xxx.s...
compiling delay.c...
compiling sys.c...
compiling usart.c...
compiling malloc.c...
compiling stm32f4xx_adc.c...
compiling stm32f4xx_dac.c...
compiling stm32f4xx_dma.c...
compiling stm32f4xx_exti.c...
compiling stm32f4xx_gpio.c...
compiling stm32f4xx_i2c.c...
compiling stm32f4xx_iwdg.c...
compiling stm32f4xx_spi.c...
compiling stm32f4xx_usart.c...
compiling stm32f4xx_tim.c...
compiling stm32f4xx_syscfg.c...
compiling stm32f4xx_pwr.c...
compiling misc.c...
compiling list.c...
compiling croutine.c...
compiling stm32f4xx_rcc.c...
compiling event_groups.c...
compiling stm32f4xx_rtc.c...
compiling queue.c...
compiling tasks.c...
compiling timers.c...
compiling port.c...
compiling heap_4.c...
linking...
Program Size: Code=16752 RO-data=460 RW-data=256 ZI-data=1187440  
FromELF: creating hex file...
"..\OBJ\LED.axf" - 0 Error(s), 429 Warning(s).

<h2>Software Packages used:</h2>

Package Vendor: Keil
                http://www.keil.com/pack/Keil.STM32F4xx_DFP.2.16.0.pack
                Keil.STM32F4xx_DFP.2.16.0
                STMicroelectronics STM32F4 Series Device Support, Drivers and Examples

<h2>Collection of Component include folders:</h2>
  D:/Arm/Packs/Keil/STM32F4xx_DFP/2.16.0/Drivers/CMSIS/Device/ST/STM32F4xx/Include

<h2>Collection of Component Files used:</h2>
Build Time Elapsed:  00:00:12
</pre>
</body>
</html>
